Component: ARM Compiler 5.06 update 6 (build 750) Tool: armlink [4d35ed]

==============================================================================

Section Cross References

    main.o(.text) refers to delay.o(.text) for delay_init
    main.o(.text) refers to oled.o(.text) for OLED_Init
    main.o(.text) refers to misc.o(.text) for NVIC_PriorityGroupConfig
    main.o(.text) refers to rtc.o(.text) for RTC_Init
    main.o(.text) refers to dht11.o(.text) for DHT11_Init
    main.o(.text) refers to key.o(.text) for KEY_IO_Init
    main.o(.text) refers to usart3.o(.text) for USART3_Init
    main.o(.text) refers to exit.o(.text) for EXTIX_Init
    main.o(.text) refers to display.o(.text) for Dis_PowerOn
    main.o(.text) refers to esp8266.o(.text) for ESP8266_QueryWifi
    main.o(.text) refers to display.o(.data) for humidity
    main.o(.text) refers to main.o(.data) for delayi
    main.o(.text) refers to esp8266.o(.data) for g_8266State
    main.o(.text) refers to rtc.o(.bss) for calendar
    system_stm32f10x.o(.text) refers to system_stm32f10x.o(.data) for SystemCoreClock
    test.o(.text) refers to gui.o(.text) for GUI_ShowString
    test.o(.text) refers to delay.o(.text) for delay_ms
    test.o(.text) refers to oled.o(.text) for OLED_Clear
    test.o(.text) refers to test.o(.data) for bili_Logo_0
    test.o(.text) refers to rtc.o(.bss) for calendar
    test.o(.text) refers to esp8266.o(.data) for g_8266State
    test.o(.text) refers to test.o(.bss) for bmp_clear
    test.o(.text) refers to rand.o(.text) for srand
    test.o(.text) refers to rand.o(.emb_text) for rand
    gui.o(.text) refers to oled.o(.text) for OLED_Set_Pixel
    gui.o(.text) refers to gui.o(.constdata) for F24X34
    oled.o(.text) refers to stm32f10x_gpio.o(.text) for GPIO_SetBits
    oled.o(.text) refers to spi.o(.text) for SPI_WriteByte
    oled.o(.text) refers to aeabi_memset.o(.text) for __aeabi_memset
    oled.o(.text) refers to rt_memclr.o(.text) for __aeabi_memclr
    oled.o(.text) refers to delay.o(.text) for delay_ms
    oled.o(.text) refers to stm32f10x_rcc.o(.text) for RCC_APB2PeriphClockCmd
    oled.o(.text) refers to oled.o(.bss) for OLED_buffer
    spi.o(.text) refers to stm32f10x_gpio.o(.text) for GPIO_SetBits
    dht11.o(.text) refers to delay.o(.text) for delay_ms
    dht11.o(.text) refers to stm32f10x_rcc.o(.text) for RCC_APB2PeriphClockCmd
    dht11.o(.text) refers to stm32f10x_gpio.o(.text) for GPIO_Init
    key.o(.text) refers to stm32f10x_rcc.o(.text) for RCC_APB2PeriphClockCmd
    key.o(.text) refers to stm32f10x_gpio.o(.text) for GPIO_Init
    key.o(.text) refers to delay.o(.text) for delay_ms
    exit.o(.text) refers to stm32f10x_exti.o(.text) for EXTI_GetITStatus
    exit.o(.text) refers to delay.o(.text) for delay_ms
    exit.o(.text) refers to key.o(.text) for EC11_scan
    exit.o(.text) refers to stm32f10x_rcc.o(.text) for RCC_APB2PeriphClockCmd
    exit.o(.text) refers to stm32f10x_gpio.o(.text) for GPIO_EXTILineConfig
    exit.o(.text) refers to misc.o(.text) for NVIC_Init
    exit.o(.text) refers to display.o(.data) for g_SetWifi_Cursor
    exit.o(.text) refers to esp8266.o(.data) for g_Wifi
    rtc.o(.text) refers to misc.o(.text) for NVIC_Init
    rtc.o(.text) refers to stm32f10x_rtc.o(.text) for RTC_GetCounter
    rtc.o(.text) refers to stm32f10x_rcc.o(.text) for RCC_APB1PeriphClockCmd
    rtc.o(.text) refers to stm32f10x_pwr.o(.text) for PWR_BackupAccessCmd
    rtc.o(.text) refers to stm32f10x_bkp.o(.text) for BKP_ReadBackupRegister
    rtc.o(.text) refers to delay.o(.text) for delay_ms
    rtc.o(.text) refers to rtc.o(.constdata) for table_week
    rtc.o(.text) refers to rtc.o(.data) for daycnt
    rtc.o(.text) refers to rtc.o(.bss) for calendar
    esp8266.o(.text) refers to _printf_percent.o(.ARM.Collect$$_printf_percent$$00000000) for _printf_percent
    esp8266.o(.text) refers to _printf_s.o(.ARM.Collect$$_printf_percent$$00000014) for _printf_s
    esp8266.o(.text) refers to _printf_str.o(.text) for _printf_str
    esp8266.o(.text) refers to usart3.o(.text) for UartxSendAT
    esp8266.o(.text) refers to noretval__2snprintf.o(.text) for __2snprintf
    esp8266.o(.text) refers to rt_memclr_w.o(.text) for __aeabi_memclr4
    esp8266.o(.text) refers to delay.o(.text) for delay_ms
    esp8266.o(.text) refers to strstr.o(.text) for strstr
    esp8266.o(.text) refers to clibrary.o(.text) for FindStrPos
    esp8266.o(.text) refers to rt_memcpy_v6.o(.text) for __aeabi_memcpy
    esp8266.o(.text) refers to rtc.o(.text) for RTC_Set
    esp8266.o(.text) refers to usart3.o(.bss) for g_USART3_RxData
    esp8266.o(.text) refers to esp8266.o(.data) for g_Wifi
    esp8266.o(.text) refers to esp8266.o(.conststring) for .conststring
    esp8266.o(.data) refers to esp8266.o(.conststring) for .conststring
    usart3.o(.text) refers to stm32f10x_usart.o(.text) for USART_GetITStatus
    usart3.o(.text) refers to stm32f10x_rcc.o(.text) for RCC_APB2PeriphClockCmd
[...]
    ..\Logic\CLibrary\CLibrary.c             0x00000000   Number         0  clibrary.o ABSOLUTE
    ..\Logic\Display\display.c               0x00000000   Number         0  display.o ABSOLUTE
    ..\STM32F10x_FWLib\src\misc.c            0x00000000   Number         0  misc.o ABSOLUTE
    ..\STM32F10x_FWLib\src\stm32f10x_bkp.c   0x00000000   Number         0  stm32f10x_bkp.o ABSOLUTE
    ..\STM32F10x_FWLib\src\stm32f10x_exti.c  0x00000000   Number         0  stm32f10x_exti.o ABSOLUTE
    ..\STM32F10x_FWLib\src\stm32f10x_gpio.c  0x00000000   Number         0  stm32f10x_gpio.o ABSOLUTE
    ..\STM32F10x_FWLib\src\stm32f10x_pwr.c   0x00000000   Number         0  stm32f10x_pwr.o ABSOLUTE
    ..\STM32F10x_FWLib\src\stm32f10x_rcc.c   0x00000000   Number         0  stm32f10x_rcc.o ABSOLUTE
    ..\STM32F10x_FWLib\src\stm32f10x_rtc.c   0x00000000   Number         0  stm32f10x_rtc.o ABSOLUTE
    ..\STM32F10x_FWLib\src\stm32f10x_spi.c   0x00000000   Number         0  stm32f10x_spi.o ABSOLUTE
    ..\STM32F10x_FWLib\src\stm32f10x_usart.c 0x00000000   Number         0  stm32f10x_usart.o ABSOLUTE
    ..\SYSTEM\delay\delay.c                  0x00000000   Number         0  delay.o ABSOLUTE
    ..\SYSTEM\sys\sys.c                      0x00000000   Number         0  sys.o ABSOLUTE
    ..\SYSTEM\usart\usart.c                  0x00000000   Number         0  usart.o ABSOLUTE
    ..\USER\gui.c                            0x00000000   Number         0  gui.o ABSOLUTE
    ..\USER\main.c                           0x00000000   Number         0  main.o ABSOLUTE
    ..\USER\stm32f10x_it.c                   0x00000000   Number         0  stm32f10x_it.o ABSOLUTE
    ..\USER\system_stm32f10x.c               0x00000000   Number         0  system_stm32f10x.o ABSOLUTE
    ..\USER\test.c                           0x00000000   Number         0  test.o ABSOLUTE
    ..\\CORE\\core_cm3.c                     0x00000000   Number         0  core_cm3.o ABSOLUTE
    dc.s                                     0x00000000   Number         0  dc.o ABSOLUTE
    RESET                                    0x08000000   Section      236  startup_stm32f10x_md.o(RESET)
    !!!main                                  0x080000ec   Section        8  __main.o(!!!main)
    !!!scatter                               0x080000f4   Section       52  __scatter.o(!!!scatter)
    !!dclz77c                                0x08000128   Section      100  __dclz77c.o(!!dclz77c)
    !!handler_zi                             0x0800018c   Section       28  __scatter_zi.o(!!handler_zi)
    .ARM.Collect$$_printf_percent$$00000000  0x080001a8   Section        0  _printf_percent.o(.ARM.Collect$$_printf_percent$$00000000)
    .ARM.Collect$$_printf_percent$$00000014  0x080001a8   Section        6  _printf_s.o(.ARM.Collect$$_printf_percent$$00000014)
    .ARM.Collect$$_printf_percent$$00000017  0x080001ae   Section        4  _printf_percent_end.o(.ARM.Collect$$_printf_percent$$00000017)
    .ARM.Collect$$libinit$$00000000          0x080001b2   Section        2  libinit.o(.ARM.Collect$$libinit$$00000000)
    .ARM.Collect$$libinit$$00000002          0x080001b4   Section        0  libinit2.o(.ARM.Collect$$libinit$$00000002)
    .ARM.Collect$$libinit$$00000004          0x080001b4   Section        0  libinit2.o(.ARM.Collect$$libinit$$00000004)
    .ARM.Collect$$libinit$$0000000A          0x080001b4   Section        0  libinit2.o(.ARM.Collect$$libinit$$0000000A)
    .ARM.Collect$$libinit$$0000000C          0x080001b4   Section        0  libinit2.o(.ARM.Collect$$libinit$$0000000C)
    .ARM.Collect$$libinit$$0000000D          0x080001b4   Section        4  libinit2.o(.ARM.Collect$$libinit$$0000000D)
    .ARM.Collect$$libinit$$0000000E          0x080001b8   Section        0  libinit2.o(.ARM.Collect$$libinit$$0000000E)
    .ARM.Collect$$libinit$$00000011          0x080001b8   Section        0  libinit2.o(.ARM.Collect$$libinit$$00000011)
    .ARM.Collect$$libinit$$00000013          0x080001b8   Section        0  libinit2.o(.ARM.Collect$$libinit$$00000013)
    .ARM.Collect$$libinit$$00000015          0x080001b8   Section        0  libinit2.o(.ARM.Collect$$libinit$$00000015)
    .ARM.Collect$$libinit$$00000017          0x080001b8   Section        0  libinit2.o(.ARM.Collect$$libinit$$00000017)
    .ARM.Collect$$libinit$$00000019          0x080001b8   Section        0  libinit2.o(.ARM.Collect$$libinit$$00000019)
    .ARM.Collect$$libinit$$0000001B          0x080001b8   Section        0  libinit2.o(.ARM.Collect$$libinit$$0000001B)
    .ARM.Collect$$libinit$$0000001D          0x080001b8   Section        0  libinit2.o(.ARM.Collect$$libinit$$0000001D)
    .ARM.Collect$$libinit$$0000001F          0x080001b8   Section        0  libinit2.o(.ARM.Collect$$libinit$$0000001F)
    .ARM.Collect$$libinit$$00000021          0x080001b8   Section        0  libinit2.o(.ARM.Collect$$libinit$$00000021)
    .ARM.Collect$$libinit$$00000023          0x080001b8   Section        0  libinit2.o(.ARM.Collect$$libinit$$00000023)
    .ARM.Collect$$libinit$$00000025          0x080001b8   Section        0  libinit2.o(.ARM.Collect$$libinit$$00000025)
    .ARM.Collect$$libinit$$0000002C          0x080001b8   Section        0  libinit2.o(.ARM.Collect$$libinit$$0000002C)
    .ARM.Collect$$libinit$$0000002E          0x080001b8   Section        0  libinit2.o(.ARM.Collect$$libinit$$0000002E)
    .ARM.Collect$$libinit$$00000030          0x080001b8   Section        0  libinit2.o(.ARM.Collect$$libinit$$00000030)
    .ARM.Collect$$libinit$$00000032          0x080001b8   Section        0  libinit2.o(.ARM.Collect$$libinit$$00000032)
    .ARM.Collect$$libinit$$00000033          0x080001b8   Section        2  libinit2.o(.ARM.Collect$$libinit$$00000033)
    .ARM.Collect$$libshutdown$$00000000      0x080001ba   Section        2  libshutdown.o(.ARM.Collect$$libshutdown$$00000000)
    .ARM.Collect$$libshutdown$$00000002      0x080001bc   Section        0  libshutdown2.o(.ARM.Collect$$libshutdown$$00000002)
    .ARM.Collect$$libshutdown$$00000004      0x080001bc   Section        0  libshutdown2.o(.ARM.Collect$$libshutdown$$00000004)
    .ARM.Collect$$libshutdown$$00000007      0x080001bc   Section        0  libshutdown2.o(.ARM.Collect$$libshutdown$$00000007)
    .ARM.Collect$$libshutdown$$0000000A      0x080001bc   Section        0  libshutdown2.o(.ARM.Collect$$libshutdown$$0000000A)
    .ARM.Collect$$libshutdown$$0000000C      0x080001bc   Section        0  libshutdown2.o(.ARM.Collect$$libshutdown$$0000000C)
    .ARM.Collect$$libshutdown$$0000000F      0x080001bc   Section        0  libshutdown2.o(.ARM.Collect$$libshutdown$$0000000F)
    .ARM.Collect$$libshutdown$$00000010      0x080001bc   Section        2  libshutdown2.o(.ARM.Collect$$libshutdown$$00000010)
    .ARM.Collect$$rtentry$$00000000          0x080001be   Section        0  __rtentry.o(.ARM.Collect$$rtentry$$00000000)
    .ARM.Collect$$rtentry$$00000002          0x080001be   Section        0  __rtentry2.o(.ARM.Collect$$rtentry$$00000002)
    .ARM.Collect$$rtentry$$00000004          0x080001be   Section        6  __rtentry4.o(.ARM.Collect$$rtentry$$00000004)
    .ARM.Collect$$rtentry$$00000009          0x080001c4   Section        0  __rtentry2.o(.ARM.Collect$$rtentry$$00000009)
    .ARM.Collect$$rtentry$$0000000A          0x080001c4   Section        4  __rtentry2.o(.ARM.Collect$$rtentry$$0000000A)
    .ARM.Collect$$rtentry$$0000000C          0x080001c8   Section        0  __rtentry2.o(.ARM.Collect$$rtentry$$0000000C)
    .ARM.Collect$$rtentry$$0000000D          0x080001c8   Section        8  __rtentry2.o(.ARM.Collect$$rtentry$$0000000D)
    .ARM.Collect$$rtexit$$00000000           0x080001d0   Section        2  rtexit.o(.ARM.Collect$$rtexit$$00000000)
    .ARM.Collect$$rtexit$$00000002           0x080001d2   Section        0  rtexit2.o(.ARM.Collect$$rtexit$$00000002)
    .ARM.Collect$$rtexit$$00000003           0x080001d2   Section        4  rtexit2.o(.ARM.Collect$$rtexit$$00000003)
    .ARM.Collect$$rtexit$$00000004           0x080001d6   Section        6  rtexit2.o(.ARM.Collect$$rtexit$$00000004)
    .emb_text                                0x080001dc   Section       52  rand.o(.emb_text)
    .text                                    0x08000210   Section        0  main.o(.text)
    .text                                    0x0800030c   Section        0  stm32f10x_it.o(.text)
    .text                                    0x08000328   Section        0  system_stm32f10x.o(.text)
    SetSysClockTo72                          0x08000329   Thumb Code   214  system_stm32f10x.o(.text)
    SetSysClock                              0x080003ff   Thumb Code     8  system_stm32f10x.o(.text)
    .text                                    0x08000508   Section        0  test.o(.text)
    .text                                    0x08001208   Section        0  gui.o(.text)
    _draw_circle_8                           0x0800138d   Thumb Code   132  gui.o(.text)
    _swap                                    0x08001503   Thumb Code    10  gui.o(.text)
    _draw_h_line                             0x0800150d   Thumb Code    40  gui.o(.text)
    mypow                                    0x0800195f   Thumb Code    22  gui.o(.text)
    .text                                    0x08001e2c   Section        0  oled.o(.text)
    .text                                    0x080020e8   Section        0  spi.o(.text)
    .text                                    0x0800212c   Section        0  dht11.o(.text)
    .text                                    0x080022c4   Section        0  key.o(.text)
    .text                                    0x08002354   Section        0  exit.o(.text)
    .text                                    0x08002448   Section        0  rtc.o(.text)
    RTC_NVIC_Config                          0x08002449   Thumb Code    32  rtc.o(.text)
    .text                                    0x0800286c   Section        0  esp8266.o(.text)
    .text                                    0x08002d38   Section        0  usart3.o(.text)
    .text                                    0x08002f38   Section        0  delay.o(.text)
    .text                                    0x0800300c   Section        0  usart.o(.text)
    .text                                    0x0800314c   Section       64  startup_stm32f10x_md.o(.text)
    .text                                    0x0800318c   Section        0  misc.o(.text)
    .text                                    0x08003268   Section        0  stm32f10x_gpio.o(.text)
    .text                                    0x080035c4   Section        0  stm32f10x_rcc.o(.text)
    .text                                    0x08003968   Section        0  stm32f10x_exti.o(.text)
    .text                                    0x08003a84   Section        0  stm32f10x_rtc.o(.text)
    .text                                    0x08003bcc   Section        0  stm32f10x_usart.o(.text)
    .text                                    0x08003fd4   Section        0  stm32f10x_bkp.o(.text)
    .text                                    0x08004098   Section        0  stm32f10x_pwr.o(.text)
    .text                                    0x08004164   Section        0  clibrary.o(.text)
    .text                                    0x080042b8   Section        0  display.o(.text)
    .text                                    0x080044e4   Section        2  use_no_semi_2.o(.text)
    .text                                    0x080044e8   Section        0  noretval__2snprintf.o(.text)
    .text                                    0x0800451c   Section        0  __printf.o(.text)
    .text                                    0x08004584   Section        0  _printf_str.o(.text)
    .text                                    0x080045d8   Section        0  rand.o(.text)
    .text                                    0x08004614   Section        0  strstr.o(.text)
    .text                                    0x08004638   Section        0  memcmp.o(.text)
    .text                                    0x08004690   Section        0  strlen.o(.text)
    .text                                    0x080046ce   Section      138  rt_memcpy_v6.o(.text)
    .text                                    0x08004758   Section      100  rt_memcpy_w.o(.text)
    .text                                    0x080047bc   Section       16  aeabi_memset.o(.text)
    .text                                    0x080047cc   Section       68  rt_memclr.o(.text)
    .text                                    0x08004810   Section       78  rt_memclr_w.o(.text)
    .text                                    0x0800485e   Section        0  heapauxi.o(.text)
    .text                                    0x08004864   Section        2  use_no_semi.o(.text)
    .text                                    0x08004866   Section        0  _rserrno.o(.text)
    .text                                    0x0800487c   Section        0  _printf_char_common.o(.text)
    _printf_input_char                       0x0800487d   Thumb Code    10  _printf_char_common.o(.text)
    .text                                    0x080048ac   Section        0  _sputc.o(.text)
    .text                                    0x080048b6   Section        0  _snputc.o(.text)
    .text                                    0x080048c6   Section        0  _printf_char.o(.text)
    .text                                    0x080048f4   Section        8  rt_errno_addr_intlibspace.o(.text)
    .text                                    0x080048fc   Section        8  libspace.o(.text)
    .text                                    0x08004904   Section       74  sys_stackheap_outer.o(.text)
    .text                                    0x0800494e   Section        0  exit.o(.text)
    i.__kernel_poly                          0x08004960   Section        0  poly.o(i.__kernel_poly)
    i.__mathlib_dbl_divzero                  0x08004a0c   Section        0  dunder.o(i.__mathlib_dbl_divzero)
    i.__mathlib_dbl_infnan                   0x08004a1c   Section        0  dunder.o(i.__mathlib_dbl_infnan)
    i.__mathlib_dbl_invalid                  0x08004a22   Section        0  dunder.o(i.__mathlib_dbl_invalid)
    i.log                                    0x08004a30   Section        0  log.o(i.log)
    i.log10                                  0x08004d8c   Section        0  log10.o(i.log10)
    x$fpl$dadd                               0x08004e70   Section      336  daddsub_clz.o(x$fpl$dadd)
    _dadd1                                   0x08004e81   Thumb Code     0  daddsub_clz.o(x$fpl$dadd)
    x$fpl$dcheck1                            0x08004fc0   Section       16  dcheck1.o(x$fpl$dcheck1)
    x$fpl$dcmpinf                            0x08004fd0   Section       24  dcmpi.o(x$fpl$dcmpinf)
    x$fpl$ddiv                               0x08004fe8   Section      688  ddiv.o(x$fpl$ddiv)
    ddiv_entry                               0x08004fef   Thumb Code     0  ddiv.o(x$fpl$ddiv)
    x$fpl$deqf                               0x08005298   Section      120  deqf.o(x$fpl$deqf)
    x$fpl$dfixu                              0x08005310   Section       90  dfixu.o(x$fpl$dfixu)
    x$fpl$dflt                               0x0800536a   Section       46  dflt_clz.o(x$fpl$dflt)
    x$fpl$dfltu                              0x08005398   Section       38  dflt_clz.o(x$fpl$dfltu)
    x$fpl$dmul                               0x080053c0   Section      340  dmul.o(x$fpl$dmul)
    x$fpl$dnaninf                            0x08005514   Section      156  dnaninf.o(x$fpl$dnaninf)
    x$fpl$dretinf                            0x080055b0   Section       12  dretinf.o(x$fpl$dretinf)
    x$fpl$drsb                               0x080055bc   Section       22  daddsub_clz.o(x$fpl$drsb)
    x$fpl$dsub                               0x080055d4   Section      468  daddsub_clz.o(x$fpl$dsub)
    _dsub1                                   0x080055e5   Thumb Code     0  daddsub_clz.o(x$fpl$dsub)
    x$fpl$retnan                             0x080057a8   Section      100  retnan.o(x$fpl$retnan)
    x$fpl$scalbn                             0x0800580c   Section       92  scalbn.o(x$fpl$scalbn)
    x$fpl$trapveneer                         0x08005868   Section       48  trapv.o(x$fpl$trapveneer)
    .constdata                               0x08005898   Section     4966  gui.o(.constdata)
    x$fpl$usenofp                            0x08005898   Section        0  usenofp.o(x$fpl$usenofp)
    .constdata                               0x08006bfe   Section       24  rtc.o(.constdata)
    .constdata                               0x08006c18   Section      118  clibrary.o(.constdata)
    .constdata                               0x08006c90   Section       56  log.o(.constdata)
    Lg2                                      0x08006c90   Data          24  log.o(.constdata)
    Lg                                       0x08006ca8   Data          32  log.o(.constdata)
    .constdata                               0x08006cc8   Section        8  qnan.o(.constdata)
    .conststring                             0x08006cd0   Section      134  esp8266.o(.conststring)
    .conststring                             0x08006d58   Section      105  clibrary.o(.conststring)
    .data                                    0x20000000   Section        3  main.o(.data)
    .data                                    0x20000004   Section       20  system_stm32f10x.o(.data)
    .data                                    0x20000018   Section     5328  test.o(.data)
    .data                                    0x200014e8   Section        2  rtc.o(.data)
    daycnt                                   0x200014e8   Data           2  rtc.o(.data)
    .data                                    0x200014ec   Section       36  esp8266.o(.data)
    .data                                    0x20001510   Section        4  delay.o(.data)
    fac_us                                   0x20001510   Data           1  delay.o(.data)
    fac_ms                                   0x20001512   Data           2  delay.o(.data)
    .data                                    0x20001514   Section        6  usart.o(.data)
    .data                                    0x2000151a   Section       20  stm32f10x_rcc.o(.data)
    APBAHBPrescTable                         0x2000151a   Data          16  stm32f10x_rcc.o(.data)
    ADCPrescTable                            0x2000152a   Data           4  stm32f10x_rcc.o(.data)
    .data                                    0x2000152e   Section       14  display.o(.data)
    s_Cursor_position                        0x2000153b   Data           1  display.o(.data)
    .bss                                     0x2000153c   Section       64  test.o(.bss)
    .bss                                     0x2000157c   Section     1024  oled.o(.bss)
    OLED_buffer                              0x2000157c   Data        1024  oled.o(.bss)
    .bss                                     0x2000197c   Section       10  rtc.o(.bss)
    .bss                                     0x20001986   Section      304  usart3.o(.bss)
    .bss                                     0x20001ab6   Section      200  usart.o(.bss)
    .bss                                     0x20001b80   Section      228  rand.o(.bss)
    .bss                                     0x20001c64   Section       96  libspace.o(.bss)
    HEAP                                     0x20001cc8   Section      512  startup_stm32f10x_md.o(HEAP)
    Heap_Mem                                 0x20001cc8   Data         512  startup_stm32f10x_md.o(HEAP)
    STACK                                    0x20001ec8   Section     1024  startup_stm32f10x_md.o(STACK)
    Stack_Mem                                0x20001ec8   Data        1024  startup_stm32f10x_md.o(STACK)
    __initial_sp                             0x200022c8   Data           0  startup_stm32f10x_md.o(STACK)

    Global Symbols

    Symbol Name                              Value     Ov Type        Size  Object(Section)

    BuildAttributes$$THM_ISAv4$P$D$K$B$S$PE$A:L22UL41UL21$X:L11$S22US41US21$IEEE1$IW$USESV6$~STKCKD$USESV7$~SHL$OTIME$ROPI$IEEEX$EBA8$UX$STANDARDLIB$REQ8$PRES8$EABIv2 0x00000000   Number         0  anon$$obj.o ABSOLUTE
    __ARM_use_no_argv                        0x00000000   Number         0  main.o ABSOLUTE
    __ARM_exceptions_init                     - Undefined Weak Reference
    __alloca_initialize                       - Undefined Weak Reference
    __arm_preinit_                            - Undefined Weak Reference
    __cpp_initialize__aeabi_                  - Undefined Weak Reference
    __cxa_finalize                            - Undefined Weak Reference
    __rt_locale                               - Undefined Weak Reference
    __sigvec_lookup                           - Undefined Weak Reference
    _atexit_init                              - Undefined Weak Reference
    _call_atexit_fns                          - Undefined Weak Reference
    _clock_init                               - Undefined Weak Reference
    _fp_trap_init                             - Undefined Weak Reference
    _fp_trap_shutdown                         - Undefined Weak Reference
    _get_lc_collate                           - Undefined Weak Reference
    _get_lc_ctype                             - Undefined Weak Reference
    _get_lc_monetary                          - Undefined Weak Reference
    _get_lc_numeric                           - Undefined Weak Reference
    _get_lc_time                              - Undefined Weak Reference
    _getenv_init                              - Undefined Weak Reference
    _handle_redirection                       - Undefined Weak Reference
    _init_alloc                               - Undefined Weak Reference
    _init_user_alloc                          - Undefined Weak Reference
    _initio                                   - Undefined Weak Reference
    _printf_mbtowc                            - Undefined Weak Reference
    _printf_post_padding                      - Undefined Weak Reference
    _printf_pre_padding                       - Undefined Weak Reference
    _signal_finish                            - Undefined Weak Reference
    _signal_init                              - Undefined Weak Reference
    _terminate_alloc                          - Undefined Weak Reference
    _terminate_user_alloc                     - Undefined Weak Reference
    _terminateio                              - Undefined Weak Reference
    __Vectors_Size                           0x000000ec   Number         0  startup_stm32f10x_md.o ABSOLUTE
    __Vectors                                0x08000000   Data           4  startup_stm32f10x_md.o(RESET)
    __Vectors_End                            0x080000ec   Data           0  startup_stm32f10x_md.o(RESET)
    __main                                   0x080000ed   Thumb Code     8  __main.o(!!!main)
    __scatterload                            0x080000f5   Thumb Code     0  __scatter.o(!!!scatter)
    __scatterload_rt2                        0x080000f5   Thumb Code    44  __scatter.o(!!!scatter)
    __scatterload_rt2_thumb_only             0x080000f5   Thumb Code     0  __scatter.o(!!!scatter)
    __scatterload_null                       0x08000103   Thumb Code     0  __scatter.o(!!!scatter)
    __decompress                             0x08000129   Thumb Code   100  __dclz77c.o(!!dclz77c)
    __decompress2                            0x08000129   Thumb Code     0  __dclz77c.o(!!dclz77c)
    __scatterload_zeroinit                   0x0800018d   Thumb Code    28  __scatter_zi.o(!!handler_zi)
    _printf_percent                          0x080001a9   Thumb Code     0  _printf_percent.o(.ARM.Collect$$_printf_percent$$00000000)
    _printf_s                                0x080001a9   Thumb Code     0  _printf_s.o(.ARM.Collect$$_printf_percent$$00000014)
    _printf_percent_end                      0x080001af   Thumb Code     0  _printf_percent_end.o(.ARM.Collect$$_printf_percent$$00000017)
    __rt_lib_init                            0x080001b3   Thumb Code     0  libinit.o(.ARM.Collect$$libinit$$00000000)
    __rt_lib_init_fp_1                       0x080001b5   Thumb Code     0  libinit2.o(.ARM.Collect$$libinit$$00000002)
    __rt_lib_init_heap_1                     0x080001b5   Thumb Code     0  libinit2.o(.ARM.Collect$$libinit$$0000000A)
    __rt_lib_init_preinit_1                  0x080001b5   Thumb Code     0  libinit2.o(.ARM.Collect$$libinit$$00000004)
    __rt_lib_init_rand_2                     0x080001b5   Thumb Code     0  libinit2.o(.ARM.Collect$$libinit$$0000000D)
    __rt_lib_init_user_alloc_1               0x080001b5   Thumb Code     0  libinit2.o(.ARM.Collect$$libinit$$0000000C)
    __rt_lib_init_alloca_1                   0x080001b9   Thumb Code     0  libinit2.o(.ARM.Collect$$libinit$$0000002E)
    __rt_lib_init_argv_1                     0x080001b9   Thumb Code     0  libinit2.o(.ARM.Collect$$libinit$$0000002C)
    __rt_lib_init_atexit_1                   0x080001b9   Thumb Code     0  libinit2.o(.ARM.Collect$$libinit$$0000001B)
    __rt_lib_init_clock_1                    0x080001b9   Thumb Code     0  libinit2.o(.ARM.Collect$$libinit$$00000021)
    __rt_lib_init_cpp_1                      0x080001b9   Thumb Code     0  libinit2.o(.ARM.Collect$$libinit$$00000032)
    __rt_lib_init_exceptions_1               0x080001b9   Thumb Code     0  libinit2.o(.ARM.Collect$$libinit$$00000030)
    __rt_lib_init_fp_trap_1                  0x080001b9   Thumb Code     0  libinit2.o(.ARM.Collect$$libinit$$0000001F)
    __rt_lib_init_getenv_1                   0x080001b9   Thumb Code     0  libinit2.o(.ARM.Collect$$libinit$$00000023)
    __rt_lib_init_lc_collate_1               0x080001b9   Thumb Code     0  libinit2.o(.ARM.Collect$$libinit$$00000011)
    __rt_lib_init_lc_ctype_1                 0x080001b9   Thumb Code     0  libinit2.o(.ARM.Collect$$libinit$$00000013)
    __rt_lib_init_lc_monetary_1              0x080001b9   Thumb Code     0  libinit2.o(.ARM.Collect$$libinit$$00000015)
    __rt_lib_init_lc_numeric_1               0x080001b9   Thumb Code     0  libinit2.o(.ARM.Collect$$libinit$$00000017)
    __rt_lib_init_lc_time_1                  0x080001b9   Thumb Code     0  libinit2.o(.ARM.Collect$$libinit$$00000019)
    __rt_lib_init_rand_1                     0x080001b9   Thumb Code     0  libinit2.o(.ARM.Collect$$libinit$$0000000E)
    __rt_lib_init_return                     0x080001b9   Thumb Code     0  libinit2.o(.ARM.Collect$$libinit$$00000033)
    __rt_lib_init_signal_1                   0x080001b9   Thumb Code     0  libinit2.o(.ARM.Collect$$libinit$$0000001D)
    __rt_lib_init_stdio_1                    0x080001b9   Thumb Code     0  libinit2.o(.ARM.Collect$$libinit$$00000025)
    __rt_lib_shutdown                        0x080001bb   Thumb Code     0  libshutdown.o(.ARM.Collect$$libshutdown$$00000000)
    __rt_lib_shutdown_cpp_1                  0x080001bd   Thumb Code     0  libshutdown2.o(.ARM.Collect$$libshutdown$$00000002)
    __rt_lib_shutdown_fp_trap_1              0x080001bd   Thumb Code     0  libshutdown2.o(.ARM.Collect$$libshutdown$$00000007)
    __rt_lib_shutdown_heap_1                 0x080001bd   Thumb Code     0  libshutdown2.o(.ARM.Collect$$libshutdown$$0000000F)
    __rt_lib_shutdown_return                 0x080001bd   Thumb Code     0  libshutdown2.o(.ARM.Collect$$libshutdown$$00000010)
    __rt_lib_shutdown_signal_1               0x080001bd   Thumb Code     0  libshutdown2.o(.ARM.Collect$$libshutdown$$0000000A)
    __rt_lib_shutdown_stdio_1                0x080001bd   Thumb Code     0  libshutdown2.o(.ARM.Collect$$libshutdown$$00000004)
    __rt_lib_shutdown_user_alloc_1           0x080001bd   Thumb Code     0  libshutdown2.o(.ARM.Collect$$libshutdown$$0000000C)
    __rt_entry                               0x080001bf   Thumb Code     0  __rtentry.o(.ARM.Collect$$rtentry$$00000000)
    __rt_entry_presh_1                       0x080001bf   Thumb Code     0  __rtentry2.o(.ARM.Collect$$rtentry$$00000002)
    __rt_entry_sh                            0x080001bf   Thumb Code     0  __rtentry4.o(.ARM.Collect$$rtentry$$00000004)
    __rt_entry_li                            0x080001c5   Thumb Code     0  __rtentry2.o(.ARM.Collect$$rtentry$$0000000A)
    __rt_entry_postsh_1                      0x080001c5   Thumb Code     0  __rtentry2.o(.ARM.Collect$$rtentry$$00000009)
    __rt_entry_main                          0x080001c9   Thumb Code     0  __rtentry2.o(.ARM.Collect$$rtentry$$0000000D)
    __rt_entry_postli_1                      0x080001c9   Thumb Code     0  __rtentry2.o(.ARM.Collect$$rtentry$$0000000C)
    __rt_exit                                0x080001d1   Thumb Code     0  rtexit.o(.ARM.Collect$$rtexit$$00000000)
    __rt_exit_ls                             0x080001d3   Thumb Code     0  rtexit2.o(.ARM.Collect$$rtexit$$00000003)
    __rt_exit_prels_1                        0x080001d3   Thumb Code     0  rtexit2.o(.ARM.Collect$$rtexit$$00000002)
    __rt_exit_exit                           0x080001d7   Thumb Code     0  rtexit2.o(.ARM.Collect$$rtexit$$00000004)
    rand                                     0x080001dd   Thumb Code    48  rand.o(.emb_text)
    main                                     0x08000211   Thumb Code   222  main.o(.text)
    NMI_Handler                              0x0800030d   Thumb Code     2  stm32f10x_it.o(.text)
    HardFault_Handler                        0x0800030f   Thumb Code     4  stm32f10x_it.o(.text)
    MemManage_Handler                        0x08000313   Thumb Code     4  stm32f10x_it.o(.text)
    BusFault_Handler                         0x08000317   Thumb Code     4  stm32f10x_it.o(.text)
    UsageFault_Handler                       0x0800031b   Thumb Code     4  stm32f10x_it.o(.text)
    SVC_Handler                              0x0800031f   Thumb Code     2  stm32f10x_it.o(.text)
    DebugMon_Handler                         0x08000321   Thumb Code     2  stm32f10x_it.o(.text)
    PendSV_Handler                           0x08000323   Thumb Code     2  stm32f10x_it.o(.text)
    SysTick_Handler                          0x08000325   Thumb Code     2  stm32f10x_it.o(.text)
    SystemInit                               0x08000407   Thumb Code    78  system_stm32f10x.o(.text)
    SystemCoreClockUpdate                    0x08000455   Thumb Code   142  system_stm32f10x.o(.text)
    TEST_MainPage                            0x08000509   Thumb Code    84  test.o(.text)
    Test_Color                               0x0800055d   Thumb Code    66  test.o(.text)
    Test_Rectangular                         0x0800059f   Thumb Code   114  test.o(.text)
    Test_Circle                              0x08000611   Thumb Code    98  test.o(.text)
    Test_Triangle                            0x08000673   Thumb Code   134  test.o(.text)
    TEST_English                             0x080006f9   Thumb Code    84  test.o(.text)
    TEST_Number_Character                    0x0800074d   Thumb Code   118  test.o(.text)
    TEST_Chinese                             0x080007c3   Thumb Code   142  test.o(.text)
    TEST_BMP                                 0x08000851   Thumb Code   564  test.o(.text)
    Dis_time                                 0x08000a85   Thumb Code   240  test.o(.text)
    main_bmp                                 0x08000b75   Thumb Code   348  test.o(.text)
    TEST_Menu1                               0x08000cd1   Thumb Code   850  test.o(.text)
    TEST_Menu2                               0x08001023   Thumb Code   410  test.o(.text)
    GUI_DrawPoint                            0x08001209   Thumb Code    24  gui.o(.text)
    GUI_Fill                                 0x08001221   Thumb Code    78  gui.o(.text)
    GUI_DrawLine                             0x0800126f   Thumb Code   176  gui.o(.text)
    GUI_DrawRectangle                        0x0800131f   Thumb Code    74  gui.o(.text)
    GUI_FillRectangle                        0x08001369   Thumb Code    36  gui.o(.text)
    GUI_DrawCircle                           0x08001411   Thumb Code    82  gui.o(.text)
    GUI_FillCircle                           0x08001463   Thumb Code    96  gui.o(.text)
    GUI_DrawTriangel                         0x080014c3   Thumb Code    64  gui.o(.text)
    GUI_FillTriangel                         0x08001535   Thumb Code   508  gui.o(.text)
    GUI_ShowChar                             0x08001731   Thumb Code   424  gui.o(.text)
    GUI_ShowString                           0x080018d9   Thumb Code   134  gui.o(.text)
    GUI_ShowNum                              0x08001975   Thumb Code   170  gui.o(.text)
    GUI_ShowFont16                           0x08001a1f   Thumb Code   236  gui.o(.text)
    GUI_ShowFont24                           0x08001b0b   Thumb Code   276  gui.o(.text)
    GUI_ShowFont32                           0x08001c1f   Thumb Code   244  gui.o(.text)
    GUI_ShowCHinese                          0x08001d13   Thumb Code   106  gui.o(.text)
    GUI_DrawBMP                              0x08001d7d   Thumb Code   168  gui.o(.text)
    OLED_WR_Byte                             0x08001e2d   Thumb Code    50  oled.o(.text)
    OLED_Set_Pos                             0x08001e5f   Thumb Code    56  oled.o(.text)
    OLED_Display_On                          0x08001e97   Thumb Code    28  oled.o(.text)
    OLED_Display_Off                         0x08001eb3   Thumb Code    28  oled.o(.text)
    OLED_Set_Pixel                           0x08001ecf   Thumb Code   122  oled.o(.text)
    OLED_Display                             0x08001f49   Thumb Code    68  oled.o(.text)
    OLED_Clear                               0x08001f8d   Thumb Code    36  oled.o(.text)
    OLED_Reset                               0x08001fb1   Thumb Code    40  oled.o(.text)
    OLED_Init_GPIO                           0x08001fd9   Thumb Code    46  oled.o(.text)
    OLED_Init                                0x08002007   Thumb Code   218  oled.o(.text)
    SPI_WriteByte                            0x080020e9   Thumb Code    64  spi.o(.text)
    DHT11_Rst                                0x0800212d   Thumb Code    52  dht11.o(.text)
    DHT11_Check                              0x08002161   Thumb Code    96  dht11.o(.text)
    DHT11_Read_Bit                           0x080021c1   Thumb Code    76  dht11.o(.text)
    DHT11_Read_Byte                          0x0800220d   Thumb Code    30  dht11.o(.text)
    DHT11_Read_Data                          0x0800222b   Thumb Code    88  dht11.o(.text)
    DHT11_Init                               0x08002283   Thumb Code    54  dht11.o(.text)
    KEY_IO_Init                              0x080022c5   Thumb Code    64  key.o(.text)
    KEY_SCAN                                 0x08002305   Thumb Code    38  key.o(.text)
    EC11_scan                                0x0800232b   Thumb Code    24  key.o(.text)
    EC11_IRQHandler                          0x08002355   Thumb Code   152  exit.o(.text)
    EXTIX_Init                               0x080023ed   Thumb Code    76  exit.o(.text)
    EXTI1_IRQHandler                         0x08002439   Thumb Code     8  exit.o(.text)
    RTC_Get_Week                             0x08002469   Thumb Code   116  rtc.o(.text)
    Is_Leap_Year                             0x080024dd   Thumb Code    58  rtc.o(.text)
    RTC_Get                                  0x08002517   Thumb Code   240  rtc.o(.text)
    RTC_Set                                  0x08002607   Thumb Code   184  rtc.o(.text)
    RTC_Init                                 0x080026bf   Thumb Code   190  rtc.o(.text)
    RTC_IRQHandler                           0x0800277d   Thumb Code    26  rtc.o(.text)
    RTC_Alarm_Set                            0x08002797   Thumb Code   184  rtc.o(.text)
    ESP8266_RST                              0x0800286d   Thumb Code    78  esp8266.o(.text)
    ESP8266_QueryWifi                        0x080028bb   Thumb Code    54  esp8266.o(.text)
    ESP8266_ConnectWifi                      0x080028f1   Thumb Code    74  esp8266.o(.text)
    ESP8266_GetTime                          0x0800293b   Thumb Code   428  esp8266.o(.text)
    ESP8266_Weather                          0x08002ae7   Thumb Code   290  esp8266.o(.text)
    ESP8266_Event                            0x08002c09   Thumb Code     2  esp8266.o(.text)
    USART3_IRQHandler                        0x08002d39   Thumb Code   110  usart3.o(.text)
    USART3_Init                              0x08002da7   Thumb Code   162  usart3.o(.text)
    UartxSendData                            0x08002e49   Thumb Code    62  usart3.o(.text)
    UartxSendStr                             0x08002e87   Thumb Code    68  usart3.o(.text)
    UartxWaitAT                              0x08002ecb   Thumb Code    50  usart3.o(.text)
    UartxSendAT                              0x08002efd   Thumb Code    48  usart3.o(.text)
    delay_init                               0x08002f39   Thumb Code    50  delay.o(.text)
    delay_us                                 0x08002f6b   Thumb Code    72  delay.o(.text)
    delay_ms                                 0x08002fb3   Thumb Code    72  delay.o(.text)
    _sys_exit                                0x0800300d   Thumb Code     4  usart.o(.text)
    fputc                                    0x08003011   Thumb Code    24  usart.o(.text)
    uart_init                                0x08003029   Thumb Code   152  usart.o(.text)
    USART1_IRQHandler                        0x080030c1   Thumb Code   122  usart.o(.text)
    Reset_Handler                            0x0800314d   Thumb Code     8  startup_stm32f10x_md.o(.text)
    ADC1_2_IRQHandler                        0x08003167   Thumb Code     0  startup_stm32f10x_md.o(.text)
    CAN1_RX1_IRQHandler                      0x08003167   Thumb Code     0  startup_stm32f10x_md.o(.text)
    CAN1_SCE_IRQHandler                      0x08003167   Thumb Code     0  startup_stm32f10x_md.o(.text)
    DMA1_Channel1_IRQHandler                 0x08003167   Thumb Code     0  startup_stm32f10x_md.o(.text)
    DMA1_Channel2_IRQHandler                 0x08003167   Thumb Code     0  startup_stm32f10x_md.o(.text)
    DMA1_Channel3_IRQHandler                 0x08003167   Thumb Code     0  startup_stm32f10x_md.o(.text)
    DMA1_Channel4_IRQHandler                 0x08003167   Thumb Code     0  startup_stm32f10x_md.o(.text)
    DMA1_Channel5_IRQHandler                 0x08003167   Thumb Code     0  startup_stm32f10x_md.o(.text)
    DMA1_Channel6_IRQHandler                 0x08003167   Thumb Code     0  startup_stm32f10x_md.o(.text)
    DMA1_Channel7_IRQHandler                 0x08003167   Thumb Code     0  startup_stm32f10x_md.o(.text)
    EXTI0_IRQHandler                         0x08003167   Thumb Code     0  startup_stm32f10x_md.o(.text)
    EXTI15_10_IRQHandler                     0x08003167   Thumb Code     0  startup_stm32f10x_md.o(.text)
    EXTI2_IRQHandler                         0x08003167   Thumb Code     0  startup_stm32f10x_md.o(.text)
    EXTI3_IRQHandler                         0x08003167   Thumb Code     0  startup_stm32f10x_md.o(.text)
    EXTI4_IRQHandler                         0x08003167   Thumb Code     0  startup_stm32f10x_md.o(.text)
    EXTI9_5_IRQHandler                       0x08003167   Thumb Code     0  startup_stm32f10x_md.o(.text)
    FLASH_IRQHandler                         0x08003167   Thumb Code     0  startup_stm32f10x_md.o(.text)
    I2C1_ER_IRQHandler                       0x08003167   Thumb Code     0  startup_stm32f10x_md.o(.text)
    I2C1_EV_IRQHandler                       0x08003167   Thumb Code     0  startup_stm32f10x_md.o(.text)
    I2C2_ER_IRQHandler                       0x08003167   Thumb Code     0  startup_stm32f10x_md.o(.text)
    I2C2_EV_IRQHandler                       0x08003167   Thumb Code     0  startup_stm32f10x_md.o(.text)
    PVD_IRQHandler                           0x08003167   Thumb Code     0  startup_stm32f10x_md.o(.text)
    RCC_IRQHandler                           0x08003167   Thumb Code     0  startup_stm32f10x_md.o(.text)
    RTCAlarm_IRQHandler                      0x08003167   Thumb Code     0  startup_stm32f10x_md.o(.text)
    SPI1_IRQHandler                          0x08003167   Thumb Code     0  startup_stm32f10x_md.o(.text)
    SPI2_IRQHandler                          0x08003167   Thumb Code     0  startup_stm32f10x_md.o(.text)
    TAMPER_IRQHandler                        0x08003167   Thumb Code     0  startup_stm32f10x_md.o(.text)
    TIM1_BRK_IRQHandler                      0x08003167   Thumb Code     0  startup_stm32f10x_md.o(.text)
    TIM1_CC_IRQHandler                       0x08003167   Thumb Code     0  startup_stm32f10x_md.o(.text)
    TIM1_TRG_COM_IRQHandler                  0x08003167   Thumb Code     0  startup_stm32f10x_md.o(.text)
    TIM1_UP_IRQHandler                       0x08003167   Thumb Code     0  startup_stm32f10x_md.o(.text)
    TIM2_IRQHandler                          0x08003167   Thumb Code     0  startup_stm32f10x_md.o(.text)
    TIM3_IRQHandler                          0x08003167   Thumb Code     0  startup_stm32f10x_md.o(.text)
    TIM4_IRQHandler                          0x08003167   Thumb Code     0  startup_stm32f10x_md.o(.text)
    USART2_IRQHandler                        0x08003167   Thumb Code     0  startup_stm32f10x_md.o(.text)
    USBWakeUp_IRQHandler                     0x08003167   Thumb Code     0  startup_stm32f10x_md.o(.text)
    USB_HP_CAN1_TX_IRQHandler                0x08003167   Thumb Code     0  startup_stm32f10x_md.o(.text)
    USB_LP_CAN1_RX0_IRQHandler               0x08003167   Thumb Code     0  startup_stm32f10x_md.o(.text)
    WWDG_IRQHandler                          0x08003167   Thumb Code     0  startup_stm32f10x_md.o(.text)
    __user_initial_stackheap                 0x08003169   Thumb Code     0  startup_stm32f10x_md.o(.text)
    NVIC_PriorityGroupConfig                 0x0800318d   Thumb Code    10  misc.o(.text)
    NVIC_Init                                0x08003197   Thumb Code   100  misc.o(.text)
    NVIC_SetVectorTable                      0x080031fb   Thumb Code    14  misc.o(.text)
    NVIC_SystemLPConfig                      0x08003209   Thumb Code    34  misc.o(.text)
    SysTick_CLKSourceConfig                  0x0800322b   Thumb Code    40  misc.o(.text)
    GPIO_DeInit                              0x08003269   Thumb Code   172  stm32f10x_gpio.o(.text)
    GPIO_AFIODeInit                          0x08003315   Thumb Code    20  stm32f10x_gpio.o(.text)
    GPIO_Init                                0x08003329   Thumb Code   278  stm32f10x_gpio.o(.text)
    GPIO_StructInit                          0x0800343f   Thumb Code    16  stm32f10x_gpio.o(.text)
    GPIO_ReadInputDataBit                    0x0800344f   Thumb Code    18  stm32f10x_gpio.o(.text)
    GPIO_ReadInputData                       0x08003461   Thumb Code     8  stm32f10x_gpio.o(.text)
    GPIO_ReadOutputDataBit                   0x08003469   Thumb Code    18  stm32f10x_gpio.o(.text)
    GPIO_ReadOutputData                      0x0800347b   Thumb Code     8  stm32f10x_gpio.o(.text)
    GPIO_SetBits                             0x08003483   Thumb Code     4  stm32f10x_gpio.o(.text)
    GPIO_ResetBits                           0x08003487   Thumb Code     4  stm32f10x_gpio.o(.text)
    GPIO_WriteBit                            0x0800348b   Thumb Code    10  stm32f10x_gpio.o(.text)
    GPIO_Write                               0x08003495   Thumb Code     4  stm32f10x_gpio.o(.text)
    GPIO_PinLockConfig                       0x08003499   Thumb Code    18  stm32f10x_gpio.o(.text)
    GPIO_EventOutputConfig                   0x080034ab   Thumb Code    26  stm32f10x_gpio.o(.text)
    GPIO_EventOutputCmd                      0x080034c5   Thumb Code     6  stm32f10x_gpio.o(.text)
    GPIO_PinRemapConfig                      0x080034cb   Thumb Code   138  stm32f10x_gpio.o(.text)
    GPIO_EXTILineConfig                      0x08003555   Thumb Code    66  stm32f10x_gpio.o(.text)
    GPIO_ETH_MediaInterfaceConfig            0x08003597   Thumb Code     8  stm32f10x_gpio.o(.text)
    RCC_DeInit                               0x080035c5   Thumb Code    64  stm32f10x_rcc.o(.text)
    RCC_HSEConfig                            0x08003605   Thumb Code    70  stm32f10x_rcc.o(.text)
    RCC_GetFlagStatus                        0x0800364b   Thumb Code    56  stm32f10x_rcc.o(.text)
    RCC_WaitForHSEStartUp                    0x08003683   Thumb Code    56  stm32f10x_rcc.o(.text)
    RCC_AdjustHSICalibrationValue            0x080036bb   Thumb Code    20  stm32f10x_rcc.o(.text)
    RCC_HSICmd                               0x080036cf   Thumb Code     6  stm32f10x_rcc.o(.text)
    RCC_PLLConfig                            0x080036d5   Thumb Code    24  stm32f10x_rcc.o(.text)
    RCC_PLLCmd                               0x080036ed   Thumb Code     6  stm32f10x_rcc.o(.text)
    RCC_SYSCLKConfig                         0x080036f3   Thumb Code    18  stm32f10x_rcc.o(.text)
    RCC_GetSYSCLKSource                      0x08003705   Thumb Code    10  stm32f10x_rcc.o(.text)
    RCC_HCLKConfig                           0x0800370f   Thumb Code    18  stm32f10x_rcc.o(.text)
    RCC_PCLK1Config                          0x08003721   Thumb Code    18  stm32f10x_rcc.o(.text)
    RCC_PCLK2Config                          0x08003733   Thumb Code    20  stm32f10x_rcc.o(.text)
    RCC_ITConfig                             0x08003747   Thumb Code    26  stm32f10x_rcc.o(.text)
    RCC_USBCLKConfig                         0x08003761   Thumb Code     8  stm32f10x_rcc.o(.text)
    RCC_ADCCLKConfig                         0x08003769   Thumb Code    18  stm32f10x_rcc.o(.text)
    RCC_LSEConfig                            0x0800377b   Thumb Code    50  stm32f10x_rcc.o(.text)
    RCC_LSICmd                               0x080037ad   Thumb Code     6  stm32f10x_rcc.o(.text)
    RCC_RTCCLKConfig                         0x080037b3   Thumb Code    12  stm32f10x_rcc.o(.text)
    RCC_RTCCLKCmd                            0x080037bf   Thumb Code     8  stm32f10x_rcc.o(.text)
    RCC_GetClocksFreq                        0x080037c7   Thumb Code   192  stm32f10x_rcc.o(.text)
    RCC_AHBPeriphClockCmd                    0x08003887   Thumb Code    26  stm32f10x_rcc.o(.text)
    RCC_APB2PeriphClockCmd                   0x080038a1   Thumb Code    26  stm32f10x_rcc.o(.text)
    RCC_APB1PeriphClockCmd                   0x080038bb   Thumb Code    26  stm32f10x_rcc.o(.text)
    RCC_APB2PeriphResetCmd                   0x080038d5   Thumb Code    26  stm32f10x_rcc.o(.text)
    RCC_APB1PeriphResetCmd                   0x080038ef   Thumb Code    26  stm32f10x_rcc.o(.text)
    RCC_BackupResetCmd                       0x08003909   Thumb Code     8  stm32f10x_rcc.o(.text)
    RCC_ClockSecuritySystemCmd               0x08003911   Thumb Code     6  stm32f10x_rcc.o(.text)
    RCC_MCOConfig                            0x08003917   Thumb Code     6  stm32f10x_rcc.o(.text)
    RCC_ClearFlag                            0x0800391d   Thumb Code    14  stm32f10x_rcc.o(.text)
    RCC_GetITStatus                          0x0800392b   Thumb Code    20  stm32f10x_rcc.o(.text)
    RCC_ClearITPendingBit                    0x0800393f   Thumb Code     6  stm32f10x_rcc.o(.text)
    EXTI_DeInit                              0x08003969   Thumb Code    28  stm32f10x_exti.o(.text)
    EXTI_Init                                0x08003985   Thumb Code   142  stm32f10x_exti.o(.text)
    EXTI_StructInit                          0x08003a13   Thumb Code    16  stm32f10x_exti.o(.text)
    EXTI_GenerateSWInterrupt                 0x08003a23   Thumb Code    16  stm32f10x_exti.o(.text)
    EXTI_GetFlagStatus                       0x08003a33   Thumb Code    22  stm32f10x_exti.o(.text)
    EXTI_ClearFlag                           0x08003a49   Thumb Code     8  stm32f10x_exti.o(.text)
    EXTI_GetITStatus                         0x08003a51   Thumb Code    34  stm32f10x_exti.o(.text)
    EXTI_ClearITPendingBit                   0x08003a73   Thumb Code     8  stm32f10x_exti.o(.text)
    RTC_ITConfig                             0x08003a85   Thumb Code    26  stm32f10x_rtc.o(.text)
    RTC_EnterConfigMode                      0x08003a9f   Thumb Code    18  stm32f10x_rtc.o(.text)
    RTC_ExitConfigMode                       0x08003ab1   Thumb Code    20  stm32f10x_rtc.o(.text)
    RTC_GetCounter                           0x08003ac5   Thumb Code    18  stm32f10x_rtc.o(.text)
    RTC_SetCounter                           0x08003ad7   Thumb Code    26  stm32f10x_rtc.o(.text)
    RTC_SetPrescaler                         0x08003af1   Thumb Code    28  stm32f10x_rtc.o(.text)
    RTC_SetAlarm                             0x08003b0d   Thumb Code    26  stm32f10x_rtc.o(.text)
    RTC_GetDivider                           0x08003b27   Thumb Code    22  stm32f10x_rtc.o(.text)
    RTC_WaitForLastTask                      0x08003b3d   Thumb Code    18  stm32f10x_rtc.o(.text)
    RTC_WaitForSynchro                       0x08003b4f   Thumb Code    36  stm32f10x_rtc.o(.text)
    RTC_GetFlagStatus                        0x08003b73   Thumb Code    22  stm32f10x_rtc.o(.text)
    RTC_ClearFlag                            0x08003b89   Thumb Code    16  stm32f10x_rtc.o(.text)
    RTC_GetITStatus                          0x08003b99   Thumb Code    32  stm32f10x_rtc.o(.text)
    RTC_ClearITPendingBit                    0x08003bb9   Thumb Code    16  stm32f10x_rtc.o(.text)
    USART_DeInit                             0x08003bcd   Thumb Code   134  stm32f10x_usart.o(.text)
    USART_Init                               0x08003c53   Thumb Code   210  stm32f10x_usart.o(.text)
    USART_StructInit                         0x08003d25   Thumb Code    24  stm32f10x_usart.o(.text)
    USART_ClockInit                          0x08003d3d   Thumb Code    34  stm32f10x_usart.o(.text)
    USART_ClockStructInit                    0x08003d5f   Thumb Code    12  stm32f10x_usart.o(.text)
    USART_Cmd                                0x08003d6b   Thumb Code    24  stm32f10x_usart.o(.text)
    USART_ITConfig                           0x08003d83   Thumb Code    74  stm32f10x_usart.o(.text)
    USART_DMACmd                             0x08003dcd   Thumb Code    18  stm32f10x_usart.o(.text)
    USART_SetAddress                         0x08003ddf   Thumb Code    18  stm32f10x_usart.o(.text)
    USART_WakeUpConfig                       0x08003df1   Thumb Code    18  stm32f10x_usart.o(.text)
    USART_ReceiverWakeUpCmd                  0x08003e03   Thumb Code    24  stm32f10x_usart.o(.text)
    USART_LINBreakDetectLengthConfig         0x08003e1b   Thumb Code    18  stm32f10x_usart.o(.text)
    USART_LINCmd                             0x08003e2d   Thumb Code    24  stm32f10x_usart.o(.text)
    USART_SendData                           0x08003e45   Thumb Code     8  stm32f10x_usart.o(.text)
    USART_ReceiveData                        0x08003e4d   Thumb Code    10  stm32f10x_usart.o(.text)
    USART_SendBreak                          0x08003e57   Thumb Code    10  stm32f10x_usart.o(.text)
    USART_SetGuardTime                       0x08003e61   Thumb Code    16  stm32f10x_usart.o(.text)
    USART_SetPrescaler                       0x08003e71   Thumb Code    16  stm32f10x_usart.o(.text)
    USART_SmartCardCmd                       0x08003e81   Thumb Code    24  stm32f10x_usart.o(.text)
    USART_SmartCardNACKCmd                   0x08003e99   Thumb Code    24  stm32f10x_usart.o(.text)
    USART_HalfDuplexCmd                      0x08003eb1   Thumb Code    24  stm32f10x_usart.o(.text)
    USART_OverSampling8Cmd                   0x08003ec9   Thumb Code    22  stm32f10x_usart.o(.text)
    USART_OneBitMethodCmd                    0x08003edf   Thumb Code    24  stm32f10x_usart.o(.text)
    USART_IrDAConfig                         0x08003ef7   Thumb Code    18  stm32f10x_usart.o(.text)
    USART_IrDACmd                            0x08003f09   Thumb Code    24  stm32f10x_usart.o(.text)
    USART_GetFlagStatus                      0x08003f21   Thumb Code    26  stm32f10x_usart.o(.text)
    USART_ClearFlag                          0x08003f3b   Thumb Code    18  stm32f10x_usart.o(.text)
    USART_GetITStatus                        0x08003f4d   Thumb Code    84  stm32f10x_usart.o(.text)
    USART_ClearITPendingBit                  0x08003fa1   Thumb Code    52  stm32f10x_usart.o(.text)
    BKP_DeInit                               0x08003fd5   Thumb Code    16  stm32f10x_bkp.o(.text)
    BKP_TamperPinLevelConfig                 0x08003fe5   Thumb Code     6  stm32f10x_bkp.o(.text)
    BKP_TamperPinCmd                         0x08003feb   Thumb Code     8  stm32f10x_bkp.o(.text)
    BKP_ITConfig                             0x08003ff3   Thumb Code     8  stm32f10x_bkp.o(.text)
    BKP_RTCOutputConfig                      0x08003ffb   Thumb Code    22  stm32f10x_bkp.o(.text)
    BKP_SetRTCCalibrationValue               0x08004011   Thumb Code    22  stm32f10x_bkp.o(.text)
    BKP_WriteBackupRegister                  0x08004027   Thumb Code    24  stm32f10x_bkp.o(.text)
    BKP_ReadBackupRegister                   0x0800403f   Thumb Code    26  stm32f10x_bkp.o(.text)
    BKP_GetFlagStatus                        0x08004059   Thumb Code    10  stm32f10x_bkp.o(.text)
    BKP_ClearFlag                            0x08004063   Thumb Code    18  stm32f10x_bkp.o(.text)
    BKP_GetITStatus                          0x08004075   Thumb Code    10  stm32f10x_bkp.o(.text)
    BKP_ClearITPendingBit                    0x0800407f   Thumb Code    18  stm32f10x_bkp.o(.text)
    PWR_DeInit                               0x08004099   Thumb Code    22  stm32f10x_pwr.o(.text)
    PWR_BackupAccessCmd                      0x080040af   Thumb Code     6  stm32f10x_pwr.o(.text)
    PWR_PVDCmd                               0x080040b5   Thumb Code     6  stm32f10x_pwr.o(.text)
    PWR_PVDLevelConfig                       0x080040bb   Thumb Code    18  stm32f10x_pwr.o(.text)
    PWR_WakeUpPinCmd                         0x080040cd   Thumb Code     8  stm32f10x_pwr.o(.text)
    PWR_EnterSTOPMode                        0x080040d5   Thumb Code    54  stm32f10x_pwr.o(.text)
    PWR_EnterSTANDBYMode                     0x0800410b   Thumb Code    42  stm32f10x_pwr.o(.text)
    PWR_GetFlagStatus                        0x08004135   Thumb Code    20  stm32f10x_pwr.o(.text)
    PWR_ClearFlag                            0x08004149   Thumb Code    14  stm32f10x_pwr.o(.text)
    GetDecDigit                              0x08004165   Thumb Code    38  clibrary.o(.text)
    DecToChar                                0x0800418b   Thumb Code    66  clibrary.o(.text)
    Hex2Bcd                                  0x080041cd   Thumb Code    26  clibrary.o(.text)
    Bcd2Hex                                  0x080041e7   Thumb Code    20  clibrary.o(.text)
    FindStrPos                               0x080041fb   Thumb Code    56  clibrary.o(.text)
    EngMonthGetNum                           0x08004233   Thumb Code    62  clibrary.o(.text)
    EngWeekGetNum                            0x08004271   Thumb Code    66  clibrary.o(.text)
    Dis_PowerOn                              0x080042b9   Thumb Code    20  display.o(.text)
    Dis_MainInterface                        0x080042cd   Thumb Code   208  display.o(.text)
    Dis_Wificonfig                           0x0800439d   Thumb Code   258  display.o(.text)
    __use_no_semihosting                     0x080044e5   Thumb Code     2  use_no_semi_2.o(.text)
    __2snprintf                              0x080044e9   Thumb Code    48  noretval__2snprintf.o(.text)
    __printf                                 0x0800451d   Thumb Code   104  __printf.o(.text)
    _printf_str                              0x08004585   Thumb Code    82  _printf_str.o(.text)
    srand                                    0x080045d9   Thumb Code    42  rand.o(.text)
    _rand_init                               0x08004603   Thumb Code     4  rand.o(.text)
    strstr                                   0x08004615   Thumb Code    36  strstr.o(.text)
    memcmp                                   0x08004639   Thumb Code    88  memcmp.o(.text)
    strlen                                   0x08004691   Thumb Code    62  strlen.o(.text)
    __aeabi_memcpy                           0x080046cf   Thumb Code     0  rt_memcpy_v6.o(.text)
    __rt_memcpy                              0x080046cf   Thumb Code   138  rt_memcpy_v6.o(.text)
    _memcpy_lastbytes                        0x08004735   Thumb Code     0  rt_memcpy_v6.o(.text)
    __aeabi_memcpy4                          0x08004759   Thumb Code     0  rt_memcpy_w.o(.text)
    __aeabi_memcpy8                          0x08004759   Thumb Code     0  rt_memcpy_w.o(.text)
    __rt_memcpy_w                            0x08004759   Thumb Code   100  rt_memcpy_w.o(.text)
    _memcpy_lastbytes_aligned                0x080047a1   Thumb Code     0  rt_memcpy_w.o(.text)
    __aeabi_memset                           0x080047bd   Thumb Code    16  aeabi_memset.o(.text)
    __aeabi_memclr                           0x080047cd   Thumb Code     0  rt_memclr.o(.text)
    __rt_memclr                              0x080047cd   Thumb Code    68  rt_memclr.o(.text)
    _memset                                  0x080047d1   Thumb Code     0  rt_memclr.o(.text)
    __aeabi_memclr4                          0x08004811   Thumb Code     0  rt_memclr_w.o(.text)
    __aeabi_memclr8                          0x08004811   Thumb Code     0  rt_memclr_w.o(.text)
    __rt_memclr_w                            0x08004811   Thumb Code    78  rt_memclr_w.o(.text)
    _memset_w                                0x08004815   Thumb Code     0  rt_memclr_w.o(.text)
    __use_two_region_memory                  0x0800485f   Thumb Code     2  heapauxi.o(.text)
    __rt_heap_escrow$2region                 0x08004861   Thumb Code     2  heapauxi.o(.text)
    __rt_heap_expand$2region                 0x08004863   Thumb Code     2  heapauxi.o(.text)
    __I$use$semihosting                      0x08004865   Thumb Code     0  use_no_semi.o(.text)
    __use_no_semihosting_swi                 0x08004865   Thumb Code     2  use_no_semi.o(.text)
    __read_errno                             0x08004867   Thumb Code    10  _rserrno.o(.text)
    __set_errno                              0x08004871   Thumb Code    12  _rserrno.o(.text)
    _printf_char_common                      0x08004887   Thumb Code    32  _printf_char_common.o(.text)
    _sputc                                   0x080048ad   Thumb Code    10  _sputc.o(.text)
    _snputc                                  0x080048b7   Thumb Code    16  _snputc.o(.text)
    _printf_cs_common                        0x080048c7   Thumb Code    20  _printf_char.o(.text)
    _printf_char                             0x080048db   Thumb Code    16  _printf_char.o(.text)
    _printf_string                           0x080048eb   Thumb Code     8  _printf_char.o(.text)
    __aeabi_errno_addr                       0x080048f5   Thumb Code     8  rt_errno_addr_intlibspace.o(.text)
    __errno$intlibspace                      0x080048f5   Thumb Code     0  rt_errno_addr_intlibspace.o(.text)
    __rt_errno_addr$intlibspace              0x080048f5   Thumb Code     0  rt_errno_addr_intlibspace.o(.text)
    __user_libspace                          0x080048fd   Thumb Code     8  libspace.o(.text)
    __user_perproc_libspace                  0x080048fd   Thumb Code     0  libspace.o(.text)
    __user_perthread_libspace                0x080048fd   Thumb Code     0  libspace.o(.text)
    __user_setup_stackheap                   0x08004905   Thumb Code    74  sys_stackheap_outer.o(.text)
    exit                                     0x0800494f   Thumb Code    18  exit.o(.text)
    __kernel_poly                            0x08004961   Thumb Code   170  poly.o(i.__kernel_poly)
    __mathlib_dbl_divzero                    0x08004a0d   Thumb Code    12  dunder.o(i.__mathlib_dbl_divzero)
    __mathlib_dbl_infnan                     0x08004a1d   Thumb Code     6  dunder.o(i.__mathlib_dbl_infnan)
    __mathlib_dbl_invalid                    0x08004a23   Thumb Code    12  dunder.o(i.__mathlib_dbl_invalid)
    log                                      0x08004a31   Thumb Code   808  log.o(i.log)
    log10                                    0x08004d8d   Thumb Code   198  log10.o(i.log10)
    __aeabi_dadd                             0x08004e71   Thumb Code     0  daddsub_clz.o(x$fpl$dadd)
    _dadd                                    0x08004e71   Thumb Code   332  daddsub_clz.o(x$fpl$dadd)
    __fpl_dcheck_NaN1                        0x08004fc1   Thumb Code    10  dcheck1.o(x$fpl$dcheck1)
    __fpl_dcmp_Inf                           0x08004fd1   Thumb Code    24  dcmpi.o(x$fpl$dcmpinf)
    __aeabi_ddiv                             0x08004fe9   Thumb Code     0  ddiv.o(x$fpl$ddiv)
    _ddiv                                    0x08004fe9   Thumb Code   552  ddiv.o(x$fpl$ddiv)
    __aeabi_cdcmpeq                          0x08005299   Thumb Code     0  deqf.o(x$fpl$deqf)
    _dcmpeq                                  0x08005299   Thumb Code   120  deqf.o(x$fpl$deqf)
    __aeabi_d2uiz                            0x08005311   Thumb Code     0  dfixu.o(x$fpl$dfixu)
    _dfixu                                   0x08005311   Thumb Code    90  dfixu.o(x$fpl$dfixu)
    __aeabi_i2d                              0x0800536b   Thumb Code     0  dflt_clz.o(x$fpl$dflt)
    _dflt                                    0x0800536b   Thumb Code    46  dflt_clz.o(x$fpl$dflt)
    __aeabi_ui2d                             0x08005399   Thumb Code     0  dflt_clz.o(x$fpl$dfltu)
    _dfltu                                   0x08005399   Thumb Code    38  dflt_clz.o(x$fpl$dfltu)
    __aeabi_dmul                             0x080053c1   Thumb Code     0  dmul.o(x$fpl$dmul)
    _dmul                                    0x080053c1   Thumb Code   332  dmul.o(x$fpl$dmul)
    __fpl_dnaninf                            0x08005515   Thumb Code   156  dnaninf.o(x$fpl$dnaninf)
    __fpl_dretinf                            0x080055b1   Thumb Code    12  dretinf.o(x$fpl$dretinf)
    __aeabi_drsub                            0x080055bd   Thumb Code     0  daddsub_clz.o(x$fpl$drsb)
    _drsb                                    0x080055bd   Thumb Code    22  daddsub_clz.o(x$fpl$drsb)
    __aeabi_dsub                             0x080055d5   Thumb Code     0  daddsub_clz.o(x$fpl$dsub)
    _dsub                                    0x080055d5   Thumb Code   464  daddsub_clz.o(x$fpl$dsub)
    __fpl_return_NaN                         0x080057a9   Thumb Code   100  retnan.o(x$fpl$retnan)
    __ARM_scalbn                             0x0800580d   Thumb Code    92  scalbn.o(x$fpl$scalbn)
    __fpl_cmpreturn                          0x08005869   Thumb Code    48  trapv.o(x$fpl$trapveneer)
    F6x8                                     0x08005898   Data         760  gui.o(.constdata)
    __I$use$fp                               0x08005898   Number         0  usenofp.o(x$fpl$usenofp)
    F8X16                                    0x08005b90   Data        1520  gui.o(.constdata)
    F24X34                                   0x08006180   Data        1122  gui.o(.constdata)
    cfont16                                  0x080065e2   Data         340  gui.o(.constdata)
    cfont24                                  0x08006736   Data         444  gui.o(.constdata)
    cfont32                                  0x080068f2   Data         780  gui.o(.constdata)
    table_week                               0x08006bfe   Data          12  rtc.o(.constdata)
    mon_table                                0x08006c0a   Data          12  rtc.o(.constdata)
    __mathlib_zero                           0x08006cc8   Data           8  qnan.o(.constdata)
    Region$$Table$$Base                      0x08006dc4   Number         0  anon$$obj.o(Region$$Table)
    Region$$Table$$Limit                     0x08006de4   Number         0  anon$$obj.o(Region$$Table)
    delayi                                   0x20000000   Data           1  main.o(.data)
    t                                        0x20000001   Data           1  main.o(.data)
    t1                                       0x20000002   Data           1  main.o(.data)
    SystemCoreClock                          0x20000004   Data           4  system_stm32f10x.o(.data)
    AHBPrescTable                            0x20000008   Data          16  system_stm32f10x.o(.data)
    bmp_qing                                 0x20000018   Data          72  test.o(.data)
    bmp_yin                                  0x20000060   Data          72  test.o(.data)
    bmp_yu                                   0x200000a8   Data          72  test.o(.data)
    bmp_lei                                  0x200000f0   Data          72  test.o(.data)
    bmp_xue                                  0x20000138   Data          72  test.o(.data)
    bmp_wifi                                 0x20000180   Data          32  test.o(.data)
    bmp_wifi1                                0x200001a0   Data          32  test.o(.data)
    bmp_dianchi                              0x200001c0   Data          32  test.o(.data)
    bmp_wendu                                0x200001e0   Data          20  test.o(.data)
    bmp_shidu                                0x200001f4   Data          20  test.o(.data)
    bmp_c                                    0x20000208   Data           8  test.o(.data)
    bmp_bfh                                  0x20000210   Data           8  test.o(.data)
    bmp_num                                  0x20000218   Data        1008  test.o(.data)
    BMP5                                     0x20000608   Data         224  test.o(.data)
    bili_Logo_0                              0x200006e8   Data         512  test.o(.data)
    bili_Logo_1                              0x200008e8   Data         512  test.o(.data)
    bili_Logo_2                              0x20000ae8   Data         512  test.o(.data)
    bili_Logo_3                              0x20000ce8   Data         512  test.o(.data)
    bili_Logo_4                              0x20000ee8   Data         512  test.o(.data)
    bili_Logo_5                              0x200010e8   Data         512  test.o(.data)
    bili_Logo_6                              0x200012e8   Data         512  test.o(.data)
    g_Wifi                                   0x200014ec   Data          32  esp8266.o(.data)
    g_8266State                              0x2000150c   Data           4  esp8266.o(.data)
    __stdout                                 0x20001514   Data           4  usart.o(.data)
    USART_RX_STA                             0x20001518   Data           2  usart.o(.data)
    temperature                              0x2000152e   Data           1  display.o(.data)
    humidity                                 0x2000152f   Data           1  display.o(.data)
    wendu                                    0x20001530   Data           3  display.o(.data)
    shidu                                    0x20001533   Data           3  display.o(.data)
    g_Display                                0x20001536   Data           2  display.o(.data)
    g_SetWifi_Cursor                         0x20001538   Data           3  display.o(.data)
    bmp_clear                                0x2000153c   Data          64  test.o(.bss)
    calendar                                 0x2000197c   Data          10  rtc.o(.bss)
    g_USART3_RxData                          0x20001986   Data         304  usart3.o(.bss)
    USART_RX_BUF                             0x20001ab6   Data         200  usart.o(.bss)
    _random_number_data                      0x20001b80   Data         228  rand.o(.bss)
    __libspace_start                         0x20001c64   Data          96  libspace.o(.bss)
    __temporary_stack_top$libspace           0x20001cc4   Data           0  libspace.o(.bss)



==============================================================================

Memory Map of the image

  Image Entry point : 0x080000ed

  Load Region LR_IROM1 (Base: 0x08000000, Size: 0x00008320, Max: 0x00010000, ABSOLUTE, COMPRESSED[0x00007830])

    Execution Region ER_IROM1 (Exec base: 0x08000000, Load base: 0x08000000, Size: 0x00006de4, Max: 0x00010000, ABSOLUTE)

    Exec Addr    Load Addr    Size         Type   Attr      Idx    E Section Name        Object

    0x08000000   0x08000000   0x000000ec   Data   RO          393    RESET               startup_stm32f10x_md.o
    0x080000ec   0x080000ec   0x00000008   Code   RO          604  * !!!main             c_w.l(__main.o)
    0x080000f4   0x080000f4   0x00000034   Code   RO          853    !!!scatter          c_w.l(__scatter.o)
    0x08000128   0x08000128   0x00000064   Code   RO          851    !!dclz77c           c_w.l(__dclz77c.o)
    0x0800018c   0x0800018c   0x0000001c   Code   RO          855    !!handler_zi        c_w.l(__scatter_zi.o)
    0x080001a8   0x080001a8   0x00000000   Code   RO          580    .ARM.Collect$$_printf_percent$$00000000  c_w.l(_printf_percent.o)
    0x080001a8   0x080001a8   0x00000006   Code   RO          579    .ARM.Collect$$_printf_percent$$00000014  c_w.l(_printf_s.o)
    0x080001ae   0x080001ae   0x00000004   Code   RO          637    .ARM.Collect$$_printf_percent$$00000017  c_w.l(_printf_percent_end.o)
    0x080001b2   0x080001b2   0x00000002   Code   RO          775    .ARM.Collect$$libinit$$00000000  c_w.l(libinit.o)
    0x080001b4   0x080001b4   0x00000000   Code   RO          639    .ARM.Collect$$libinit$$00000002  c_w.l(libinit2.o)
    0x080001b4   0x080001b4   0x00000000   Code   RO          641    .ARM.Collect$$libinit$$00000004  c_w.l(libinit2.o)
    0x080001b4   0x080001b4   0x00000000   Code   RO          644    .ARM.Collect$$libinit$$0000000A  c_w.l(libinit2.o)
    0x080001b4   0x080001b4   0x00000000   Code   RO          646    .ARM.Collect$$libinit$$0000000C  c_w.l(libinit2.o)
    0x080001b4   0x080001b4   0x00000004   Code   RO          647    .ARM.Collect$$libinit$$0000000D  c_w.l(libinit2.o)
    0x080001b8   0x080001b8   0x00000000   Code   RO          648    .ARM.Collect$$libinit$$0000000E  c_w.l(libinit2.o)
    0x080001b8   0x080001b8   0x00000000   Code   RO          651    .ARM.Collect$$libinit$$00000011  c_w.l(libinit2.o)
    0x080001b8   0x080001b8   0x00000000   Code   RO          653    .ARM.Collect$$libinit$$00000013  c_w.l(libinit2.o)
    0x080001b8   0x080001b8   0x00000000   Code   RO          655    .ARM.Collect$$libinit$$00000015  c_w.l(libinit2.o)
    0x080001b8   0x080001b8   0x00000000   Code   RO          657    .ARM.Collect$$libinit$$00000017  c_w.l(libinit2.o)
    0x080001b8   0x080001b8   0x00000000   Code   RO          659    .ARM.Collect$$libinit$$00000019  c_w.l(libinit2.o)
    0x080001b8   0x080001b8   0x00000000   Code   RO          661    .ARM.Collect$$libinit$$0000001B  c_w.l(libinit2.o)
    0x080001b8   0x080001b8   0x00000000   Code   RO          663    .ARM.Collect$$libinit$$0000001D  c_w.l(libinit2.o)
    0x080001b8   0x080001b8   0x00000000   Code   RO          665    .ARM.Collect$$libinit$$0000001F  c_w.l(libinit2.o)
    0x080001b8   0x080001b8   0x00000000   Code   RO          667    .ARM.Collect$$libinit$$00000021  c_w.l(libinit2.o)
    0x080001b8   0x080001b8   0x00000000   Code   RO          669    .ARM.Collect$$libinit$$00000023  c_w.l(libinit2.o)
    0x080001b8   0x080001b8   0x00000000   Code   RO          671    .ARM.Collect$$libinit$$00000025  c_w.l(libinit2.o)
    0x080001b8   0x080001b8   0x00000000   Code   RO          675    .ARM.Collect$$libinit$$0000002C  c_w.l(libinit2.o)
    0x080001b8   0x080001b8   0x00000000   Code   RO          677    .ARM.Collect$$libinit$$0000002E  c_w.l(libinit2.o)
    0x080001b8   0x080001b8   0x00000000   Code   RO          679    .ARM.Collect$$libinit$$00000030  c_w.l(libinit2.o)
    0x080001b8   0x080001b8   0x00000000   Code   RO          681    .ARM.Collect$$libinit$$00000032  c_w.l(libinit2.o)
    0x080001b8   0x080001b8   0x00000002   Code   RO          682    .ARM.Collect$$libinit$$00000033  c_w.l(libinit2.o)
    0x080001ba   0x080001ba   0x00000002   Code   RO          812    .ARM.Collect$$libshutdown$$00000000  c_w.l(libshutdown.o)
    0x080001bc   0x080001bc   0x00000000   Code   RO          818    .ARM.Collect$$libshutdown$$00000002  c_w.l(libshutdown2.o)
    0x080001bc   0x080001bc   0x00000000   Code   RO          820    .ARM.Collect$$libshutdown$$00000004  c_w.l(libshutdown2.o)
    0x080001bc   0x080001bc   0x00000000   Code   RO          823    .ARM.Collect$$libshutdown$$00000007  c_w.l(libshutdown2.o)
    0x080001bc   0x080001bc   0x00000000   Code   RO          826    .ARM.Collect$$libshutdown$$0000000A  c_w.l(libshutdown2.o)
    0x080001bc   0x080001bc   0x00000000   Code   RO          828    .ARM.Collect$$libshutdown$$0000000C  c_w.l(libshutdown2.o)
    0x080001bc   0x080001bc   0x00000000   Code   RO          831    .ARM.Collect$$libshutdown$$0000000F  c_w.l(libshutdown2.o)
    0x080001bc   0x080001bc   0x00000002   Code   RO          832    .ARM.Collect$$libshutdown$$00000010  c_w.l(libshutdown2.o)
    0x080001be   0x080001be   0x00000000   Code   RO          626    .ARM.Collect$$rtentry$$00000000  c_w.l(__rtentry.o)
    0x080001be   0x080001be   0x00000000   Code   RO          721    .ARM.Collect$$rtentry$$00000002  c_w.l(__rtentry2.o)
    0x080001be   0x080001be   0x00000006   Code   RO          733    .ARM.Collect$$rtentry$$00000004  c_w.l(__rtentry4.o)
    0x080001c4   0x080001c4   0x00000000   Code   RO          723    .ARM.Collect$$rtentry$$00000009  c_w.l(__rtentry2.o)
    0x080001c4   0x080001c4   0x00000004   Code   RO          724    .ARM.Collect$$rtentry$$0000000A  c_w.l(__rtentry2.o)
    0x080001c8   0x080001c8   0x00000000   Code   RO          726    .ARM.Collect$$rtentry$$0000000C  c_w.l(__rtentry2.o)
    0x080001c8   0x080001c8   0x00000008   Code   RO          727    .ARM.Collect$$rtentry$$0000000D  c_w.l(__rtentry2.o)
    0x080001d0   0x080001d0   0x00000002   Code   RO          782    .ARM.Collect$$rtexit$$00000000  c_w.l(rtexit.o)
    0x080001d2   0x080001d2   0x00000000   Code   RO          794    .ARM.Collect$$rtexit$$00000002  c_w.l(rtexit2.o)
    0x080001d2   0x080001d2   0x00000004   Code   RO          795    .ARM.Collect$$rtexit$$00000003  c_w.l(rtexit2.o)
    0x080001d6   0x080001d6   0x00000006   Code   RO          796    .ARM.Collect$$rtexit$$00000004  c_w.l(rtexit2.o)
    0x080001dc   0x080001dc   0x00000034   Code   RO          581    .emb_text           c_w.l(rand.o)
    0x08000210   0x08000210   0x000000fc   Code   RO            1    .text               main.o
    0x0800030c   0x0800030c   0x0000001a   Code   RO          113    .text               stm32f10x_it.o
    0x08000326   0x08000326   0x00000002   PAD
    0x08000328   0x08000328   0x000001e0   Code   RO          128    .text               system_stm32f10x.o
    0x08000508   0x08000508   0x00000d00   Code   RO          146    .text               test.o
    0x08001208   0x08001208   0x00000c24   Code   RO          172    .text               gui.o
    0x08001e2c   0x08001e2c   0x000002bc   Code   RO          193    .text               oled.o
    0x080020e8   0x080020e8   0x00000044   Code   RO          213    .text               spi.o
    0x0800212c   0x0800212c   0x00000198   Code   RO          225    .text               dht11.o
    0x080022c4   0x080022c4   0x00000090   Code   RO          237    .text               key.o
    0x08002354   0x08002354   0x000000f4   Code   RO          249    .text               exit.o
    0x08002448   0x08002448   0x00000424   Code   RO          267    .text               rtc.o
    0x0800286c   0x0800286c   0x000004cc   Code   RO          291    .text               esp8266.o
    0x08002d38   0x08002d38   0x00000200   Code   RO          313    .text               usart3.o
    0x08002f38   0x08002f38   0x000000d4   Code   RO          331    .text               delay.o
    0x0800300c   0x0800300c   0x00000140   Code   RO          357    .text               usart.o
    0x0800314c   0x0800314c   0x00000040   Code   RO          394    .text               startup_stm32f10x_md.o
    0x0800318c   0x0800318c   0x000000dc   Code   RO          398    .text               misc.o
    0x08003268   0x08003268   0x0000035c   Code   RO          410    .text               stm32f10x_gpio.o
    0x080035c4   0x080035c4   0x000003a4   Code   RO          422    .text               stm32f10x_rcc.o
    0x08003968   0x08003968   0x0000011c   Code   RO          448    .text               stm32f10x_exti.o
    0x08003a84   0x08003a84   0x00000148   Code   RO          460    .text               stm32f10x_rtc.o
    0x08003bcc   0x08003bcc   0x00000408   Code   RO          472    .text               stm32f10x_usart.o
    0x08003fd4   0x08003fd4   0x000000c4   Code   RO          484    .text               stm32f10x_bkp.o
    0x08004098   0x08004098   0x000000cc   Code   RO          496    .text               stm32f10x_pwr.o
    0x08004164   0x08004164   0x00000154   Code   RO          508    .text               clibrary.o
    0x080042b8   0x080042b8   0x0000022c   Code   RO          529    .text               display.o
    0x080044e4   0x080044e4   0x00000002   Code   RO          549    .text               c_w.l(use_no_semi_2.o)
    0x080044e6   0x080044e6   0x00000002   PAD
    0x080044e8   0x080044e8   0x00000034   Code   RO          553    .text               c_w.l(noretval__2snprintf.o)
    0x0800451c   0x0800451c   0x00000068   Code   RO          555    .text               c_w.l(__printf.o)
    0x08004584   0x08004584   0x00000052   Code   RO          557    .text               c_w.l(_printf_str.o)
    0x080045d6   0x080045d6   0x00000002   PAD
    0x080045d8   0x080045d8   0x0000003c   Code   RO          582    .text               c_w.l(rand.o)
    0x08004614   0x08004614   0x00000024   Code   RO          586    .text               c_w.l(strstr.o)
    0x08004638   0x08004638   0x00000058   Code   RO          588    .text               c_w.l(memcmp.o)
    0x08004690   0x08004690   0x0000003e   Code   RO          590    .text               c_w.l(strlen.o)
    0x080046ce   0x080046ce   0x0000008a   Code   RO          592    .text               c_w.l(rt_memcpy_v6.o)
    0x08004758   0x08004758   0x00000064   Code   RO          594    .text               c_w.l(rt_memcpy_w.o)
    0x080047bc   0x080047bc   0x00000010   Code   RO          596    .text               c_w.l(aeabi_memset.o)
    0x080047cc   0x080047cc   0x00000044   Code   RO          598    .text               c_w.l(rt_memclr.o)
    0x08004810   0x08004810   0x0000004e   Code   RO          600    .text               c_w.l(rt_memclr_w.o)
    0x0800485e   0x0800485e   0x00000006   Code   RO          602    .text               c_w.l(heapauxi.o)
    0x08004864   0x08004864   0x00000002   Code   RO          624    .text               c_w.l(use_no_semi.o)
    0x08004866   0x08004866   0x00000016   Code   RO          627    .text               c_w.l(_rserrno.o)
    0x0800487c   0x0800487c   0x00000030   Code   RO          629    .text               c_w.l(_printf_char_common.o)
    0x080048ac   0x080048ac   0x0000000a   Code   RO          631    .text               c_w.l(_sputc.o)
    0x080048b6   0x080048b6   0x00000010   Code   RO          633    .text               c_w.l(_snputc.o)
    0x080048c6   0x080048c6   0x0000002c   Code   RO          635    .text               c_w.l(_printf_char.o)
    0x080048f2   0x080048f2   0x00000002   PAD
    0x080048f4   0x080048f4   0x00000008   Code   RO          738    .text               c_w.l(rt_errno_addr_intlibspace.o)
    0x080048fc   0x080048fc   0x00000008   Code   RO          759    .text               c_w.l(libspace.o)
    0x08004904   0x08004904   0x0000004a   Code   RO          762    .text               c_w.l(sys_stackheap_outer.o)
    0x0800494e   0x0800494e   0x00000012   Code   RO          764    .text               c_w.l(exit.o)
    0x08004960   0x08004960   0x000000aa   Code   RO          756    i.__kernel_poly     m_ws.l(poly.o)
    0x08004a0a   0x08004a0a   0x00000002   PAD
    0x08004a0c   0x08004a0c   0x00000010   Code   RO          696    i.__mathlib_dbl_divzero  m_ws.l(dunder.o)
    0x08004a1c   0x08004a1c   0x00000006   Code   RO          697    i.__mathlib_dbl_infnan  m_ws.l(dunder.o)
    0x08004a22   0x08004a22   0x0000000c   Code   RO          699    i.__mathlib_dbl_invalid  m_ws.l(dunder.o)
    0x08004a2e   0x08004a2e   0x00000002   PAD
    0x08004a30   0x08004a30   0x0000035c   Code   RO          711    i.log               m_ws.l(log.o)
    0x08004d8c   0x08004d8c   0x000000e4   Code   RO          617    i.log10             m_ws.l(log10.o)
    0x08004e70   0x08004e70   0x00000150   Code   RO          683    x$fpl$dadd          fz_ws.l(daddsub_clz.o)
    0x08004fc0   0x08004fc0   0x00000010   Code   RO          744    x$fpl$dcheck1       fz_ws.l(dcheck1.o)
    0x08004fd0   0x08004fd0   0x00000018   Code   RO          776    x$fpl$dcmpinf       fz_ws.l(dcmpi.o)
    0x08004fe8   0x08004fe8   0x000002b0   Code   RO          747    x$fpl$ddiv          fz_ws.l(ddiv.o)
    0x08005298   0x08005298   0x00000078   Code   RO          750    x$fpl$deqf          fz_ws.l(deqf.o)
    0x08005310   0x08005310   0x0000005a   Code   RO          606    x$fpl$dfixu         fz_ws.l(dfixu.o)
    0x0800536a   0x0800536a   0x0000002e   Code   RO          611    x$fpl$dflt          fz_ws.l(dflt_clz.o)
    0x08005398   0x08005398   0x00000026   Code   RO          610    x$fpl$dfltu         fz_ws.l(dflt_clz.o)
    0x080053be   0x080053be   0x00000002   PAD
    0x080053c0   0x080053c0   0x00000154   Code   RO          689    x$fpl$dmul          fz_ws.l(dmul.o)
    0x08005514   0x08005514   0x0000009c   Code   RO          691    x$fpl$dnaninf       fz_ws.l(dnaninf.o)
    0x080055b0   0x080055b0   0x0000000c   Code   RO          752    x$fpl$dretinf       fz_ws.l(dretinf.o)
    0x080055bc   0x080055bc   0x00000016   Code   RO          684    x$fpl$drsb          fz_ws.l(daddsub_clz.o)
    0x080055d2   0x080055d2   0x00000002   PAD
    0x080055d4   0x080055d4   0x000001d4   Code   RO          685    x$fpl$dsub          fz_ws.l(daddsub_clz.o)
    0x080057a8   0x080057a8   0x00000064   Code   RO          778    x$fpl$retnan        fz_ws.l(retnan.o)
    0x0800580c   0x0800580c   0x0000005c   Code   RO          693    x$fpl$scalbn        fz_ws.l(scalbn.o)
    0x08005868   0x08005868   0x00000030   Code   RO          790    x$fpl$trapveneer    fz_ws.l(trapv.o)
    0x08005898   0x08005898   0x00000000   Code   RO          695    x$fpl$usenofp       fz_ws.l(usenofp.o)
    0x08005898   0x08005898   0x00001366   Data   RO          173    .constdata          gui.o
    0x08006bfe   0x08006bfe   0x00000018   Data   RO          269    .constdata          rtc.o
    0x08006c16   0x08006c16   0x00000002   PAD
    0x08006c18   0x08006c18   0x00000076   Data   RO          509    .constdata          clibrary.o
    0x08006c8e   0x08006c8e   0x00000002   PAD
    0x08006c90   0x08006c90   0x00000038   Data   RO          712    .constdata          m_ws.l(log.o)
    0x08006cc8   0x08006cc8   0x00000008   Data   RO          758    .constdata          m_ws.l(qnan.o)
    0x08006cd0   0x08006cd0   0x00000086   Data   RO          292    .conststring        esp8266.o
    0x08006d56   0x08006d56   0x00000002   PAD
    0x08006d58   0x08006d58   0x00000069   Data   RO          510    .conststring        clibrary.o
    0x08006dc1   0x08006dc1   0x00000003   PAD
    0x08006dc4   0x08006dc4   0x00000020   Data   RO          849    Region$$Table       anon$$obj.o


    Execution Region RW_IRAM1 (Exec base: 0x20000000, Load base: 0x08006de4, Size: 0x000022c8, Max: 0x00005000, ABSOLUTE, COMPRESSED[0x00000a4c])

    Exec Addr    Load Addr    Size         Type   Attr      Idx    E Section Name        Object

    0x20000000   COMPRESSED   0x00000003   Data   RW            2    .data               main.o
    0x20000003   COMPRESSED   0x00000001   PAD
    0x20000004   COMPRESSED   0x00000014   Data   RW          129    .data               system_stm32f10x.o
    0x20000018   COMPRESSED   0x000014d0   Data   RW          148    .data               test.o
    0x200014e8   COMPRESSED   0x00000002   Data   RW          270    .data               rtc.o
    0x200014ea   COMPRESSED   0x00000002   PAD
    0x200014ec   COMPRESSED   0x00000024   Data   RW          293    .data               esp8266.o
    0x20001510   COMPRESSED   0x00000004   Data   RW          332    .data               delay.o
    0x20001514   COMPRESSED   0x00000006   Data   RW          359    .data               usart.o
    0x2000151a   COMPRESSED   0x00000014   Data   RW          423    .data               stm32f10x_rcc.o
    0x2000152e   COMPRESSED   0x0000000e   Data   RW          530    .data               display.o
    0x2000153c        -       0x00000040   Zero   RW          147    .bss                test.o
    0x2000157c        -       0x00000400   Zero   RW          194    .bss                oled.o
    0x2000197c        -       0x0000000a   Zero   RW          268    .bss                rtc.o
    0x20001986        -       0x00000130   Zero   RW          314    .bss                usart3.o
    0x20001ab6        -       0x000000c8   Zero   RW          358    .bss                usart.o
    0x20001b7e   COMPRESSED   0x00000002   PAD
    0x20001b80        -       0x000000e4   Zero   RW          583    .bss                c_w.l(rand.o)
    0x20001c64        -       0x00000060   Zero   RW          760    .bss                c_w.l(libspace.o)
    0x20001cc4   COMPRESSED   0x00000004   PAD
    0x20001cc8        -       0x00000200   Zero   RW          392    HEAP                startup_stm32f10x_md.o
    0x20001ec8        -       0x00000400   Zero   RW          391    STACK               startup_stm32f10x_md.o


==============================================================================

Image component sizes


      Code (inc. data)   RO Data    RW Data    ZI Data      Debug   Object Name

       340          6        223          0          0       3664   clibrary.o
         0          0          0          0          0         32   core_cm3.o
       212         18          0          4          0       1079   delay.o
       408         12          0          0          0       2182   dht11.o
       556         70          0         14          0       2617   display.o
      1228        302        134         36          0       4135   esp8266.o
       244          8          0          0          0        894   exit.o
      3108         28       4966          0          0      11551   gui.o
       144         18          0          0          0        897   key.o
       252         30          0          3          0     235282   main.o
       220         22          0          0          0       1841   misc.o
       700          8          0          0       1024       2972   oled.o
      1060         30         24          2         10       4430   rtc.o
        68          4          0          0          0        592   spi.o
        64         26        236          0       1536        832   startup_stm32f10x_md.o
       196          8          0          0          0       3536   stm32f10x_bkp.o
       284         10          0          0          0       2295   stm32f10x_exti.o
       860         38          0          0          0       5773   stm32f10x_gpio.o
        26          0          0          0          0       1214   stm32f10x_it.o
       204         14          0          0          0       1975   stm32f10x_pwr.o
       932         36          0         20          0       8968   stm32f10x_rcc.o
       328          4          0          0          0       2742   stm32f10x_rtc.o
      1032         22          0          0          0       8496   stm32f10x_usart.o
       480         38          0         20          0       1847   system_stm32f10x.o
      3328        574          0       5328         64       4149   test.o
       320         18          0          6        200       3222   usart.o
       512         12          0          0        304       3517   usart3.o

    ----------------------------------------------------------------------
     17108       1356       5624       5436       3140     320734   Object Totals
         0          0         32          0          0          0   (incl. Generated)
         2          0          9          3          2          0   (incl. Padding)

    ----------------------------------------------------------------------

      Code (inc. data)   RO Data    RW Data    ZI Data      Debug   Library Member Name

       100          0          0          0          0          0   __dclz77c.o
         8          0          0          0          0         68   __main.o
       104          0          0          0          0         84   __printf.o
         0          0          0          0          0          0   __rtentry.o
        12          0          0          0          0          0   __rtentry2.o
         6          0          0          0          0          0   __rtentry4.o
        52          8          0          0          0          0   __scatter.o
        28          0          0          0          0          0   __scatter_zi.o
        44          0          0          0          0        108   _printf_char.o
        48          6          0          0          0         96   _printf_char_common.o
         0          0          0          0          0          0   _printf_percent.o
         4          0          0          0          0          0   _printf_percent_end.o
         6          0          0          0          0          0   _printf_s.o
        82          0          0          0          0         80   _printf_str.o
        22          0          0          0          0        100   _rserrno.o
        16          0          0          0          0         68   _snputc.o
        10          0          0          0          0         68   _sputc.o
        16          0          0          0          0         68   aeabi_memset.o
        18          0          0          0          0         80   exit.o
         6          0          0          0          0        152   heapauxi.o
         2          0          0          0          0          0   libinit.o
         6          0          0          0          0          0   libinit2.o
         2          0          0          0          0          0   libshutdown.o
         2          0          0          0          0          0   libshutdown2.o
         8          4          0          0         96         68   libspace.o
        88          0          0          0          0         76   memcmp.o
        52          4          0          0          0         84   noretval__2snprintf.o
       112         18          0          0        228        160   rand.o
         8          4          0          0          0         68   rt_errno_addr_intlibspace.o
        68          0          0          0          0         68   rt_memclr.o
        78          0          0          0          0         80   rt_memclr_w.o
       138          0          0          0          0         68   rt_memcpy_v6.o
       100          0          0          0          0         80   rt_memcpy_w.o
         2          0          0          0          0          0   rtexit.o
        10          0          0          0          0          0   rtexit2.o
        62          0          0          0          0         76   strlen.o
        36          0          0          0          0         80   strstr.o
        74          0          0          0          0         80   sys_stackheap_outer.o
         2          0          0          0          0         68   use_no_semi.o
         2          0          0          0          0         68   use_no_semi_2.o
       826         16          0          0          0        348   daddsub_clz.o
        16          4          0          0          0         68   dcheck1.o
        24          0          0          0          0         68   dcmpi.o
       688        140          0          0          0        208   ddiv.o
       120          4          0          0          0         92   deqf.o
        90          4          0          0          0         92   dfixu.o
        84          0          0          0          0        136   dflt_clz.o
       340         12          0          0          0        104   dmul.o
       156          4          0          0          0         92   dnaninf.o
        12          0          0          0          0         68   dretinf.o
       100          0          0          0          0         68   retnan.o
        92          0          0          0          0         68   scalbn.o
        48          0          0          0          0         68   trapv.o
         0          0          0          0          0          0   usenofp.o
        34          4          0          0          0        204   dunder.o
       860         52         56          0          0        256   log.o
       228         30          0          0          0        120   log10.o
       170          0          0          0          0         96   poly.o
         0          0          8          0          0          0   qnan.o

    ----------------------------------------------------------------------
      5336        314         64          0        328       4252   Library Totals
        14          0          0          0          4          0   (incl. Padding)

    ----------------------------------------------------------------------

      Code (inc. data)   RO Data    RW Data    ZI Data      Debug   Library Name

      1434         44          0          0        324       2096   c_w.l
      2596        184          0          0          0       1480   fz_ws.l
      1292         86         64          0          0        676   m_ws.l

    ----------------------------------------------------------------------
      5336        314         64          0        328       4252   Library Totals

    ----------------------------------------------------------------------

==============================================================================


      Code (inc. data)   RO Data    RW Data    ZI Data      Debug   

     22444       1670       5688       5436       3468     320458   Grand Totals
     22444       1670       5688       2636       3468     320458   ELF Image Totals (compressed)
     22444       1670       5688       2636          0          0   ROM Totals

==============================================================================

    Total RO  Size (Code + RO Data)                28132 (  27.47kB)
    Total RW  Size (RW Data + ZI Data)              8904 (   8.70kB)
    Total ROM Size (Code + RO Data + RW Data)      30768 (  30.05kB)

==============================================================================

