Component: ARM Compiler 5.06 update 6 (build 750) Tool: armlink [4d35ed]

==============================================================================

Section Cross References

    main.o(.text) refers to delay.o(.text) for delay_init
    main.o(.text) refers to oled.o(.text) for OLED_Init
    main.o(.text) refers to misc.o(.text) for NVIC_PriorityGroupConfig
    main.o(.text) refers to rtc.o(.text) for RTC_Init
    main.o(.text) refers to dht11.o(.text) for DHT11_Init
    main.o(.text) refers to usart3.o(.text) for USART3_Init
    main.o(.text) refers to timer.o(.text) for TIM3_Init
    main.o(.text) refers to button.o(.text) for Button_Init
    main.o(.text) refers to display.o(.text) for Dis_PowerOn
    main.o(.text) refers to esp8266.o(.text) for ESP8266_QueryWifi
    main.o(.text) refers to display.o(.data) for humidity
    main.o(.text) refers to main.o(.data) for delayi
    main.o(.text) refers to esp8266.o(.data) for g_8266State
    main.o(.text) refers to timer.o(.data) for BasicTimeFlg
    system_stm32f10x.o(.text) refers to system_stm32f10x.o(.data) for SystemCoreClock
    test.o(.text) refers to gui.o(.text) for GUI_ShowString
    test.o(.text) refers to delay.o(.text) for delay_ms
    test.o(.text) refers to oled.o(.text) for OLED_Clear
    test.o(.text) refers to test.o(.data) for bili_Logo_0
    test.o(.text) refers to rtc.o(.bss) for calendar
    test.o(.text) refers to esp8266.o(.data) for g_8266State
    test.o(.text) refers to test.o(.bss) for bmp_clear
    test.o(.text) refers to rand.o(.text) for srand
    test.o(.text) refers to rand.o(.emb_text) for rand
    gui.o(.text) refers to oled.o(.text) for OLED_Set_Pixel
    gui.o(.text) refers to gui.o(.constdata) for F24X34
    oled.o(.text) refers to stm32f10x_gpio.o(.text) for GPIO_SetBits
    oled.o(.text) refers to spi.o(.text) for SPI_WriteByte
    oled.o(.text) refers to aeabi_memset.o(.text) for __aeabi_memset
    oled.o(.text) refers to rt_memclr.o(.text) for __aeabi_memclr
    oled.o(.text) refers to delay.o(.text) for delay_ms
    oled.o(.text) refers to stm32f10x_rcc.o(.text) for RCC_APB2PeriphClockCmd
    oled.o(.text) refers to oled.o(.bss) for OLED_buffer
    spi.o(.text) refers to stm32f10x_gpio.o(.text) for GPIO_SetBits
    dht11.o(.text) refers to delay.o(.text) for delay_ms
    dht11.o(.text) refers to stm32f10x_rcc.o(.text) for RCC_APB2PeriphClockCmd
    dht11.o(.text) refers to stm32f10x_gpio.o(.text) for GPIO_Init
    rtc.o(.text) refers to misc.o(.text) for NVIC_Init
    rtc.o(.text) refers to stm32f10x_rtc.o(.text) for RTC_GetCounter
    rtc.o(.text) refers to stm32f10x_rcc.o(.text) for RCC_APB1PeriphClockCmd
    rtc.o(.text) refers to stm32f10x_pwr.o(.text) for PWR_BackupAccessCmd
    rtc.o(.text) refers to stm32f10x_bkp.o(.text) for BKP_ReadBackupRegister
    rtc.o(.text) refers to delay.o(.text) for delay_ms
    rtc.o(.text) refers to rtc.o(.constdata) for table_week
    rtc.o(.text) refers to rtc.o(.data) for daycnt
    rtc.o(.text) refers to rtc.o(.bss) for calendar
    esp8266.o(.text) refers to _printf_percent.o(.ARM.Collect$$_printf_percent$$00000000) for _printf_percent
    esp8266.o(.text) refers to _printf_s.o(.ARM.Collect$$_printf_percent$$00000014) for _printf_s
    esp8266.o(.text) refers to _printf_str.o(.text) for _printf_str
    esp8266.o(.text) refers to usart3.o(.text) for UartxSendAT
    esp8266.o(.text) refers to noretval__2snprintf.o(.text) for __2snprintf
    esp8266.o(.text) refers to rt_memclr_w.o(.text) for __aeabi_memclr4
    esp8266.o(.text) refers to delay.o(.text) for delay_ms
    esp8266.o(.text) refers to strstr.o(.text) for strstr
    esp8266.o(.text) refers to clibrary.o(.text) for FindStrPos
    esp8266.o(.text) refers to rt_memcpy_v6.o(.text) for __aeabi_memcpy
    esp8266.o(.text) refers to rtc.o(.text) for RTC_Set
    esp8266.o(.text) refers to usart3.o(.bss) for g_USART3_RxData
    esp8266.o(.text) refers to esp8266.o(.data) for g_Wifi
    esp8266.o(.text) refers to esp8266.o(.conststring) for .conststring
    esp8266.o(.data) refers to esp8266.o(.conststring) for .conststring
    usart3.o(.text) refers to stm32f10x_usart.o(.text) for USART_GetITStatus
    usart3.o(.text) refers to stm32f10x_rcc.o(.text) for RCC_APB2PeriphClockCmd
    usart3.o(.text) refers to stm32f10x_gpio.o(.text) for GPIO_Init
    usart3.o(.text) refers to misc.o(.text) for NVIC_Init
    usart3.o(.text) refers to strlen.o(.text) for strlen
    usart3.o(.text) refers to delay.o(.text) for delay_ms
    usart3.o(.text) refers to strstr.o(.text) for strstr
    usart3.o(.text) refers to rt_memclr.o(.text) for __aeabi_memclr
    usart3.o(.text) refers to usart3.o(.bss) for g_USART3_RxData
    button.o(.text) refers to button.o(.bss) for user_button
    button.o(.text) refers to stm32f10x_rcc.o(.text) for RCC_APB2PeriphClockCmd
    button.o(.text) refers to stm32f10x_gpio.o(.text) for GPIO_Init
    button.o(.text) refers to button.o(.data) for s_Turnflg
[...]
    .text                                    0x080036e8   Section        0  misc.o(.text)
    .text                                    0x080037c4   Section        0  stm32f10x_gpio.o(.text)
    .text                                    0x08003b20   Section        0  stm32f10x_rcc.o(.text)
    .text                                    0x08003ec4   Section        0  stm32f10x_rtc.o(.text)
    .text                                    0x0800400c   Section        0  stm32f10x_usart.o(.text)
    .text                                    0x08004414   Section        0  stm32f10x_bkp.o(.text)
    .text                                    0x080044d8   Section        0  stm32f10x_pwr.o(.text)
    .text                                    0x080045a4   Section        0  stm32f10x_tim.o(.text)
    TI4_Config                               0x08004a4b   Thumb Code   130  stm32f10x_tim.o(.text)
    TI3_Config                               0x08004adf   Thumb Code   122  stm32f10x_tim.o(.text)
    TI2_Config                               0x08004b73   Thumb Code   130  stm32f10x_tim.o(.text)
    TI1_Config                               0x08004c07   Thumb Code   108  stm32f10x_tim.o(.text)
    .text                                    0x080053c0   Section        0  clibrary.o(.text)
    .text                                    0x080055cc   Section        0  display.o(.text)
    .text                                    0x08005844   Section        2  use_no_semi_2.o(.text)
    .text                                    0x08005848   Section        0  noretval__2snprintf.o(.text)
    .text                                    0x0800587c   Section        0  __printf.o(.text)
    .text                                    0x080058e4   Section        0  _printf_str.o(.text)
    .text                                    0x08005938   Section        0  rand.o(.text)
    .text                                    0x08005974   Section        0  strstr.o(.text)
    .text                                    0x08005998   Section        0  memcmp.o(.text)
    .text                                    0x080059f0   Section        0  strlen.o(.text)
    .text                                    0x08005a2e   Section      138  rt_memcpy_v6.o(.text)
    .text                                    0x08005ab8   Section      100  rt_memcpy_w.o(.text)
    .text                                    0x08005b1c   Section       16  aeabi_memset.o(.text)
    .text                                    0x08005b2c   Section       68  rt_memclr.o(.text)
    .text                                    0x08005b70   Section       78  rt_memclr_w.o(.text)
    .text                                    0x08005bbe   Section        0  heapauxi.o(.text)
    .text                                    0x08005bc4   Section        2  use_no_semi.o(.text)
    .text                                    0x08005bc6   Section        0  _rserrno.o(.text)
    .text                                    0x08005bdc   Section        0  _printf_char_common.o(.text)
    _printf_input_char                       0x08005bdd   Thumb Code    10  _printf_char_common.o(.text)
    .text                                    0x08005c0c   Section        0  _sputc.o(.text)
    .text                                    0x08005c16   Section        0  _snputc.o(.text)
    .text                                    0x08005c26   Section        0  _printf_char.o(.text)
    .text                                    0x08005c54   Section        8  rt_errno_addr_intlibspace.o(.text)
    .text                                    0x08005c5c   Section        8  libspace.o(.text)
    .text                                    0x08005c64   Section       74  sys_stackheap_outer.o(.text)
    .text                                    0x08005cae   Section        0  exit.o(.text)
    i.__kernel_poly                          0x08005cc0   Section        0  poly.o(i.__kernel_poly)
    i.__mathlib_dbl_divzero                  0x08005d6c   Section        0  dunder.o(i.__mathlib_dbl_divzero)
    i.__mathlib_dbl_infnan                   0x08005d7c   Section        0  dunder.o(i.__mathlib_dbl_infnan)
    i.__mathlib_dbl_invalid                  0x08005d82   Section        0  dunder.o(i.__mathlib_dbl_invalid)
    i.log                                    0x08005d90   Section        0  log.o(i.log)
    i.log10                                  0x080060ec   Section        0  log10.o(i.log10)
    x$fpl$dadd                               0x080061d0   Section      336  daddsub_clz.o(x$fpl$dadd)
    _dadd1                                   0x080061e1   Thumb Code     0  daddsub_clz.o(x$fpl$dadd)
    x$fpl$dcheck1                            0x08006320   Section       16  dcheck1.o(x$fpl$dcheck1)
    x$fpl$dcmpinf                            0x08006330   Section       24  dcmpi.o(x$fpl$dcmpinf)
    x$fpl$ddiv                               0x08006348   Section      688  ddiv.o(x$fpl$ddiv)
    ddiv_entry                               0x0800634f   Thumb Code     0  ddiv.o(x$fpl$ddiv)
    x$fpl$deqf                               0x080065f8   Section      120  deqf.o(x$fpl$deqf)
    x$fpl$dfixu                              0x08006670   Section       90  dfixu.o(x$fpl$dfixu)
    x$fpl$dflt                               0x080066ca   Section       46  dflt_clz.o(x$fpl$dflt)
    x$fpl$dfltu                              0x080066f8   Section       38  dflt_clz.o(x$fpl$dfltu)
    x$fpl$dmul                               0x08006720   Section      340  dmul.o(x$fpl$dmul)
    x$fpl$dnaninf                            0x08006874   Section      156  dnaninf.o(x$fpl$dnaninf)
    x$fpl$dretinf                            0x08006910   Section       12  dretinf.o(x$fpl$dretinf)
    x$fpl$drsb                               0x0800691c   Section       22  daddsub_clz.o(x$fpl$drsb)
    x$fpl$dsub                               0x08006934   Section      468  daddsub_clz.o(x$fpl$dsub)
    _dsub1                                   0x08006945   Thumb Code     0  daddsub_clz.o(x$fpl$dsub)
    x$fpl$retnan                             0x08006b08   Section      100  retnan.o(x$fpl$retnan)
    x$fpl$scalbn                             0x08006b6c   Section       92  scalbn.o(x$fpl$scalbn)
    x$fpl$trapveneer                         0x08006bc8   Section       48  trapv.o(x$fpl$trapveneer)
    .constdata                               0x08006bf8   Section     4966  gui.o(.constdata)
    x$fpl$usenofp                            0x08006bf8   Section        0  usenofp.o(x$fpl$usenofp)
    .constdata                               0x08007f5e   Section       24  rtc.o(.constdata)
    .constdata                               0x08007f78   Section      118  clibrary.o(.constdata)
    .constdata                               0x08007ff0   Section       56  log.o(.constdata)
    Lg2                                      0x08007ff0   Data          24  log.o(.constdata)
    Lg                                       0x08008008   Data          32  log.o(.constdata)
    .constdata                               0x08008028   Section        8  qnan.o(.constdata)
    .conststring                             0x08008030   Section      134  esp8266.o(.conststring)
    .conststring                             0x080080b8   Section      105  clibrary.o(.conststring)
    .data                                    0x20000000   Section        3  main.o(.data)
    .data                                    0x20000004   Section       20  system_stm32f10x.o(.data)
    .data                                    0x20000018   Section     5868  test.o(.data)
    .data                                    0x20001704   Section        2  rtc.o(.data)
    daycnt                                   0x20001704   Data           2  rtc.o(.data)
    .data                                    0x20001708   Section       52  esp8266.o(.data)
    .data                                    0x2000173c   Section        1  button.o(.data)
    s_Turnflg                                0x2000173c   Data           1  button.o(.data)
    .data                                    0x2000173e   Section        6  timer.o(.data)
    .data                                    0x20001744   Section        4  delay.o(.data)
    fac_us                                   0x20001744   Data           1  delay.o(.data)
    fac_ms                                   0x20001746   Data           2  delay.o(.data)
    .data                                    0x20001748   Section        6  usart.o(.data)
    .data                                    0x2000174e   Section       20  stm32f10x_rcc.o(.data)
    APBAHBPrescTable                         0x2000174e   Data          16  stm32f10x_rcc.o(.data)
    ADCPrescTable                            0x2000175e   Data           4  stm32f10x_rcc.o(.data)
    .data                                    0x20001762   Section       14  display.o(.data)
    s_Cursor_position                        0x2000176f   Data           1  display.o(.data)
    .bss                                     0x20001770   Section       64  test.o(.bss)
    .bss                                     0x200017b0   Section     1024  oled.o(.bss)
    OLED_buffer                              0x200017b0   Data        1024  oled.o(.bss)
    .bss                                     0x20001bb0   Section       10  rtc.o(.bss)
    .bss                                     0x20001bba   Section      304  usart3.o(.bss)
    .bss                                     0x20001cec   Section       60  button.o(.bss)
    .bss                                     0x20001d28   Section      200  usart.o(.bss)
    .bss                                     0x20001df0   Section      228  rand.o(.bss)
    .bss                                     0x20001ed4   Section       96  libspace.o(.bss)
    HEAP                                     0x20001f38   Section      512  startup_stm32f10x_md.o(HEAP)
    Heap_Mem                                 0x20001f38   Data         512  startup_stm32f10x_md.o(HEAP)
    STACK                                    0x20002138   Section     1024  startup_stm32f10x_md.o(STACK)
    Stack_Mem                                0x20002138   Data        1024  startup_stm32f10x_md.o(STACK)
    __initial_sp                             0x20002538   Data           0  startup_stm32f10x_md.o(STACK)

    Global Symbols

    Symbol Name                              Value     Ov Type        Size  Object(Section)

    BuildAttributes$$THM_ISAv4$P$D$K$B$S$PE$A:L22UL41UL21$X:L11$S22US41US21$IEEE1$IW$USESV6$~STKCKD$USESV7$~SHL$OTIME$ROPI$IEEEX$EBA8$UX$STANDARDLIB$REQ8$PRES8$EABIv2 0x00000000   Number         0  anon$$obj.o ABSOLUTE
    __ARM_use_no_argv                        0x00000000   Number         0  main.o ABSOLUTE
    __ARM_exceptions_init                     - Undefined Weak Reference
    __alloca_initialize                       - Undefined Weak Reference
    __arm_preinit_                            - Undefined Weak Reference
    __cpp_initialize__aeabi_                  - Undefined Weak Reference
    __cxa_finalize                            - Undefined Weak Reference
    __rt_locale                               - Undefined Weak Reference
    __sigvec_lookup                           - Undefined Weak Reference
    _atexit_init                              - Undefined Weak Reference
    _call_atexit_fns                          - Undefined Weak Reference
    _clock_init                               - Undefined Weak Reference
    _fp_trap_init                             - Undefined Weak Reference
    _fp_trap_shutdown                         - Undefined Weak Reference
    _get_lc_collate                           - Undefined Weak Reference
    _get_lc_ctype                             - Undefined Weak Reference
    _get_lc_monetary                          - Undefined Weak Reference
    _get_lc_numeric                           - Undefined Weak Reference
    _get_lc_time                              - Undefined Weak Reference
    _getenv_init                              - Undefined Weak Reference
    _handle_redirection                       - Undefined Weak Reference
    _init_alloc                               - Undefined Weak Reference
    _init_user_alloc                          - Undefined Weak Reference
    _initio                                   - Undefined Weak Reference
    _printf_mbtowc                            - Undefined Weak Reference
    _printf_post_padding                      - Undefined Weak Reference
    _printf_pre_padding                       - Undefined Weak Reference
    _signal_finish                            - Undefined Weak Reference
    _signal_init                              - Undefined Weak Reference
    _terminate_alloc                          - Undefined Weak Reference
    _terminate_user_alloc                     - Undefined Weak Reference
    _terminateio                              - Undefined Weak Reference
    __Vectors_Size                           0x000000ec   Number         0  startup_stm32f10x_md.o ABSOLUTE
    __Vectors                                0x08000000   Data           4  startup_stm32f10x_md.o(RESET)
    __Vectors_End                            0x080000ec   Data           0  startup_stm32f10x_md.o(RESET)
    __main                                   0x080000ed   Thumb Code     8  __main.o(!!!main)
    __scatterload                            0x080000f5   Thumb Code     0  __scatter.o(!!!scatter)
    __scatterload_rt2                        0x080000f5   Thumb Code    44  __scatter.o(!!!scatter)
    __scatterload_rt2_thumb_only             0x080000f5   Thumb Code     0  __scatter.o(!!!scatter)
    __scatterload_null                       0x08000103   Thumb Code     0  __scatter.o(!!!scatter)
    __decompress                             0x08000129   Thumb Code   100  __dclz77c.o(!!dclz77c)
    __decompress2                            0x08000129   Thumb Code     0  __dclz77c.o(!!dclz77c)
    __scatterload_zeroinit                   0x0800018d   Thumb Code    28  __scatter_zi.o(!!handler_zi)
    _printf_percent                          0x080001a9   Thumb Code     0  _printf_percent.o(.ARM.Collect$$_printf_percent$$00000000)
    _printf_s                                0x080001a9   Thumb Code     0  _printf_s.o(.ARM.Collect$$_printf_percent$$00000014)
    _printf_percent_end                      0x080001af   Thumb Code     0  _printf_percent_end.o(.ARM.Collect$$_printf_percent$$00000017)
    __rt_lib_init                            0x080001b3   Thumb Code     0  libinit.o(.ARM.Collect$$libinit$$00000000)
    __rt_lib_init_fp_1                       0x080001b5   Thumb Code     0  libinit2.o(.ARM.Collect$$libinit$$00000002)
    __rt_lib_init_heap_1                     0x080001b5   Thumb Code     0  libinit2.o(.ARM.Collect$$libinit$$0000000A)
    __rt_lib_init_preinit_1                  0x080001b5   Thumb Code     0  libinit2.o(.ARM.Collect$$libinit$$00000004)
    __rt_lib_init_rand_2                     0x080001b5   Thumb Code     0  libinit2.o(.ARM.Collect$$libinit$$0000000D)
    __rt_lib_init_user_alloc_1               0x080001b5   Thumb Code     0  libinit2.o(.ARM.Collect$$libinit$$0000000C)
    __rt_lib_init_alloca_1                   0x080001b9   Thumb Code     0  libinit2.o(.ARM.Collect$$libinit$$0000002E)
    __rt_lib_init_argv_1                     0x080001b9   Thumb Code     0  libinit2.o(.ARM.Collect$$libinit$$0000002C)
    __rt_lib_init_atexit_1                   0x080001b9   Thumb Code     0  libinit2.o(.ARM.Collect$$libinit$$0000001B)
    __rt_lib_init_clock_1                    0x080001b9   Thumb Code     0  libinit2.o(.ARM.Collect$$libinit$$00000021)
    __rt_lib_init_cpp_1                      0x080001b9   Thumb Code     0  libinit2.o(.ARM.Collect$$libinit$$00000032)
    __rt_lib_init_exceptions_1               0x080001b9   Thumb Code     0  libinit2.o(.ARM.Collect$$libinit$$00000030)
    __rt_lib_init_fp_trap_1                  0x080001b9   Thumb Code     0  libinit2.o(.ARM.Collect$$libinit$$0000001F)
    __rt_lib_init_getenv_1                   0x080001b9   Thumb Code     0  libinit2.o(.ARM.Collect$$libinit$$00000023)
    __rt_lib_init_lc_collate_1               0x080001b9   Thumb Code     0  libinit2.o(.ARM.Collect$$libinit$$00000011)
    __rt_lib_init_lc_ctype_1                 0x080001b9   Thumb Code     0  libinit2.o(.ARM.Collect$$libinit$$00000013)
    __rt_lib_init_lc_monetary_1              0x080001b9   Thumb Code     0  libinit2.o(.ARM.Collect$$libinit$$00000015)
    __rt_lib_init_lc_numeric_1               0x080001b9   Thumb Code     0  libinit2.o(.ARM.Collect$$libinit$$00000017)
    __rt_lib_init_lc_time_1                  0x080001b9   Thumb Code     0  libinit2.o(.ARM.Collect$$libinit$$00000019)
    __rt_lib_init_rand_1                     0x080001b9   Thumb Code     0  libinit2.o(.ARM.Collect$$libinit$$0000000E)
    __rt_lib_init_return                     0x080001b9   Thumb Code     0  libinit2.o(.ARM.Collect$$libinit$$00000033)
    __rt_lib_init_signal_1                   0x080001b9   Thumb Code     0  libinit2.o(.ARM.Collect$$libinit$$0000001D)
    __rt_lib_init_stdio_1                    0x080001b9   Thumb Code     0  libinit2.o(.ARM.Collect$$libinit$$00000025)
    __rt_lib_shutdown                        0x080001bb   Thumb Code     0  libshutdown.o(.ARM.Collect$$libshutdown$$00000000)
    __rt_lib_shutdown_cpp_1                  0x080001bd   Thumb Code     0  libshutdown2.o(.ARM.Collect$$libshutdown$$00000002)
    __rt_lib_shutdown_fp_trap_1              0x080001bd   Thumb Code     0  libshutdown2.o(.ARM.Collect$$libshutdown$$00000007)
    __rt_lib_shutdown_heap_1                 0x080001bd   Thumb Code     0  libshutdown2.o(.ARM.Collect$$libshutdown$$0000000F)
    __rt_lib_shutdown_return                 0x080001bd   Thumb Code     0  libshutdown2.o(.ARM.Collect$$libshutdown$$00000010)
    __rt_lib_shutdown_signal_1               0x080001bd   Thumb Code     0  libshutdown2.o(.ARM.Collect$$libshutdown$$0000000A)
    __rt_lib_shutdown_stdio_1                0x080001bd   Thumb Code     0  libshutdown2.o(.ARM.Collect$$libshutdown$$00000004)
    __rt_lib_shutdown_user_alloc_1           0x080001bd   Thumb Code     0  libshutdown2.o(.ARM.Collect$$libshutdown$$0000000C)
    __rt_entry                               0x080001bf   Thumb Code     0  __rtentry.o(.ARM.Collect$$rtentry$$00000000)
    __rt_entry_presh_1                       0x080001bf   Thumb Code     0  __rtentry2.o(.ARM.Collect$$rtentry$$00000002)
    __rt_entry_sh                            0x080001bf   Thumb Code     0  __rtentry4.o(.ARM.Collect$$rtentry$$00000004)
    __rt_entry_li                            0x080001c5   Thumb Code     0  __rtentry2.o(.ARM.Collect$$rtentry$$0000000A)
    __rt_entry_postsh_1                      0x080001c5   Thumb Code     0  __rtentry2.o(.ARM.Collect$$rtentry$$00000009)
    __rt_entry_main                          0x080001c9   Thumb Code     0  __rtentry2.o(.ARM.Collect$$rtentry$$0000000D)
    __rt_entry_postli_1                      0x080001c9   Thumb Code     0  __rtentry2.o(.ARM.Collect$$rtentry$$0000000C)
    __rt_exit                                0x080001d1   Thumb Code     0  rtexit.o(.ARM.Collect$$rtexit$$00000000)
    __rt_exit_ls                             0x080001d3   Thumb Code     0  rtexit2.o(.ARM.Collect$$rtexit$$00000003)
    __rt_exit_prels_1                        0x080001d3   Thumb Code     0  rtexit2.o(.ARM.Collect$$rtexit$$00000002)
    __rt_exit_exit                           0x080001d7   Thumb Code     0  rtexit2.o(.ARM.Collect$$rtexit$$00000004)
    rand                                     0x080001dd   Thumb Code    48  rand.o(.emb_text)
    main                                     0x08000211   Thumb Code   256  main.o(.text)
    NMI_Handler                              0x08000329   Thumb Code     2  stm32f10x_it.o(.text)
    HardFault_Handler                        0x0800032b   Thumb Code     4  stm32f10x_it.o(.text)
    MemManage_Handler                        0x0800032f   Thumb Code     4  stm32f10x_it.o(.text)
    BusFault_Handler                         0x08000333   Thumb Code     4  stm32f10x_it.o(.text)
    UsageFault_Handler                       0x08000337   Thumb Code     4  stm32f10x_it.o(.text)
    SVC_Handler                              0x0800033b   Thumb Code     2  stm32f10x_it.o(.text)
    DebugMon_Handler                         0x0800033d   Thumb Code     2  stm32f10x_it.o(.text)
    PendSV_Handler                           0x0800033f   Thumb Code     2  stm32f10x_it.o(.text)
    SysTick_Handler                          0x08000341   Thumb Code     2  stm32f10x_it.o(.text)
    SystemInit                               0x08000423   Thumb Code    78  system_stm32f10x.o(.text)
    SystemCoreClockUpdate                    0x08000471   Thumb Code   142  system_stm32f10x.o(.text)
    TEST_MainPage                            0x08000525   Thumb Code    84  test.o(.text)
    Test_Color                               0x08000579   Thumb Code    66  test.o(.text)
    Test_Rectangular                         0x080005bb   Thumb Code   114  test.o(.text)
    Test_Circle                              0x0800062d   Thumb Code    98  test.o(.text)
    Test_Triangle                            0x0800068f   Thumb Code   134  test.o(.text)
    TEST_English                             0x08000715   Thumb Code    84  test.o(.text)
    TEST_Number_Character                    0x08000769   Thumb Code   118  test.o(.text)
    TEST_Chinese                             0x080007df   Thumb Code   142  test.o(.text)
    TEST_BMP                                 0x0800086d   Thumb Code   564  test.o(.text)
    Dis_time                                 0x08000aa1   Thumb Code   240  test.o(.text)
    main_bmp                                 0x08000b91   Thumb Code   348  test.o(.text)
    menu_wifi                                0x08000ced   Thumb Code    24  test.o(.text)
    menu_Time                                0x08000d05   Thumb Code    24  test.o(.text)
    TEST_Menu1                               0x08000d1d   Thumb Code   858  test.o(.text)
    TEST_Menu2                               0x08001077   Thumb Code   410  test.o(.text)
    GUI_DrawPoint                            0x0800125d   Thumb Code    24  gui.o(.text)
    GUI_Fill                                 0x08001275   Thumb Code    78  gui.o(.text)
    GUI_DrawLine                             0x080012c3   Thumb Code   176  gui.o(.text)
    GUI_DrawRectangle                        0x08001373   Thumb Code    74  gui.o(.text)
    GUI_FillRectangle                        0x080013bd   Thumb Code    36  gui.o(.text)
    GUI_DrawCircle                           0x08001465   Thumb Code    82  gui.o(.text)
    GUI_FillCircle                           0x080014b7   Thumb Code    96  gui.o(.text)
    GUI_DrawTriangel                         0x08001517   Thumb Code    64  gui.o(.text)
    GUI_FillTriangel                         0x08001589   Thumb Code   508  gui.o(.text)
    GUI_ShowChar                             0x08001785   Thumb Code   424  gui.o(.text)
    GUI_ShowString                           0x0800192d   Thumb Code   134  gui.o(.text)
    GUI_ShowNum                              0x080019c9   Thumb Code   170  gui.o(.text)
    GUI_ShowFont16                           0x08001a73   Thumb Code   236  gui.o(.text)
    GUI_ShowFont24                           0x08001b5f   Thumb Code   276  gui.o(.text)
    GUI_ShowFont32                           0x08001c73   Thumb Code   244  gui.o(.text)
    GUI_ShowCHinese                          0x08001d67   Thumb Code   106  gui.o(.text)
    GUI_DrawBMP                              0x08001dd1   Thumb Code   168  gui.o(.text)
    OLED_WR_Byte                             0x08001e81   Thumb Code    50  oled.o(.text)
    OLED_Set_Pos                             0x08001eb3   Thumb Code    56  oled.o(.text)
    OLED_Display_On                          0x08001eeb   Thumb Code    28  oled.o(.text)
    OLED_Display_Off                         0x08001f07   Thumb Code    28  oled.o(.text)
    OLED_Set_Pixel                           0x08001f23   Thumb Code   122  oled.o(.text)
    OLED_Display                             0x08001f9d   Thumb Code    68  oled.o(.text)
    OLED_Clear                               0x08001fe1   Thumb Code    36  oled.o(.text)
    OLED_Reset                               0x08002005   Thumb Code    40  oled.o(.text)
    OLED_Init_GPIO                           0x0800202d   Thumb Code    46  oled.o(.text)
    OLED_Init                                0x0800205b   Thumb Code   218  oled.o(.text)
    SPI_WriteByte                            0x0800213d   Thumb Code    64  spi.o(.text)
    DHT11_Rst                                0x08002181   Thumb Code    52  dht11.o(.text)
    DHT11_Check                              0x080021b5   Thumb Code    96  dht11.o(.text)
    DHT11_Read_Bit                           0x08002215   Thumb Code    76  dht11.o(.text)
    DHT11_Read_Byte                          0x08002261   Thumb Code    30  dht11.o(.text)
    DHT11_Read_Data                          0x0800227f   Thumb Code    88  dht11.o(.text)
    DHT11_Init                               0x080022d7   Thumb Code    54  dht11.o(.text)
    RTC_Get_Week                             0x08002339   Thumb Code   116  rtc.o(.text)
    Is_Leap_Year                             0x080023ad   Thumb Code    58  rtc.o(.text)
    RTC_Get                                  0x080023e7   Thumb Code   240  rtc.o(.text)
    RTC_Set                                  0x080024d7   Thumb Code   184  rtc.o(.text)
    RTC_Init                                 0x0800258f   Thumb Code   170  rtc.o(.text)
    RTC_Alarm_Set                            0x08002639   Thumb Code   184  rtc.o(.text)
    ESP8266_RST                              0x0800270d   Thumb Code    78  esp8266.o(.text)
    ESP8266_QueryWifi                        0x0800275b   Thumb Code    54  esp8266.o(.text)
    ESP8266_ConnectWifi                      0x08002791   Thumb Code    74  esp8266.o(.text)
    ESP8266_GetTime                          0x080027db   Thumb Code   428  esp8266.o(.text)
    ESP8266_Weather                          0x08002987   Thumb Code   290  esp8266.o(.text)
    ESP8266_Event                            0x08002aa9   Thumb Code     2  esp8266.o(.text)
    USART3_IRQHandler                        0x08002be5   Thumb Code   110  usart3.o(.text)
    USART3_Init                              0x08002c53   Thumb Code   162  usart3.o(.text)
    UartxSendData                            0x08002cf5   Thumb Code    62  usart3.o(.text)
    UartxSendStr                             0x08002d33   Thumb Code    68  usart3.o(.text)
    UartxWaitAT                              0x08002d77   Thumb Code    50  usart3.o(.text)
    UartxSendAT                              0x08002da9   Thumb Code    48  usart3.o(.text)
    UserButtonInit                           0x08002e19   Thumb Code   176  button.o(.text)
    GetButtonData                            0x08002ec9   Thumb Code    58  button.o(.text)
    GetButtonEvent                           0x08002f03   Thumb Code   766  button.o(.text)
    GetEC11Data                              0x08003201   Thumb Code   116  button.o(.text)
    Buttontask                               0x08003275   Thumb Code   246  button.o(.text)
    Button_Init                              0x0800336b   Thumb Code    68  button.o(.text)
    HandleButtonEvent                        0x080033af   Thumb Code    22  button.o(.text)
    TIM3_Init                                0x080033dd   Thumb Code    92  timer.o(.text)
    TIM3_IRQHandler                          0x08003439   Thumb Code    78  timer.o(.text)
    delay_init                               0x08003495   Thumb Code    50  delay.o(.text)
    delay_us                                 0x080034c7   Thumb Code    72  delay.o(.text)
    delay_ms                                 0x0800350f   Thumb Code    72  delay.o(.text)
    _sys_exit                                0x08003569   Thumb Code     4  usart.o(.text)
    fputc                                    0x0800356d   Thumb Code    24  usart.o(.text)
    uart_init                                0x08003585   Thumb Code   152  usart.o(.text)
    USART1_IRQHandler                        0x0800361d   Thumb Code   122  usart.o(.text)
    Reset_Handler                            0x080036a9   Thumb Code     8  startup_stm32f10x_md.o(.text)
    ADC1_2_IRQHandler                        0x080036c3   Thumb Code     0  startup_stm32f10x_md.o(.text)
    CAN1_RX1_IRQHandler                      0x080036c3   Thumb Code     0  startup_stm32f10x_md.o(.text)
    CAN1_SCE_IRQHandler                      0x080036c3   Thumb Code     0  startup_stm32f10x_md.o(.text)
    DMA1_Channel1_IRQHandler                 0x080036c3   Thumb Code     0  startup_stm32f10x_md.o(.text)
    DMA1_Channel2_IRQHandler                 0x080036c3   Thumb Code     0  startup_stm32f10x_md.o(.text)
    DMA1_Channel3_IRQHandler                 0x080036c3   Thumb Code     0  startup_stm32f10x_md.o(.text)
    DMA1_Channel4_IRQHandler                 0x080036c3   Thumb Code     0  startup_stm32f10x_md.o(.text)
    DMA1_Channel5_IRQHandler                 0x080036c3   Thumb Code     0  startup_stm32f10x_md.o(.text)
    DMA1_Channel6_IRQHandler                 0x080036c3   Thumb Code     0  startup_stm32f10x_md.o(.text)
    DMA1_Channel7_IRQHandler                 0x080036c3   Thumb Code     0  startup_stm32f10x_md.o(.text)
    EXTI0_IRQHandler                         0x080036c3   Thumb Code     0  startup_stm32f10x_md.o(.text)
    EXTI15_10_IRQHandler                     0x080036c3   Thumb Code     0  startup_stm32f10x_md.o(.text)
    EXTI1_IRQHandler                         0x080036c3   Thumb Code     0  startup_stm32f10x_md.o(.text)
    EXTI2_IRQHandler                         0x080036c3   Thumb Code     0  startup_stm32f10x_md.o(.text)
    EXTI3_IRQHandler                         0x080036c3   Thumb Code     0  startup_stm32f10x_md.o(.text)
    EXTI4_IRQHandler                         0x080036c3   Thumb Code     0  startup_stm32f10x_md.o(.text)
    EXTI9_5_IRQHandler                       0x080036c3   Thumb Code     0  startup_stm32f10x_md.o(.text)
    FLASH_IRQHandler                         0x080036c3   Thumb Code     0  startup_stm32f10x_md.o(.text)
    I2C1_ER_IRQHandler                       0x080036c3   Thumb Code     0  startup_stm32f10x_md.o(.text)
    I2C1_EV_IRQHandler                       0x080036c3   Thumb Code     0  startup_stm32f10x_md.o(.text)
    I2C2_ER_IRQHandler                       0x080036c3   Thumb Code     0  startup_stm32f10x_md.o(.text)
    I2C2_EV_IRQHandler                       0x080036c3   Thumb Code     0  startup_stm32f10x_md.o(.text)
    PVD_IRQHandler                           0x080036c3   Thumb Code     0  startup_stm32f10x_md.o(.text)
    RCC_IRQHandler                           0x080036c3   Thumb Code     0  startup_stm32f10x_md.o(.text)
    RTCAlarm_IRQHandler                      0x080036c3   Thumb Code     0  startup_stm32f10x_md.o(.text)
    RTC_IRQHandler                           0x080036c3   Thumb Code     0  startup_stm32f10x_md.o(.text)
    SPI1_IRQHandler                          0x080036c3   Thumb Code     0  startup_stm32f10x_md.o(.text)
    SPI2_IRQHandler                          0x080036c3   Thumb Code     0  startup_stm32f10x_md.o(.text)
    TAMPER_IRQHandler                        0x080036c3   Thumb Code     0  startup_stm32f10x_md.o(.text)
    TIM1_BRK_IRQHandler                      0x080036c3   Thumb Code     0  startup_stm32f10x_md.o(.text)
    TIM1_CC_IRQHandler                       0x080036c3   Thumb Code     0  startup_stm32f10x_md.o(.text)
    TIM1_TRG_COM_IRQHandler                  0x080036c3   Thumb Code     0  startup_stm32f10x_md.o(.text)
    TIM1_UP_IRQHandler                       0x080036c3   Thumb Code     0  startup_stm32f10x_md.o(.text)
    TIM2_IRQHandler                          0x080036c3   Thumb Code     0  startup_stm32f10x_md.o(.text)
    TIM4_IRQHandler                          0x080036c3   Thumb Code     0  startup_stm32f10x_md.o(.text)
    USART2_IRQHandler                        0x080036c3   Thumb Code     0  startup_stm32f10x_md.o(.text)
    USBWakeUp_IRQHandler                     0x080036c3   Thumb Code     0  startup_stm32f10x_md.o(.text)
    USB_HP_CAN1_TX_IRQHandler                0x080036c3   Thumb Code     0  startup_stm32f10x_md.o(.text)
    USB_LP_CAN1_RX0_IRQHandler               0x080036c3   Thumb Code     0  startup_stm32f10x_md.o(.text)
    WWDG_IRQHandler                          0x080036c3   Thumb Code     0  startup_stm32f10x_md.o(.text)
    __user_initial_stackheap                 0x080036c5   Thumb Code     0  startup_stm32f10x_md.o(.text)
    NVIC_PriorityGroupConfig                 0x080036e9   Thumb Code    10  misc.o(.text)
    NVIC_Init                                0x080036f3   Thumb Code   100  misc.o(.text)
    NVIC_SetVectorTable                      0x08003757   Thumb Code    14  misc.o(.text)
    NVIC_SystemLPConfig                      0x08003765   Thumb Code    34  misc.o(.text)
    SysTick_CLKSourceConfig                  0x08003787   Thumb Code    40  misc.o(.text)
    GPIO_DeInit                              0x080037c5   Thumb Code   172  stm32f10x_gpio.o(.text)
    GPIO_AFIODeInit                          0x08003871   Thumb Code    20  stm32f10x_gpio.o(.text)
    GPIO_Init                                0x08003885   Thumb Code   278  stm32f10x_gpio.o(.text)
    GPIO_StructInit                          0x0800399b   Thumb Code    16  stm32f10x_gpio.o(.text)
    GPIO_ReadInputDataBit                    0x080039ab   Thumb Code    18  stm32f10x_gpio.o(.text)
    GPIO_ReadInputData                       0x080039bd   Thumb Code     8  stm32f10x_gpio.o(.text)
    GPIO_ReadOutputDataBit                   0x080039c5   Thumb Code    18  stm32f10x_gpio.o(.text)
    GPIO_ReadOutputData                      0x080039d7   Thumb Code     8  stm32f10x_gpio.o(.text)
    GPIO_SetBits                             0x080039df   Thumb Code     4  stm32f10x_gpio.o(.text)
    GPIO_ResetBits                           0x080039e3   Thumb Code     4  stm32f10x_gpio.o(.text)
    GPIO_WriteBit                            0x080039e7   Thumb Code    10  stm32f10x_gpio.o(.text)
    GPIO_Write                               0x080039f1   Thumb Code     4  stm32f10x_gpio.o(.text)
    GPIO_PinLockConfig                       0x080039f5   Thumb Code    18  stm32f10x_gpio.o(.text)
    GPIO_EventOutputConfig                   0x08003a07   Thumb Code    26  stm32f10x_gpio.o(.text)
    GPIO_EventOutputCmd                      0x08003a21   Thumb Code     6  stm32f10x_gpio.o(.text)
    GPIO_PinRemapConfig                      0x08003a27   Thumb Code   138  stm32f10x_gpio.o(.text)
    GPIO_EXTILineConfig                      0x08003ab1   Thumb Code    66  stm32f10x_gpio.o(.text)
    GPIO_ETH_MediaInterfaceConfig            0x08003af3   Thumb Code     8  stm32f10x_gpio.o(.text)
    RCC_DeInit                               0x08003b21   Thumb Code    64  stm32f10x_rcc.o(.text)
    RCC_HSEConfig                            0x08003b61   Thumb Code    70  stm32f10x_rcc.o(.text)
    RCC_GetFlagStatus                        0x08003ba7   Thumb Code    56  stm32f10x_rcc.o(.text)
    RCC_WaitForHSEStartUp                    0x08003bdf   Thumb Code    56  stm32f10x_rcc.o(.text)
    RCC_AdjustHSICalibrationValue            0x08003c17   Thumb Code    20  stm32f10x_rcc.o(.text)
    RCC_HSICmd                               0x08003c2b   Thumb Code     6  stm32f10x_rcc.o(.text)
    RCC_PLLConfig                            0x08003c31   Thumb Code    24  stm32f10x_rcc.o(.text)
    RCC_PLLCmd                               0x08003c49   Thumb Code     6  stm32f10x_rcc.o(.text)
    RCC_SYSCLKConfig                         0x08003c4f   Thumb Code    18  stm32f10x_rcc.o(.text)
    RCC_GetSYSCLKSource                      0x08003c61   Thumb Code    10  stm32f10x_rcc.o(.text)
    RCC_HCLKConfig                           0x08003c6b   Thumb Code    18  stm32f10x_rcc.o(.text)
    RCC_PCLK1Config                          0x08003c7d   Thumb Code    18  stm32f10x_rcc.o(.text)
    RCC_PCLK2Config                          0x08003c8f   Thumb Code    20  stm32f10x_rcc.o(.text)
    RCC_ITConfig                             0x08003ca3   Thumb Code    26  stm32f10x_rcc.o(.text)
    RCC_USBCLKConfig                         0x08003cbd   Thumb Code     8  stm32f10x_rcc.o(.text)
    RCC_ADCCLKConfig                         0x08003cc5   Thumb Code    18  stm32f10x_rcc.o(.text)
    RCC_LSEConfig                            0x08003cd7   Thumb Code    50  stm32f10x_rcc.o(.text)
    RCC_LSICmd                               0x08003d09   Thumb Code     6  stm32f10x_rcc.o(.text)
    RCC_RTCCLKConfig                         0x08003d0f   Thumb Code    12  stm32f10x_rcc.o(.text)
    RCC_RTCCLKCmd                            0x08003d1b   Thumb Code     8  stm32f10x_rcc.o(.text)
    RCC_GetClocksFreq                        0x08003d23   Thumb Code   192  stm32f10x_rcc.o(.text)
    RCC_AHBPeriphClockCmd                    0x08003de3   Thumb Code    26  stm32f10x_rcc.o(.text)
    RCC_APB2PeriphClockCmd                   0x08003dfd   Thumb Code    26  stm32f10x_rcc.o(.text)
    RCC_APB1PeriphClockCmd                   0x08003e17   Thumb Code    26  stm32f10x_rcc.o(.text)
    RCC_APB2PeriphResetCmd                   0x08003e31   Thumb Code    26  stm32f10x_rcc.o(.text)
    RCC_APB1PeriphResetCmd                   0x08003e4b   Thumb Code    26  stm32f10x_rcc.o(.text)
    RCC_BackupResetCmd                       0x08003e65   Thumb Code     8  stm32f10x_rcc.o(.text)
    RCC_ClockSecuritySystemCmd               0x08003e6d   Thumb Code     6  stm32f10x_rcc.o(.text)
    RCC_MCOConfig                            0x08003e73   Thumb Code     6  stm32f10x_rcc.o(.text)
    RCC_ClearFlag                            0x08003e79   Thumb Code    14  stm32f10x_rcc.o(.text)
    RCC_GetITStatus                          0x08003e87   Thumb Code    20  stm32f10x_rcc.o(.text)
    RCC_ClearITPendingBit                    0x08003e9b   Thumb Code     6  stm32f10x_rcc.o(.text)
    RTC_ITConfig                             0x08003ec5   Thumb Code    26  stm32f10x_rtc.o(.text)
    RTC_EnterConfigMode                      0x08003edf   Thumb Code    18  stm32f10x_rtc.o(.text)
    RTC_ExitConfigMode                       0x08003ef1   Thumb Code    20  stm32f10x_rtc.o(.text)
    RTC_GetCounter                           0x08003f05   Thumb Code    18  stm32f10x_rtc.o(.text)
    RTC_SetCounter                           0x08003f17   Thumb Code    26  stm32f10x_rtc.o(.text)
    RTC_SetPrescaler                         0x08003f31   Thumb Code    28  stm32f10x_rtc.o(.text)
    RTC_SetAlarm                             0x08003f4d   Thumb Code    26  stm32f10x_rtc.o(.text)
    RTC_GetDivider                           0x08003f67   Thumb Code    22  stm32f10x_rtc.o(.text)
    RTC_WaitForLastTask                      0x08003f7d   Thumb Code    18  stm32f10x_rtc.o(.text)
    RTC_WaitForSynchro                       0x08003f8f   Thumb Code    36  stm32f10x_rtc.o(.text)
    RTC_GetFlagStatus                        0x08003fb3   Thumb Code    22  stm32f10x_rtc.o(.text)
    RTC_ClearFlag                            0x08003fc9   Thumb Code    16  stm32f10x_rtc.o(.text)
    RTC_GetITStatus                          0x08003fd9   Thumb Code    32  stm32f10x_rtc.o(.text)
    RTC_ClearITPendingBit                    0x08003ff9   Thumb Code    16  stm32f10x_rtc.o(.text)
    USART_DeInit                             0x0800400d   Thumb Code   134  stm32f10x_usart.o(.text)
    USART_Init                               0x08004093   Thumb Code   210  stm32f10x_usart.o(.text)
    USART_StructInit                         0x08004165   Thumb Code    24  stm32f10x_usart.o(.text)
    USART_ClockInit                          0x0800417d   Thumb Code    34  stm32f10x_usart.o(.text)
    USART_ClockStructInit                    0x0800419f   Thumb Code    12  stm32f10x_usart.o(.text)
    USART_Cmd                                0x080041ab   Thumb Code    24  stm32f10x_usart.o(.text)
    USART_ITConfig                           0x080041c3   Thumb Code    74  stm32f10x_usart.o(.text)
    USART_DMACmd                             0x0800420d   Thumb Code    18  stm32f10x_usart.o(.text)
    USART_SetAddress                         0x0800421f   Thumb Code    18  stm32f10x_usart.o(.text)
    USART_WakeUpConfig                       0x08004231   Thumb Code    18  stm32f10x_usart.o(.text)
    USART_ReceiverWakeUpCmd                  0x08004243   Thumb Code    24  stm32f10x_usart.o(.text)
    USART_LINBreakDetectLengthConfig         0x0800425b   Thumb Code    18  stm32f10x_usart.o(.text)
    USART_LINCmd                             0x0800426d   Thumb Code    24  stm32f10x_usart.o(.text)
    USART_SendData                           0x08004285   Thumb Code     8  stm32f10x_usart.o(.text)
    USART_ReceiveData                        0x0800428d   Thumb Code    10  stm32f10x_usart.o(.text)
    USART_SendBreak                          0x08004297   Thumb Code    10  stm32f10x_usart.o(.text)
    USART_SetGuardTime                       0x080042a1   Thumb Code    16  stm32f10x_usart.o(.text)
    USART_SetPrescaler                       0x080042b1   Thumb Code    16  stm32f10x_usart.o(.text)
    USART_SmartCardCmd                       0x080042c1   Thumb Code    24  stm32f10x_usart.o(.text)
    USART_SmartCardNACKCmd                   0x080042d9   Thumb Code    24  stm32f10x_usart.o(.text)
    USART_HalfDuplexCmd                      0x080042f1   Thumb Code    24  stm32f10x_usart.o(.text)
    USART_OverSampling8Cmd                   0x08004309   Thumb Code    22  stm32f10x_usart.o(.text)
    USART_OneBitMethodCmd                    0x0800431f   Thumb Code    24  stm32f10x_usart.o(.text)
    USART_IrDAConfig                         0x08004337   Thumb Code    18  stm32f10x_usart.o(.text)
    USART_IrDACmd                            0x08004349   Thumb Code    24  stm32f10x_usart.o(.text)
    USART_GetFlagStatus                      0x08004361   Thumb Code    26  stm32f10x_usart.o(.text)
    USART_ClearFlag                          0x0800437b   Thumb Code    18  stm32f10x_usart.o(.text)
    USART_GetITStatus                        0x0800438d   Thumb Code    84  stm32f10x_usart.o(.text)
    USART_ClearITPendingBit                  0x080043e1   Thumb Code    52  stm32f10x_usart.o(.text)
    BKP_DeInit                               0x08004415   Thumb Code    16  stm32f10x_bkp.o(.text)
    BKP_TamperPinLevelConfig                 0x08004425   Thumb Code     6  stm32f10x_bkp.o(.text)
    BKP_TamperPinCmd                         0x0800442b   Thumb Code     8  stm32f10x_bkp.o(.text)
    BKP_ITConfig                             0x08004433   Thumb Code     8  stm32f10x_bkp.o(.text)
    BKP_RTCOutputConfig                      0x0800443b   Thumb Code    22  stm32f10x_bkp.o(.text)
    BKP_SetRTCCalibrationValue               0x08004451   Thumb Code    22  stm32f10x_bkp.o(.text)
    BKP_WriteBackupRegister                  0x08004467   Thumb Code    24  stm32f10x_bkp.o(.text)
    BKP_ReadBackupRegister                   0x0800447f   Thumb Code    26  stm32f10x_bkp.o(.text)
    BKP_GetFlagStatus                        0x08004499   Thumb Code    10  stm32f10x_bkp.o(.text)
    BKP_ClearFlag                            0x080044a3   Thumb Code    18  stm32f10x_bkp.o(.text)
    BKP_GetITStatus                          0x080044b5   Thumb Code    10  stm32f10x_bkp.o(.text)
    BKP_ClearITPendingBit                    0x080044bf   Thumb Code    18  stm32f10x_bkp.o(.text)
    PWR_DeInit                               0x080044d9   Thumb Code    22  stm32f10x_pwr.o(.text)
    PWR_BackupAccessCmd                      0x080044ef   Thumb Code     6  stm32f10x_pwr.o(.text)
    PWR_PVDCmd                               0x080044f5   Thumb Code     6  stm32f10x_pwr.o(.text)
    PWR_PVDLevelConfig                       0x080044fb   Thumb Code    18  stm32f10x_pwr.o(.text)
    PWR_WakeUpPinCmd                         0x0800450d   Thumb Code     8  stm32f10x_pwr.o(.text)
    PWR_EnterSTOPMode                        0x08004515   Thumb Code    54  stm32f10x_pwr.o(.text)
    PWR_EnterSTANDBYMode                     0x0800454b   Thumb Code    42  stm32f10x_pwr.o(.text)
    PWR_GetFlagStatus                        0x08004575   Thumb Code    20  stm32f10x_pwr.o(.text)
    PWR_ClearFlag                            0x08004589   Thumb Code    14  stm32f10x_pwr.o(.text)
    TIM_DeInit                               0x080045a5   Thumb Code   424  stm32f10x_tim.o(.text)
    TIM_TimeBaseInit                         0x0800474d   Thumb Code   122  stm32f10x_tim.o(.text)
    TIM_OC1Init                              0x080047c7   Thumb Code   132  stm32f10x_tim.o(.text)
    TIM_OC2Init                              0x0800484b   Thumb Code   154  stm32f10x_tim.o(.text)
    TIM_OC3Init                              0x080048e5   Thumb Code   150  stm32f10x_tim.o(.text)
    TIM_OC4Init                              0x0800497b   Thumb Code   182  stm32f10x_tim.o(.text)
    TIM_SetIC4Prescaler                      0x08004a31   Thumb Code    26  stm32f10x_tim.o(.text)
    TIM_SetIC3Prescaler                      0x08004acd   Thumb Code    18  stm32f10x_tim.o(.text)
    TIM_SetIC2Prescaler                      0x08004b59   Thumb Code    26  stm32f10x_tim.o(.text)
    TIM_SetIC1Prescaler                      0x08004bf5   Thumb Code    18  stm32f10x_tim.o(.text)
    TIM_ICInit                               0x08004c73   Thumb Code   150  stm32f10x_tim.o(.text)
    TIM_PWMIConfig                           0x08004d09   Thumb Code   124  stm32f10x_tim.o(.text)
    TIM_BDTRConfig                           0x08004d85   Thumb Code    32  stm32f10x_tim.o(.text)
    TIM_TimeBaseStructInit                   0x08004da5   Thumb Code    18  stm32f10x_tim.o(.text)
    TIM_OCStructInit                         0x08004db7   Thumb Code    20  stm32f10x_tim.o(.text)
    TIM_ICStructInit                         0x08004dcb   Thumb Code    18  stm32f10x_tim.o(.text)
    TIM_BDTRStructInit                       0x08004ddd   Thumb Code    40  stm32f10x_tim.o(.text)
    TIM_Cmd                                  0x08004e05   Thumb Code    24  stm32f10x_tim.o(.text)
    TIM_CtrlPWMOutputs                       0x08004e1d   Thumb Code    30  stm32f10x_tim.o(.text)
    TIM_ITConfig                             0x08004e3b   Thumb Code    18  stm32f10x_tim.o(.text)
    TIM_GenerateEvent                        0x08004e4d   Thumb Code     4  stm32f10x_tim.o(.text)
    TIM_DMAConfig                            0x08004e51   Thumb Code    10  stm32f10x_tim.o(.text)
    TIM_DMACmd                               0x08004e5b   Thumb Code    18  stm32f10x_tim.o(.text)
    TIM_InternalClockConfig                  0x08004e6d   Thumb Code    12  stm32f10x_tim.o(.text)
    TIM_SelectInputTrigger                   0x08004e79   Thumb Code    18  stm32f10x_tim.o(.text)
    TIM_ITRxExternalClockConfig              0x08004e8b   Thumb Code    24  stm32f10x_tim.o(.text)
    TIM_TIxExternalClockConfig               0x08004ea3   Thumb Code    62  stm32f10x_tim.o(.text)
    TIM_ETRConfig                            0x08004ee1   Thumb Code    28  stm32f10x_tim.o(.text)
    TIM_ETRClockMode1Config                  0x08004efd   Thumb Code    54  stm32f10x_tim.o(.text)
    TIM_ETRClockMode2Config                  0x08004f33   Thumb Code    32  stm32f10x_tim.o(.text)
    TIM_PrescalerConfig                      0x08004f53   Thumb Code     6  stm32f10x_tim.o(.text)
    TIM_CounterModeConfig                    0x08004f59   Thumb Code    18  stm32f10x_tim.o(.text)
    TIM_EncoderInterfaceConfig               0x08004f6b   Thumb Code    66  stm32f10x_tim.o(.text)
    TIM_ForcedOC1Config                      0x08004fad   Thumb Code    18  stm32f10x_tim.o(.text)
    TIM_ForcedOC2Config                      0x08004fbf   Thumb Code    26  stm32f10x_tim.o(.text)
    TIM_ForcedOC3Config                      0x08004fd9   Thumb Code    18  stm32f10x_tim.o(.text)
    TIM_ForcedOC4Config                      0x08004feb   Thumb Code    26  stm32f10x_tim.o(.text)
    TIM_ARRPreloadConfig                     0x08005005   Thumb Code    24  stm32f10x_tim.o(.text)
    TIM_SelectCOM                            0x0800501d   Thumb Code    24  stm32f10x_tim.o(.text)
    TIM_SelectCCDMA                          0x08005035   Thumb Code    24  stm32f10x_tim.o(.text)
    TIM_CCPreloadControl                     0x0800504d   Thumb Code    24  stm32f10x_tim.o(.text)
    TIM_OC1PreloadConfig                     0x08005065   Thumb Code    18  stm32f10x_tim.o(.text)
    TIM_OC2PreloadConfig                     0x08005077   Thumb Code    26  stm32f10x_tim.o(.text)
    TIM_OC3PreloadConfig                     0x08005091   Thumb Code    18  stm32f10x_tim.o(.text)
    TIM_OC4PreloadConfig                     0x080050a3   Thumb Code    26  stm32f10x_tim.o(.text)
    TIM_OC1FastConfig                        0x080050bd   Thumb Code    18  stm32f10x_tim.o(.text)
    TIM_OC2FastConfig                        0x080050cf   Thumb Code    26  stm32f10x_tim.o(.text)
    TIM_OC3FastConfig                        0x080050e9   Thumb Code    18  stm32f10x_tim.o(.text)
    TIM_OC4FastConfig                        0x080050fb   Thumb Code    26  stm32f10x_tim.o(.text)
    TIM_ClearOC1Ref                          0x08005115   Thumb Code    18  stm32f10x_tim.o(.text)
    TIM_ClearOC2Ref                          0x08005127   Thumb Code    24  stm32f10x_tim.o(.text)
    TIM_ClearOC3Ref                          0x0800513f   Thumb Code    18  stm32f10x_tim.o(.text)
    TIM_ClearOC4Ref                          0x08005151   Thumb Code    24  stm32f10x_tim.o(.text)
    TIM_OC1PolarityConfig                    0x08005169   Thumb Code    18  stm32f10x_tim.o(.text)
    TIM_OC1NPolarityConfig                   0x0800517b   Thumb Code    18  stm32f10x_tim.o(.text)
    TIM_OC2PolarityConfig                    0x0800518d   Thumb Code    26  stm32f10x_tim.o(.text)
    TIM_OC2NPolarityConfig                   0x080051a7   Thumb Code    26  stm32f10x_tim.o(.text)
    TIM_OC3PolarityConfig                    0x080051c1   Thumb Code    26  stm32f10x_tim.o(.text)
    TIM_OC3NPolarityConfig                   0x080051db   Thumb Code    26  stm32f10x_tim.o(.text)
    TIM_OC4PolarityConfig                    0x080051f5   Thumb Code    26  stm32f10x_tim.o(.text)
    TIM_CCxCmd                               0x0800520f   Thumb Code    30  stm32f10x_tim.o(.text)
    TIM_CCxNCmd                              0x0800522d   Thumb Code    30  stm32f10x_tim.o(.text)
    TIM_SelectOCxM                           0x0800524b   Thumb Code    82  stm32f10x_tim.o(.text)
    TIM_UpdateDisableConfig                  0x0800529d   Thumb Code    24  stm32f10x_tim.o(.text)
    TIM_UpdateRequestConfig                  0x080052b5   Thumb Code    24  stm32f10x_tim.o(.text)
    TIM_SelectHallSensor                     0x080052cd   Thumb Code    24  stm32f10x_tim.o(.text)
    TIM_SelectOnePulseMode                   0x080052e5   Thumb Code    18  stm32f10x_tim.o(.text)
    TIM_SelectOutputTrigger                  0x080052f7   Thumb Code    18  stm32f10x_tim.o(.text)
    TIM_SelectSlaveMode                      0x08005309   Thumb Code    18  stm32f10x_tim.o(.text)
    TIM_SelectMasterSlaveMode                0x0800531b   Thumb Code    18  stm32f10x_tim.o(.text)
    TIM_SetCounter                           0x0800532d   Thumb Code     4  stm32f10x_tim.o(.text)
    TIM_SetAutoreload                        0x08005331   Thumb Code     4  stm32f10x_tim.o(.text)
    TIM_SetCompare1                          0x08005335   Thumb Code     4  stm32f10x_tim.o(.text)
    TIM_SetCompare2                          0x08005339   Thumb Code     4  stm32f10x_tim.o(.text)
    TIM_SetCompare3                          0x0800533d   Thumb Code     4  stm32f10x_tim.o(.text)
    TIM_SetCompare4                          0x08005341   Thumb Code     6  stm32f10x_tim.o(.text)
    TIM_SetClockDivision                     0x08005347   Thumb Code    18  stm32f10x_tim.o(.text)
    TIM_GetCapture1                          0x08005359   Thumb Code     6  stm32f10x_tim.o(.text)
    TIM_GetCapture2                          0x0800535f   Thumb Code     6  stm32f10x_tim.o(.text)
    TIM_GetCapture3                          0x08005365   Thumb Code     6  stm32f10x_tim.o(.text)
    TIM_GetCapture4                          0x0800536b   Thumb Code     8  stm32f10x_tim.o(.text)
    TIM_GetCounter                           0x08005373   Thumb Code     6  stm32f10x_tim.o(.text)
    TIM_GetPrescaler                         0x08005379   Thumb Code     6  stm32f10x_tim.o(.text)
    TIM_GetFlagStatus                        0x0800537f   Thumb Code    18  stm32f10x_tim.o(.text)
    TIM_ClearFlag                            0x08005391   Thumb Code     6  stm32f10x_tim.o(.text)
    TIM_GetITStatus                          0x08005397   Thumb Code    34  stm32f10x_tim.o(.text)
    TIM_ClearITPendingBit                    0x080053b9   Thumb Code     6  stm32f10x_tim.o(.text)
    GetDecDigit                              0x080053c1   Thumb Code    38  clibrary.o(.text)
    DecToChar                                0x080053e7   Thumb Code    66  clibrary.o(.text)
    Hex2Bcd                                  0x08005429   Thumb Code    26  clibrary.o(.text)
    Bcd2Hex                                  0x08005443   Thumb Code    20  clibrary.o(.text)
    FindStrPos                               0x08005457   Thumb Code    56  clibrary.o(.text)
    EngMonthGetNum                           0x0800548f   Thumb Code    62  clibrary.o(.text)
    EngWeekGetNum                            0x080054cd   Thumb Code    66  clibrary.o(.text)
    HexToAsc                                 0x0800550f   Thumb Code    90  clibrary.o(.text)
    HexToStr                                 0x08005569   Thumb Code    36  clibrary.o(.text)
    uLongToByte                              0x0800558d   Thumb Code    60  clibrary.o(.text)
    Dis_PowerOn                              0x080055cd   Thumb Code    20  display.o(.text)
    Dis_MainInterface                        0x080055e1   Thumb Code   224  display.o(.text)
    Dis_MenuInterFace                        0x080056c1   Thumb Code    60  display.o(.text)
    Dis_Wificonfig                           0x080056fd   Thumb Code   258  display.o(.text)
    __use_no_semihosting                     0x08005845   Thumb Code     2  use_no_semi_2.o(.text)
    __2snprintf                              0x08005849   Thumb Code    48  noretval__2snprintf.o(.text)
    __printf                                 0x0800587d   Thumb Code   104  __printf.o(.text)
    _printf_str                              0x080058e5   Thumb Code    82  _printf_str.o(.text)
    srand                                    0x08005939   Thumb Code    42  rand.o(.text)
    _rand_init                               0x08005963   Thumb Code     4  rand.o(.text)
    strstr                                   0x08005975   Thumb Code    36  strstr.o(.text)
    memcmp                                   0x08005999   Thumb Code    88  memcmp.o(.text)
    strlen                                   0x080059f1   Thumb Code    62  strlen.o(.text)
    __aeabi_memcpy                           0x08005a2f   Thumb Code     0  rt_memcpy_v6.o(.text)
    __rt_memcpy                              0x08005a2f   Thumb Code   138  rt_memcpy_v6.o(.text)
    _memcpy_lastbytes                        0x08005a95   Thumb Code     0  rt_memcpy_v6.o(.text)
    __aeabi_memcpy4                          0x08005ab9   Thumb Code     0  rt_memcpy_w.o(.text)
    __aeabi_memcpy8                          0x08005ab9   Thumb Code     0  rt_memcpy_w.o(.text)
    __rt_memcpy_w                            0x08005ab9   Thumb Code   100  rt_memcpy_w.o(.text)
    _memcpy_lastbytes_aligned                0x08005b01   Thumb Code     0  rt_memcpy_w.o(.text)
    __aeabi_memset                           0x08005b1d   Thumb Code    16  aeabi_memset.o(.text)
    __aeabi_memclr                           0x08005b2d   Thumb Code     0  rt_memclr.o(.text)
    __rt_memclr                              0x08005b2d   Thumb Code    68  rt_memclr.o(.text)
    _memset                                  0x08005b31   Thumb Code     0  rt_memclr.o(.text)
    __aeabi_memclr4                          0x08005b71   Thumb Code     0  rt_memclr_w.o(.text)
    __aeabi_memclr8                          0x08005b71   Thumb Code     0  rt_memclr_w.o(.text)
    __rt_memclr_w                            0x08005b71   Thumb Code    78  rt_memclr_w.o(.text)
    _memset_w                                0x08005b75   Thumb Code     0  rt_memclr_w.o(.text)
    __use_two_region_memory                  0x08005bbf   Thumb Code     2  heapauxi.o(.text)
    __rt_heap_escrow$2region                 0x08005bc1   Thumb Code     2  heapauxi.o(.text)
    __rt_heap_expand$2region                 0x08005bc3   Thumb Code     2  heapauxi.o(.text)
    __I$use$semihosting                      0x08005bc5   Thumb Code     0  use_no_semi.o(.text)
    __use_no_semihosting_swi                 0x08005bc5   Thumb Code     2  use_no_semi.o(.text)
    __read_errno                             0x08005bc7   Thumb Code    10  _rserrno.o(.text)
    __set_errno                              0x08005bd1   Thumb Code    12  _rserrno.o(.text)
    _printf_char_common                      0x08005be7   Thumb Code    32  _printf_char_common.o(.text)
    _sputc                                   0x08005c0d   Thumb Code    10  _sputc.o(.text)
    _snputc                                  0x08005c17   Thumb Code    16  _snputc.o(.text)
    _printf_cs_common                        0x08005c27   Thumb Code    20  _printf_char.o(.text)
    _printf_char                             0x08005c3b   Thumb Code    16  _printf_char.o(.text)
    _printf_string                           0x08005c4b   Thumb Code     8  _printf_char.o(.text)
    __aeabi_errno_addr                       0x08005c55   Thumb Code     8  rt_errno_addr_intlibspace.o(.text)
    __errno$intlibspace                      0x08005c55   Thumb Code     0  rt_errno_addr_intlibspace.o(.text)
    __rt_errno_addr$intlibspace              0x08005c55   Thumb Code     0  rt_errno_addr_intlibspace.o(.text)
    __user_libspace                          0x08005c5d   Thumb Code     8  libspace.o(.text)
    __user_perproc_libspace                  0x08005c5d   Thumb Code     0  libspace.o(.text)
    __user_perthread_libspace                0x08005c5d   Thumb Code     0  libspace.o(.text)
    __user_setup_stackheap                   0x08005c65   Thumb Code    74  sys_stackheap_outer.o(.text)
    exit                                     0x08005caf   Thumb Code    18  exit.o(.text)
    __kernel_poly                            0x08005cc1   Thumb Code   170  poly.o(i.__kernel_poly)
    __mathlib_dbl_divzero                    0x08005d6d   Thumb Code    12  dunder.o(i.__mathlib_dbl_divzero)
    __mathlib_dbl_infnan                     0x08005d7d   Thumb Code     6  dunder.o(i.__mathlib_dbl_infnan)
    __mathlib_dbl_invalid                    0x08005d83   Thumb Code    12  dunder.o(i.__mathlib_dbl_invalid)
    log                                      0x08005d91   Thumb Code   808  log.o(i.log)
    log10                                    0x080060ed   Thumb Code   198  log10.o(i.log10)
    __aeabi_dadd                             0x080061d1   Thumb Code     0  daddsub_clz.o(x$fpl$dadd)
    _dadd                                    0x080061d1   Thumb Code   332  daddsub_clz.o(x$fpl$dadd)
    __fpl_dcheck_NaN1                        0x08006321   Thumb Code    10  dcheck1.o(x$fpl$dcheck1)
    __fpl_dcmp_Inf                           0x08006331   Thumb Code    24  dcmpi.o(x$fpl$dcmpinf)
    __aeabi_ddiv                             0x08006349   Thumb Code     0  ddiv.o(x$fpl$ddiv)
    _ddiv                                    0x08006349   Thumb Code   552  ddiv.o(x$fpl$ddiv)
    __aeabi_cdcmpeq                          0x080065f9   Thumb Code     0  deqf.o(x$fpl$deqf)
    _dcmpeq                                  0x080065f9   Thumb Code   120  deqf.o(x$fpl$deqf)
    __aeabi_d2uiz                            0x08006671   Thumb Code     0  dfixu.o(x$fpl$dfixu)
    _dfixu                                   0x08006671   Thumb Code    90  dfixu.o(x$fpl$dfixu)
    __aeabi_i2d                              0x080066cb   Thumb Code     0  dflt_clz.o(x$fpl$dflt)
    _dflt                                    0x080066cb   Thumb Code    46  dflt_clz.o(x$fpl$dflt)
    __aeabi_ui2d                             0x080066f9   Thumb Code     0  dflt_clz.o(x$fpl$dfltu)
    _dfltu                                   0x080066f9   Thumb Code    38  dflt_clz.o(x$fpl$dfltu)
    __aeabi_dmul                             0x08006721   Thumb Code     0  dmul.o(x$fpl$dmul)
    _dmul                                    0x08006721   Thumb Code   332  dmul.o(x$fpl$dmul)
    __fpl_dnaninf                            0x08006875   Thumb Code   156  dnaninf.o(x$fpl$dnaninf)
    __fpl_dretinf                            0x08006911   Thumb Code    12  dretinf.o(x$fpl$dretinf)
    __aeabi_drsub                            0x0800691d   Thumb Code     0  daddsub_clz.o(x$fpl$drsb)
    _drsb                                    0x0800691d   Thumb Code    22  daddsub_clz.o(x$fpl$drsb)
    __aeabi_dsub                             0x08006935   Thumb Code     0  daddsub_clz.o(x$fpl$dsub)
    _dsub                                    0x08006935   Thumb Code   464  daddsub_clz.o(x$fpl$dsub)
    __fpl_return_NaN                         0x08006b09   Thumb Code   100  retnan.o(x$fpl$retnan)
    __ARM_scalbn                             0x08006b6d   Thumb Code    92  scalbn.o(x$fpl$scalbn)
    __fpl_cmpreturn                          0x08006bc9   Thumb Code    48  trapv.o(x$fpl$trapveneer)
    F6x8                                     0x08006bf8   Data         760  gui.o(.constdata)
    __I$use$fp                               0x08006bf8   Number         0  usenofp.o(x$fpl$usenofp)
    F8X16                                    0x08006ef0   Data        1520  gui.o(.constdata)
    F24X34                                   0x080074e0   Data        1122  gui.o(.constdata)
    cfont16                                  0x08007942   Data         340  gui.o(.constdata)
    cfont24                                  0x08007a96   Data         444  gui.o(.constdata)
    cfont32                                  0x08007c52   Data         780  gui.o(.constdata)
    table_week                               0x08007f5e   Data          12  rtc.o(.constdata)
    mon_table                                0x08007f6a   Data          12  rtc.o(.constdata)
    __mathlib_zero                           0x08008028   Data           8  qnan.o(.constdata)
    Region$$Table$$Base                      0x08008124   Number         0  anon$$obj.o(Region$$Table)
    Region$$Table$$Limit                     0x08008144   Number         0  anon$$obj.o(Region$$Table)
    delayi                                   0x20000000   Data           1  main.o(.data)
    t                                        0x20000001   Data           1  main.o(.data)
    t1                                       0x20000002   Data           1  main.o(.data)
    SystemCoreClock                          0x20000004   Data           4  system_stm32f10x.o(.data)
    AHBPrescTable                            0x20000008   Data          16  system_stm32f10x.o(.data)
    bmp_qing                                 0x20000018   Data          72  test.o(.data)
    bmp_yin                                  0x20000060   Data          72  test.o(.data)
    bmp_yu                                   0x200000a8   Data          72  test.o(.data)
    bmp_lei                                  0x200000f0   Data          72  test.o(.data)
    bmp_xue                                  0x20000138   Data          72  test.o(.data)
    bmp_wifi                                 0x20000180   Data          32  test.o(.data)
    bmp_wifi1                                0x200001a0   Data          32  test.o(.data)
    bmp_dianchi                              0x200001c0   Data          32  test.o(.data)
    bmp_wendu                                0x200001e0   Data          20  test.o(.data)
    bmp_shidu                                0x200001f4   Data          20  test.o(.data)
    bmp_c                                    0x20000208   Data           8  test.o(.data)
    bmp_bfh                                  0x20000210   Data           8  test.o(.data)
    bmp_num                                  0x20000218   Data        1008  test.o(.data)
    BMP5                                     0x20000608   Data         224  test.o(.data)
    SetWifi                                  0x200006e8   Data         252  test.o(.data)
    Time                                     0x200007e4   Data         288  test.o(.data)
    bili_Logo_0                              0x20000904   Data         512  test.o(.data)
    bili_Logo_1                              0x20000b04   Data         512  test.o(.data)
    bili_Logo_2                              0x20000d04   Data         512  test.o(.data)
    bili_Logo_3                              0x20000f04   Data         512  test.o(.data)
    bili_Logo_4                              0x20001104   Data         512  test.o(.data)
    bili_Logo_5                              0x20001304   Data         512  test.o(.data)
    bili_Logo_6                              0x20001504   Data         512  test.o(.data)
    g_Wifi                                   0x20001708   Data          48  esp8266.o(.data)
    g_8266State                              0x20001738   Data           4  esp8266.o(.data)
    BasicTime                                0x2000173e   Data           2  timer.o(.data)
    BasicTimeFlg                             0x20001740   Data           4  timer.o(.data)
    __stdout                                 0x20001748   Data           4  usart.o(.data)
    USART_RX_STA                             0x2000174c   Data           2  usart.o(.data)
    temperature                              0x20001762   Data           1  display.o(.data)
    humidity                                 0x20001763   Data           1  display.o(.data)
    wendu                                    0x20001764   Data           3  display.o(.data)
    shidu                                    0x20001767   Data           3  display.o(.data)
    g_Display                                0x2000176a   Data           2  display.o(.data)
    g_SetWifi_Cursor                         0x2000176c   Data           3  display.o(.data)
    bmp_clear                                0x20001770   Data          64  test.o(.bss)
    calendar                                 0x20001bb0   Data          10  rtc.o(.bss)
    g_USART3_RxData                          0x20001bba   Data         304  usart3.o(.bss)
    user_button                              0x20001cec   Data          60  button.o(.bss)
    USART_RX_BUF                             0x20001d28   Data         200  usart.o(.bss)
    _random_number_data                      0x20001df0   Data         228  rand.o(.bss)
    __libspace_start                         0x20001ed4   Data          96  libspace.o(.bss)
    __temporary_stack_top$libspace           0x20001f34   Data           0  libspace.o(.bss)



==============================================================================

Memory Map of the image

  Image Entry point : 0x080000ed

  Load Region LR_IROM1 (Base: 0x08000000, Size: 0x000098b4, Max: 0x00010000, ABSOLUTE, COMPRESSED[0x00008d18])

    Execution Region ER_IROM1 (Exec base: 0x08000000, Load base: 0x08000000, Size: 0x00008144, Max: 0x00010000, ABSOLUTE)

    Exec Addr    Load Addr    Size         Type   Attr      Idx    E Section Name        Object

    0x08000000   0x08000000   0x000000ec   Data   RO          404    RESET               startup_stm32f10x_md.o
    0x080000ec   0x080000ec   0x00000008   Code   RO          627  * !!!main             c_w.l(__main.o)
    0x080000f4   0x080000f4   0x00000034   Code   RO          876    !!!scatter          c_w.l(__scatter.o)
    0x08000128   0x08000128   0x00000064   Code   RO          874    !!dclz77c           c_w.l(__dclz77c.o)
    0x0800018c   0x0800018c   0x0000001c   Code   RO          878    !!handler_zi        c_w.l(__scatter_zi.o)
    0x080001a8   0x080001a8   0x00000000   Code   RO          603    .ARM.Collect$$_printf_percent$$00000000  c_w.l(_printf_percent.o)
    0x080001a8   0x080001a8   0x00000006   Code   RO          602    .ARM.Collect$$_printf_percent$$00000014  c_w.l(_printf_s.o)
    0x080001ae   0x080001ae   0x00000004   Code   RO          660    .ARM.Collect$$_printf_percent$$00000017  c_w.l(_printf_percent_end.o)
    0x080001b2   0x080001b2   0x00000002   Code   RO          798    .ARM.Collect$$libinit$$00000000  c_w.l(libinit.o)
    0x080001b4   0x080001b4   0x00000000   Code   RO          662    .ARM.Collect$$libinit$$00000002  c_w.l(libinit2.o)
    0x080001b4   0x080001b4   0x00000000   Code   RO          664    .ARM.Collect$$libinit$$00000004  c_w.l(libinit2.o)
    0x080001b4   0x080001b4   0x00000000   Code   RO          667    .ARM.Collect$$libinit$$0000000A  c_w.l(libinit2.o)
    0x080001b4   0x080001b4   0x00000000   Code   RO          669    .ARM.Collect$$libinit$$0000000C  c_w.l(libinit2.o)
    0x080001b4   0x080001b4   0x00000004   Code   RO          670    .ARM.Collect$$libinit$$0000000D  c_w.l(libinit2.o)
    0x080001b8   0x080001b8   0x00000000   Code   RO          671    .ARM.Collect$$libinit$$0000000E  c_w.l(libinit2.o)
    0x080001b8   0x080001b8   0x00000000   Code   RO          674    .ARM.Collect$$libinit$$00000011  c_w.l(libinit2.o)
    0x080001b8   0x080001b8   0x00000000   Code   RO          676    .ARM.Collect$$libinit$$00000013  c_w.l(libinit2.o)
    0x080001b8   0x080001b8   0x00000000   Code   RO          678    .ARM.Collect$$libinit$$00000015  c_w.l(libinit2.o)
    0x080001b8   0x080001b8   0x00000000   Code   RO          680    .ARM.Collect$$libinit$$00000017  c_w.l(libinit2.o)
    0x080001b8   0x080001b8   0x00000000   Code   RO          682    .ARM.Collect$$libinit$$00000019  c_w.l(libinit2.o)
    0x080001b8   0x080001b8   0x00000000   Code   RO          684    .ARM.Collect$$libinit$$0000001B  c_w.l(libinit2.o)
    0x080001b8   0x080001b8   0x00000000   Code   RO          686    .ARM.Collect$$libinit$$0000001D  c_w.l(libinit2.o)
    0x080001b8   0x080001b8   0x00000000   Code   RO          688    .ARM.Collect$$libinit$$0000001F  c_w.l(libinit2.o)
    0x080001b8   0x080001b8   0x00000000   Code   RO          690    .ARM.Collect$$libinit$$00000021  c_w.l(libinit2.o)
    0x080001b8   0x080001b8   0x00000000   Code   RO          692    .ARM.Collect$$libinit$$00000023  c_w.l(libinit2.o)
    0x080001b8   0x080001b8   0x00000000   Code   RO          694    .ARM.Collect$$libinit$$00000025  c_w.l(libinit2.o)
    0x080001b8   0x080001b8   0x00000000   Code   RO          698    .ARM.Collect$$libinit$$0000002C  c_w.l(libinit2.o)
    0x080001b8   0x080001b8   0x00000000   Code   RO          700    .ARM.Collect$$libinit$$0000002E  c_w.l(libinit2.o)
    0x080001b8   0x080001b8   0x00000000   Code   RO          702    .ARM.Collect$$libinit$$00000030  c_w.l(libinit2.o)
    0x080001b8   0x080001b8   0x00000000   Code   RO          704    .ARM.Collect$$libinit$$00000032  c_w.l(libinit2.o)
    0x080001b8   0x080001b8   0x00000002   Code   RO          705    .ARM.Collect$$libinit$$00000033  c_w.l(libinit2.o)
    0x080001ba   0x080001ba   0x00000002   Code   RO          835    .ARM.Collect$$libshutdown$$00000000  c_w.l(libshutdown.o)
    0x080001bc   0x080001bc   0x00000000   Code   RO          841    .ARM.Collect$$libshutdown$$00000002  c_w.l(libshutdown2.o)
    0x080001bc   0x080001bc   0x00000000   Code   RO          843    .ARM.Collect$$libshutdown$$00000004  c_w.l(libshutdown2.o)
    0x080001bc   0x080001bc   0x00000000   Code   RO          846    .ARM.Collect$$libshutdown$$00000007  c_w.l(libshutdown2.o)
    0x080001bc   0x080001bc   0x00000000   Code   RO          849    .ARM.Collect$$libshutdown$$0000000A  c_w.l(libshutdown2.o)
    0x080001bc   0x080001bc   0x00000000   Code   RO          851    .ARM.Collect$$libshutdown$$0000000C  c_w.l(libshutdown2.o)
    0x080001bc   0x080001bc   0x00000000   Code   RO          854    .ARM.Collect$$libshutdown$$0000000F  c_w.l(libshutdown2.o)
    0x080001bc   0x080001bc   0x00000002   Code   RO          855    .ARM.Collect$$libshutdown$$00000010  c_w.l(libshutdown2.o)
    0x080001be   0x080001be   0x00000000   Code   RO          649    .ARM.Collect$$rtentry$$00000000  c_w.l(__rtentry.o)
    0x080001be   0x080001be   0x00000000   Code   RO          744    .ARM.Collect$$rtentry$$00000002  c_w.l(__rtentry2.o)
    0x080001be   0x080001be   0x00000006   Code   RO          756    .ARM.Collect$$rtentry$$00000004  c_w.l(__rtentry4.o)
    0x080001c4   0x080001c4   0x00000000   Code   RO          746    .ARM.Collect$$rtentry$$00000009  c_w.l(__rtentry2.o)
    0x080001c4   0x080001c4   0x00000004   Code   RO          747    .ARM.Collect$$rtentry$$0000000A  c_w.l(__rtentry2.o)
    0x080001c8   0x080001c8   0x00000000   Code   RO          749    .ARM.Collect$$rtentry$$0000000C  c_w.l(__rtentry2.o)
    0x080001c8   0x080001c8   0x00000008   Code   RO          750    .ARM.Collect$$rtentry$$0000000D  c_w.l(__rtentry2.o)
    0x080001d0   0x080001d0   0x00000002   Code   RO          805    .ARM.Collect$$rtexit$$00000000  c_w.l(rtexit.o)
    0x080001d2   0x080001d2   0x00000000   Code   RO          817    .ARM.Collect$$rtexit$$00000002  c_w.l(rtexit2.o)
    0x080001d2   0x080001d2   0x00000004   Code   RO          818    .ARM.Collect$$rtexit$$00000003  c_w.l(rtexit2.o)
    0x080001d6   0x080001d6   0x00000006   Code   RO          819    .ARM.Collect$$rtexit$$00000004  c_w.l(rtexit2.o)
    0x080001dc   0x080001dc   0x00000034   Code   RO          604    .emb_text           c_w.l(rand.o)
    0x08000210   0x08000210   0x00000118   Code   RO            1    .text               main.o
    0x08000328   0x08000328   0x0000001a   Code   RO          117    .text               stm32f10x_it.o
    0x08000342   0x08000342   0x00000002   PAD
    0x08000344   0x08000344   0x000001e0   Code   RO          132    .text               system_stm32f10x.o
    0x08000524   0x08000524   0x00000d38   Code   RO          150    .text               test.o
    0x0800125c   0x0800125c   0x00000c24   Code   RO          176    .text               gui.o
    0x08001e80   0x08001e80   0x000002bc   Code   RO          197    .text               oled.o
    0x0800213c   0x0800213c   0x00000044   Code   RO          217    .text               spi.o
    0x08002180   0x08002180   0x00000198   Code   RO          229    .text               dht11.o
    0x08002318   0x08002318   0x000003f4   Code   RO          241    .text               rtc.o
    0x0800270c   0x0800270c   0x000004d8   Code   RO          265    .text               esp8266.o
    0x08002be4   0x08002be4   0x00000200   Code   RO          287    .text               usart3.o
    0x08002de4   0x08002de4   0x000005f8   Code   RO          305    .text               button.o
    0x080033dc   0x080033dc   0x000000b8   Code   RO          324    .text               timer.o
    0x08003494   0x08003494   0x000000d4   Code   RO          342    .text               delay.o
    0x08003568   0x08003568   0x00000140   Code   RO          368    .text               usart.o
    0x080036a8   0x080036a8   0x00000040   Code   RO          405    .text               startup_stm32f10x_md.o
    0x080036e8   0x080036e8   0x000000dc   Code   RO          409    .text               misc.o
    0x080037c4   0x080037c4   0x0000035c   Code   RO          421    .text               stm32f10x_gpio.o
    0x08003b20   0x08003b20   0x000003a4   Code   RO          433    .text               stm32f10x_rcc.o
    0x08003ec4   0x08003ec4   0x00000148   Code   RO          471    .text               stm32f10x_rtc.o
    0x0800400c   0x0800400c   0x00000408   Code   RO          483    .text               stm32f10x_usart.o
    0x08004414   0x08004414   0x000000c4   Code   RO          495    .text               stm32f10x_bkp.o
    0x080044d8   0x080044d8   0x000000cc   Code   RO          507    .text               stm32f10x_pwr.o
    0x080045a4   0x080045a4   0x00000e1a   Code   RO          519    .text               stm32f10x_tim.o
    0x080053be   0x080053be   0x00000002   PAD
    0x080053c0   0x080053c0   0x0000020c   Code   RO          531    .text               clibrary.o
    0x080055cc   0x080055cc   0x00000278   Code   RO          552    .text               display.o
    0x08005844   0x08005844   0x00000002   Code   RO          572    .text               c_w.l(use_no_semi_2.o)
    0x08005846   0x08005846   0x00000002   PAD
    0x08005848   0x08005848   0x00000034   Code   RO          576    .text               c_w.l(noretval__2snprintf.o)
    0x0800587c   0x0800587c   0x00000068   Code   RO          578    .text               c_w.l(__printf.o)
    0x080058e4   0x080058e4   0x00000052   Code   RO          580    .text               c_w.l(_printf_str.o)
    0x08005936   0x08005936   0x00000002   PAD
    0x08005938   0x08005938   0x0000003c   Code   RO          605    .text               c_w.l(rand.o)
    0x08005974   0x08005974   0x00000024   Code   RO          609    .text               c_w.l(strstr.o)
    0x08005998   0x08005998   0x00000058   Code   RO          611    .text               c_w.l(memcmp.o)
    0x080059f0   0x080059f0   0x0000003e   Code   RO          613    .text               c_w.l(strlen.o)
    0x08005a2e   0x08005a2e   0x0000008a   Code   RO          615    .text               c_w.l(rt_memcpy_v6.o)
    0x08005ab8   0x08005ab8   0x00000064   Code   RO          617    .text               c_w.l(rt_memcpy_w.o)
    0x08005b1c   0x08005b1c   0x00000010   Code   RO          619    .text               c_w.l(aeabi_memset.o)
    0x08005b2c   0x08005b2c   0x00000044   Code   RO          621    .text               c_w.l(rt_memclr.o)
    0x08005b70   0x08005b70   0x0000004e   Code   RO          623    .text               c_w.l(rt_memclr_w.o)
    0x08005bbe   0x08005bbe   0x00000006   Code   RO          625    .text               c_w.l(heapauxi.o)
    0x08005bc4   0x08005bc4   0x00000002   Code   RO          647    .text               c_w.l(use_no_semi.o)
    0x08005bc6   0x08005bc6   0x00000016   Code   RO          650    .text               c_w.l(_rserrno.o)
    0x08005bdc   0x08005bdc   0x00000030   Code   RO          652    .text               c_w.l(_printf_char_common.o)
    0x08005c0c   0x08005c0c   0x0000000a   Code   RO          654    .text               c_w.l(_sputc.o)
    0x08005c16   0x08005c16   0x00000010   Code   RO          656    .text               c_w.l(_snputc.o)
    0x08005c26   0x08005c26   0x0000002c   Code   RO          658    .text               c_w.l(_printf_char.o)
    0x08005c52   0x08005c52   0x00000002   PAD
    0x08005c54   0x08005c54   0x00000008   Code   RO          761    .text               c_w.l(rt_errno_addr_intlibspace.o)
    0x08005c5c   0x08005c5c   0x00000008   Code   RO          782    .text               c_w.l(libspace.o)
    0x08005c64   0x08005c64   0x0000004a   Code   RO          785    .text               c_w.l(sys_stackheap_outer.o)
    0x08005cae   0x08005cae   0x00000012   Code   RO          787    .text               c_w.l(exit.o)
    0x08005cc0   0x08005cc0   0x000000aa   Code   RO          779    i.__kernel_poly     m_ws.l(poly.o)
    0x08005d6a   0x08005d6a   0x00000002   PAD
    0x08005d6c   0x08005d6c   0x00000010   Code   RO          719    i.__mathlib_dbl_divzero  m_ws.l(dunder.o)
    0x08005d7c   0x08005d7c   0x00000006   Code   RO          720    i.__mathlib_dbl_infnan  m_ws.l(dunder.o)
    0x08005d82   0x08005d82   0x0000000c   Code   RO          722    i.__mathlib_dbl_invalid  m_ws.l(dunder.o)
    0x08005d8e   0x08005d8e   0x00000002   PAD
    0x08005d90   0x08005d90   0x0000035c   Code   RO          734    i.log               m_ws.l(log.o)
    0x080060ec   0x080060ec   0x000000e4   Code   RO          640    i.log10             m_ws.l(log10.o)
    0x080061d0   0x080061d0   0x00000150   Code   RO          706    x$fpl$dadd          fz_ws.l(daddsub_clz.o)
    0x08006320   0x08006320   0x00000010   Code   RO          767    x$fpl$dcheck1       fz_ws.l(dcheck1.o)
    0x08006330   0x08006330   0x00000018   Code   RO          799    x$fpl$dcmpinf       fz_ws.l(dcmpi.o)
    0x08006348   0x08006348   0x000002b0   Code   RO          770    x$fpl$ddiv          fz_ws.l(ddiv.o)
    0x080065f8   0x080065f8   0x00000078   Code   RO          773    x$fpl$deqf          fz_ws.l(deqf.o)
    0x08006670   0x08006670   0x0000005a   Code   RO          629    x$fpl$dfixu         fz_ws.l(dfixu.o)
    0x080066ca   0x080066ca   0x0000002e   Code   RO          634    x$fpl$dflt          fz_ws.l(dflt_clz.o)
    0x080066f8   0x080066f8   0x00000026   Code   RO          633    x$fpl$dfltu         fz_ws.l(dflt_clz.o)
    0x0800671e   0x0800671e   0x00000002   PAD
    0x08006720   0x08006720   0x00000154   Code   RO          712    x$fpl$dmul          fz_ws.l(dmul.o)
    0x08006874   0x08006874   0x0000009c   Code   RO          714    x$fpl$dnaninf       fz_ws.l(dnaninf.o)
    0x08006910   0x08006910   0x0000000c   Code   RO          775    x$fpl$dretinf       fz_ws.l(dretinf.o)
    0x0800691c   0x0800691c   0x00000016   Code   RO          707    x$fpl$drsb          fz_ws.l(daddsub_clz.o)
    0x08006932   0x08006932   0x00000002   PAD
    0x08006934   0x08006934   0x000001d4   Code   RO          708    x$fpl$dsub          fz_ws.l(daddsub_clz.o)
    0x08006b08   0x08006b08   0x00000064   Code   RO          801    x$fpl$retnan        fz_ws.l(retnan.o)
    0x08006b6c   0x08006b6c   0x0000005c   Code   RO          716    x$fpl$scalbn        fz_ws.l(scalbn.o)
    0x08006bc8   0x08006bc8   0x00000030   Code   RO          813    x$fpl$trapveneer    fz_ws.l(trapv.o)
    0x08006bf8   0x08006bf8   0x00000000   Code   RO          718    x$fpl$usenofp       fz_ws.l(usenofp.o)
    0x08006bf8   0x08006bf8   0x00001366   Data   RO          177    .constdata          gui.o
    0x08007f5e   0x08007f5e   0x00000018   Data   RO          243    .constdata          rtc.o
    0x08007f76   0x08007f76   0x00000002   PAD
    0x08007f78   0x08007f78   0x00000076   Data   RO          532    .constdata          clibrary.o
    0x08007fee   0x08007fee   0x00000002   PAD
    0x08007ff0   0x08007ff0   0x00000038   Data   RO          735    .constdata          m_ws.l(log.o)
    0x08008028   0x08008028   0x00000008   Data   RO          781    .constdata          m_ws.l(qnan.o)
    0x08008030   0x08008030   0x00000086   Data   RO          266    .conststring        esp8266.o
    0x080080b6   0x080080b6   0x00000002   PAD
    0x080080b8   0x080080b8   0x00000069   Data   RO          533    .conststring        clibrary.o
    0x08008121   0x08008121   0x00000003   PAD
    0x08008124   0x08008124   0x00000020   Data   RO          872    Region$$Table       anon$$obj.o


    Execution Region RW_IRAM1 (Exec base: 0x20000000, Load base: 0x08008144, Size: 0x00002538, Max: 0x00005000, ABSOLUTE, COMPRESSED[0x00000bd4])

    Exec Addr    Load Addr    Size         Type   Attr      Idx    E Section Name        Object

    0x20000000   COMPRESSED   0x00000003   Data   RW            2    .data               main.o
    0x20000003   COMPRESSED   0x00000001   PAD
    0x20000004   COMPRESSED   0x00000014   Data   RW          133    .data               system_stm32f10x.o
    0x20000018   COMPRESSED   0x000016ec   Data   RW          152    .data               test.o
    0x20001704   COMPRESSED   0x00000002   Data   RW          244    .data               rtc.o
    0x20001706   COMPRESSED   0x00000002   PAD
    0x20001708   COMPRESSED   0x00000034   Data   RW          267    .data               esp8266.o
    0x2000173c   COMPRESSED   0x00000001   Data   RW          307    .data               button.o
    0x2000173d   COMPRESSED   0x00000001   PAD
    0x2000173e   COMPRESSED   0x00000006   Data   RW          325    .data               timer.o
    0x20001744   COMPRESSED   0x00000004   Data   RW          343    .data               delay.o
    0x20001748   COMPRESSED   0x00000006   Data   RW          370    .data               usart.o
    0x2000174e   COMPRESSED   0x00000014   Data   RW          434    .data               stm32f10x_rcc.o
    0x20001762   COMPRESSED   0x0000000e   Data   RW          553    .data               display.o
    0x20001770        -       0x00000040   Zero   RW          151    .bss                test.o
    0x200017b0        -       0x00000400   Zero   RW          198    .bss                oled.o
    0x20001bb0        -       0x0000000a   Zero   RW          242    .bss                rtc.o
    0x20001bba        -       0x00000130   Zero   RW          288    .bss                usart3.o
    0x20001cea   COMPRESSED   0x00000002   PAD
    0x20001cec        -       0x0000003c   Zero   RW          306    .bss                button.o
    0x20001d28        -       0x000000c8   Zero   RW          369    .bss                usart.o
    0x20001df0        -       0x000000e4   Zero   RW          606    .bss                c_w.l(rand.o)
    0x20001ed4        -       0x00000060   Zero   RW          783    .bss                c_w.l(libspace.o)
    0x20001f34   COMPRESSED   0x00000004   PAD
    0x20001f38        -       0x00000200   Zero   RW          403    HEAP                startup_stm32f10x_md.o
    0x20002138        -       0x00000400   Zero   RW          402    STACK               startup_stm32f10x_md.o


==============================================================================

Image component sizes


      Code (inc. data)   RO Data    RW Data    ZI Data      Debug   Object Name

      1528         42          0          1         60       4457   button.o
       524          4        223          0          0       4958   clibrary.o
         0          0          0          0          0         32   core_cm3.o
       212         18          0          4          0       1079   delay.o
       408         12          0          0          0       2182   dht11.o
       632         70          0         14          0       2843   display.o
      1240        314        134         52          0       4147   esp8266.o
      3108         28       4966          0          0      11551   gui.o
       280         24          0          3          0     253738   main.o
       220         22          0          0          0       1841   misc.o
       700          8          0          0       1024       2972   oled.o
      1012         28         24          2         10       4267   rtc.o
        68          4          0          0          0        592   spi.o
        64         26        236          0       1536        820   startup_stm32f10x_md.o
       196          8          0          0          0       3536   stm32f10x_bkp.o
       860         38          0          0          0       5773   stm32f10x_gpio.o
        26          0          0          0          0       1214   stm32f10x_it.o
       204         14          0          0          0       1975   stm32f10x_pwr.o
       932         36          0         20          0       8968   stm32f10x_rcc.o
       328          4          0          0          0       2742   stm32f10x_rtc.o
      3610         88          0          0          0      22880   stm32f10x_tim.o
      1032         22          0          0          0       8496   stm32f10x_usart.o
       480         38          0         20          0       1847   system_stm32f10x.o
      3384        582          0       5868         64       4450   test.o
       184         14          0          6          0       1513   timer.o
       320         18          0          6        200       3222   usart.o
       512         12          0          0        304       3517   usart3.o

    ----------------------------------------------------------------------
     22068       1474       5624       6000       3200     365612   Object Totals
         0          0         32          0          0          0   (incl. Generated)
         4          0          9          4          2          0   (incl. Padding)

    ----------------------------------------------------------------------

      Code (inc. data)   RO Data    RW Data    ZI Data      Debug   Library Member Name

       100          0          0          0          0          0   __dclz77c.o
         8          0          0          0          0         68   __main.o
       104          0          0          0          0         84   __printf.o
         0          0          0          0          0          0   __rtentry.o
        12          0          0          0          0          0   __rtentry2.o
         6          0          0          0          0          0   __rtentry4.o
        52          8          0          0          0          0   __scatter.o
        28          0          0          0          0          0   __scatter_zi.o
        44          0          0          0          0        108   _printf_char.o
        48          6          0          0          0         96   _printf_char_common.o
         0          0          0          0          0          0   _printf_percent.o
         4          0          0          0          0          0   _printf_percent_end.o
         6          0          0          0          0          0   _printf_s.o
        82          0          0          0          0         80   _printf_str.o
        22          0          0          0          0        100   _rserrno.o
        16          0          0          0          0         68   _snputc.o
        10          0          0          0          0         68   _sputc.o
        16          0          0          0          0         68   aeabi_memset.o
        18          0          0          0          0         80   exit.o
         6          0          0          0          0        152   heapauxi.o
         2          0          0          0          0          0   libinit.o
         6          0          0          0          0          0   libinit2.o
         2          0          0          0          0          0   libshutdown.o
         2          0          0          0          0          0   libshutdown2.o
         8          4          0          0         96         68   libspace.o
        88          0          0          0          0         76   memcmp.o
        52          4          0          0          0         84   noretval__2snprintf.o
       112         18          0          0        228        160   rand.o
         8          4          0          0          0         68   rt_errno_addr_intlibspace.o
        68          0          0          0          0         68   rt_memclr.o
        78          0          0          0          0         80   rt_memclr_w.o
       138          0          0          0          0         68   rt_memcpy_v6.o
       100          0          0          0          0         80   rt_memcpy_w.o
         2          0          0          0          0          0   rtexit.o
        10          0          0          0          0          0   rtexit2.o
        62          0          0          0          0         76   strlen.o
        36          0          0          0          0         80   strstr.o
        74          0          0          0          0         80   sys_stackheap_outer.o
         2          0          0          0          0         68   use_no_semi.o
         2          0          0          0          0         68   use_no_semi_2.o
       826         16          0          0          0        348   daddsub_clz.o
        16          4          0          0          0         68   dcheck1.o
        24          0          0          0          0         68   dcmpi.o
       688        140          0          0          0        208   ddiv.o
       120          4          0          0          0         92   deqf.o
        90          4          0          0          0         92   dfixu.o
        84          0          0          0          0        136   dflt_clz.o
       340         12          0          0          0        104   dmul.o
       156          4          0          0          0         92   dnaninf.o
        12          0          0          0          0         68   dretinf.o
       100          0          0          0          0         68   retnan.o
        92          0          0          0          0         68   scalbn.o
        48          0          0          0          0         68   trapv.o
         0          0          0          0          0          0   usenofp.o
        34          4          0          0          0        204   dunder.o
       860         52         56          0          0        256   log.o
       228         30          0          0          0        120   log10.o
       170          0          0          0          0         96   poly.o
         0          0          8          0          0          0   qnan.o

    ----------------------------------------------------------------------
      5336        314         64          0        328       4252   Library Totals
        14          0          0          0          4          0   (incl. Padding)

    ----------------------------------------------------------------------

      Code (inc. data)   RO Data    RW Data    ZI Data      Debug   Library Name

      1434         44          0          0        324       2096   c_w.l
      2596        184          0          0          0       1480   fz_ws.l
      1292         86         64          0          0        676   m_ws.l

    ----------------------------------------------------------------------
      5336        314         64          0        328       4252   Library Totals

    ----------------------------------------------------------------------

==============================================================================


      Code (inc. data)   RO Data    RW Data    ZI Data      Debug   

     27404       1788       5688       6000       3528     365336   Grand Totals
     27404       1788       5688       3028       3528     365336   ELF Image Totals (compressed)
     27404       1788       5688       3028          0          0   ROM Totals

==============================================================================

    Total RO  Size (Code + RO Data)                33092 (  32.32kB)
    Total RW  Size (RW Data + ZI Data)              9528 (   9.30kB)
    Total ROM Size (Code + RO Data + RW Data)      36120 (  35.27kB)

==============================================================================

