<html>
<body>
<pre>
<h1>µVision Build Log</h1>
<h2>Tool Versions:</h2>
IDE-Version: ¦ÌVision V5.29.0.0
Copyright (C) 2019 ARM Ltd and ARM Germany GmbH. All rights reserved.
License Information: 123 AutoBVT, Microsoft, LIC=UB4EI-TNVKY-24MSS-LAIQ6-MW3Z1-B02PV
 
Tool Versions:
Toolchain:       MDK-ARM Professional  Version: 5.29.0.0
Toolchain Path:  D:\Program Files\Keil_v5\ARM\ARMCC\Bin
C Compiler:      Armcc.exe V5.06 update 6 (build 750)
Assembler:       Armasm.exe V5.06 update 6 (build 750)
Linker/Locator:  ArmLink.exe V5.06 update 6 (build 750)
Library Manager: ArmAr.exe V5.06 update 6 (build 750)
Hex Converter:   FromElf.exe V5.06 update 6 (build 750)
CPU DLL:         SARMCM3.DLL V5.29.0.0
Dialog DLL:      DCM.DLL V1.17.3.0
Target DLL:      STLink\ST-LINKIII-KEIL_SWO.dll V3.0.7.0
Dialog DLL:      TCM.DLL V1.36.5.0
 
<h2>Project:</h2>
E:\Design\STM32\OLED\0.96inch_OLED_Demo_STM32F103RCT6_Software_4-wire_SPI\PROJECT\OLED.uvprojx
Project File Date:  03/09/2022

<h2>Output:</h2>
*** Using Compiler 'V5.06 update 6 (build 750)', folder: 'D:\Program Files\Keil_v5\ARM\ARMCC\Bin'
Build target 'QD-OLED'
compiling USART3.c...
..\HARDWARE\USART\USART3.c(167): warning:  #167-D: argument of type "uint8 *" is incompatible with parameter of type "const char *"
      tDataLen = strlen(pAimStr);
..\HARDWARE\USART\USART3.c(194): warning:  #167-D: argument of type "uint8 *" is incompatible with parameter of type "const char *"
          if(strstr(pSrcStr,pAimStr))
..\HARDWARE\USART\USART3.c(194): warning:  #167-D: argument of type "uint8 *" is incompatible with parameter of type "const char *"
          if(strstr(pSrcStr,pAimStr))
..\HARDWARE\USART\USART3.c: 3 warnings, 0 errors
compiling main.c...
linking...
Program Size: Code=22444 RO-data=5688 RW-data=5436 ZI-data=3468  
FromELF: creating hex file...
"..\OBJ\TEST_OLED.axf" - 0 Error(s), 3 Warning(s).

<h2>Software Packages used:</h2>

Package Vendor: ARM
                http://www.keil.com/pack/ARM.CMSIS.5.6.0.pack
                ARM.CMSIS.5.6.0
                CMSIS (Cortex Microcontroller Software Interface Standard)
   * Component: CORE Version: 5.3.0

Package Vendor: Keil
                http://www.keil.com/pack/Keil.STM32F1xx_DFP.1.0.5.pack
                Keil.STM32F1xx_DFP.1.0.5
                STMicroelectronics STM32F1 Series Device Support, Drivers and Examples

<h2>Collection of Component include folders:</h2>
  .\RTE\_QD-OLED
  D:\Program Files\Keil_v5\Packs\ARM\CMSIS\5.6.0\CMSIS\Core\Include
  D:\Program Files\Keil_v5\Packs\Keil\STM32F1xx_DFP\1.0.5\Device\Include

<h2>Collection of Component Files used:</h2>

   * Component: ARM::CMSIS:CORE:5.3.0
Build Time Elapsed:  00:00:01
</pre>
</body>
</html>
